Archive member included to satisfy reference by file (symbol)

C:/Any Programs/STM32CubeIDE/STM32CubeIDE/plugins/com.st.stm32cube.ide.mcu.externaltools.gnu-tools-for-stm32.11.3.rel1.win32_1.1.1.202309131626/tools/bin/../lib/gcc/arm-none-eabi/11.3.1/../../../../arm-none-eabi/lib/thumb/v7e-m+fp/hard\libc_nano.a(libc_a-exit.o)
                              C:/Any Programs/STM32CubeIDE/STM32CubeIDE/plugins/com.st.stm32cube.ide.mcu.externaltools.gnu-tools-for-stm32.11.3.rel1.win32_1.1.1.202309131626/tools/bin/../lib/gcc/arm-none-eabi/11.3.1/../../../../arm-none-eabi/lib/thumb/v7e-m+fp/hard/crt0.o (exit)
C:/Any Programs/STM32CubeIDE/STM32CubeIDE/plugins/com.st.stm32cube.ide.mcu.externaltools.gnu-tools-for-stm32.11.3.rel1.win32_1.1.1.202309131626/tools/bin/../lib/gcc/arm-none-eabi/11.3.1/../../../../arm-none-eabi/lib/thumb/v7e-m+fp/hard\libc_nano.a(libc_a-findfp.o)
                              ./Middlewares/Third_Party/FreeRTOS/Source/tasks.o (__sf)
C:/Any Programs/STM32CubeIDE/STM32CubeIDE/plugins/com.st.stm32cube.ide.mcu.externaltools.gnu-tools-for-stm32.11.3.rel1.win32_1.1.1.202309131626/tools/bin/../lib/gcc/arm-none-eabi/11.3.1/../../../../arm-none-eabi/lib/thumb/v7e-m+fp/hard\libc_nano.a(libc_a-fwalk.o)
                              C:/Any Programs/STM32CubeIDE/STM32CubeIDE/plugins/com.st.stm32cube.ide.mcu.externaltools.gnu-tools-for-stm32.11.3.rel1.win32_1.1.1.202309131626/tools/bin/../lib/gcc/arm-none-eabi/11.3.1/../../../../arm-none-eabi/lib/thumb/v7e-m+fp/hard\libc_nano.a(libc_a-findfp.o) (_fwalk_sglue)
C:/Any Programs/STM32CubeIDE/STM32CubeIDE/plugins/com.st.stm32cube.ide.mcu.externaltools.gnu-tools-for-stm32.11.3.rel1.win32_1.1.1.202309131626/tools/bin/../lib/gcc/arm-none-eabi/11.3.1/../../../../arm-none-eabi/lib/thumb/v7e-m+fp/hard\libc_nano.a(libc_a-stdio.o)
                              C:/Any Programs/STM32CubeIDE/STM32CubeIDE/plugins/com.st.stm32cube.ide.mcu.externaltools.gnu-tools-for-stm32.11.3.rel1.win32_1.1.1.202309131626/tools/bin/../lib/gcc/arm-none-eabi/11.3.1/../../../../arm-none-eabi/lib/thumb/v7e-m+fp/hard\libc_nano.a(libc_a-findfp.o) (__sread)
C:/Any Programs/STM32CubeIDE/STM32CubeIDE/plugins/com.st.stm32cube.ide.mcu.externaltools.gnu-tools-for-stm32.11.3.rel1.win32_1.1.1.202309131626/tools/bin/../lib/gcc/arm-none-eabi/11.3.1/../../../../arm-none-eabi/lib/thumb/v7e-m+fp/hard\libc_nano.a(libc_a-memset.o)
                              C:/Any Programs/STM32CubeIDE/STM32CubeIDE/plugins/com.st.stm32cube.ide.mcu.externaltools.gnu-tools-for-stm32.11.3.rel1.win32_1.1.1.202309131626/tools/bin/../lib/gcc/arm-none-eabi/11.3.1/../../../../arm-none-eabi/lib/thumb/v7e-m+fp/hard/crt0.o (memset)
C:/Any Programs/STM32CubeIDE/STM32CubeIDE/plugins/com.st.stm32cube.ide.mcu.externaltools.gnu-tools-for-stm32.11.3.rel1.win32_1.1.1.202309131626/tools/bin/../lib/gcc/arm-none-eabi/11.3.1/../../../../arm-none-eabi/lib/thumb/v7e-m+fp/hard\libc_nano.a(libc_a-strchr.o)
                              ./Core/Src/dns.o (strchr)
C:/Any Programs/STM32CubeIDE/STM32CubeIDE/plugins/com.st.stm32cube.ide.mcu.externaltools.gnu-tools-for-stm32.11.3.rel1.win32_1.1.1.202309131626/tools/bin/../lib/gcc/arm-none-eabi/11.3.1/../../../../arm-none-eabi/lib/thumb/v7e-m+fp/hard\libc_nano.a(libc_a-strncpy.o)
                              ./Core/Src/dns.o (strncpy)
C:/Any Programs/STM32CubeIDE/STM32CubeIDE/plugins/com.st.stm32cube.ide.mcu.externaltools.gnu-tools-for-stm32.11.3.rel1.win32_1.1.1.202309131626/tools/bin/../lib/gcc/arm-none-eabi/11.3.1/../../../../arm-none-eabi/lib/thumb/v7e-m+fp/hard\libc_nano.a(libc_a-closer.o)
                              C:/Any Programs/STM32CubeIDE/STM32CubeIDE/plugins/com.st.stm32cube.ide.mcu.externaltools.gnu-tools-for-stm32.11.3.rel1.win32_1.1.1.202309131626/tools/bin/../lib/gcc/arm-none-eabi/11.3.1/../../../../arm-none-eabi/lib/thumb/v7e-m+fp/hard\libc_nano.a(libc_a-stdio.o) (_close_r)
C:/Any Programs/STM32CubeIDE/STM32CubeIDE/plugins/com.st.stm32cube.ide.mcu.externaltools.gnu-tools-for-stm32.11.3.rel1.win32_1.1.1.202309131626/tools/bin/../lib/gcc/arm-none-eabi/11.3.1/../../../../arm-none-eabi/lib/thumb/v7e-m+fp/hard\libc_nano.a(libc_a-reent.o)
                              ./Middlewares/Third_Party/FreeRTOS/Source/tasks.o (_reclaim_reent)
C:/Any Programs/STM32CubeIDE/STM32CubeIDE/plugins/com.st.stm32cube.ide.mcu.externaltools.gnu-tools-for-stm32.11.3.rel1.win32_1.1.1.202309131626/tools/bin/../lib/gcc/arm-none-eabi/11.3.1/../../../../arm-none-eabi/lib/thumb/v7e-m+fp/hard\libc_nano.a(libc_a-impure.o)
                              ./Middlewares/Third_Party/FreeRTOS/Source/tasks.o (_impure_ptr)
C:/Any Programs/STM32CubeIDE/STM32CubeIDE/plugins/com.st.stm32cube.ide.mcu.externaltools.gnu-tools-for-stm32.11.3.rel1.win32_1.1.1.202309131626/tools/bin/../lib/gcc/arm-none-eabi/11.3.1/../../../../arm-none-eabi/lib/thumb/v7e-m+fp/hard\libc_nano.a(libc_a-lseekr.o)
[...]
Memory Configuration

Name             Origin             Length             Attributes
CCMRAM           0x0000000010000000 0x0000000000010000 xrw
RAM              0x0000000020000000 0x0000000000030000 xrw
FLASH            0x0000000008000000 0x0000000000200000 xr
*default*        0x0000000000000000 0xffffffffffffffff

Linker script and memory map

LOAD C:/Any Programs/STM32CubeIDE/STM32CubeIDE/plugins/com.st.stm32cube.ide.mcu.externaltools.gnu-tools-for-stm32.11.3.rel1.win32_1.1.1.202309131626/tools/bin/../lib/gcc/arm-none-eabi/11.3.1/thumb/v7e-m+fp/hard/crti.o
LOAD C:/Any Programs/STM32CubeIDE/STM32CubeIDE/plugins/com.st.stm32cube.ide.mcu.externaltools.gnu-tools-for-stm32.11.3.rel1.win32_1.1.1.202309131626/tools/bin/../lib/gcc/arm-none-eabi/11.3.1/thumb/v7e-m+fp/hard/crtbegin.o
LOAD C:/Any Programs/STM32CubeIDE/STM32CubeIDE/plugins/com.st.stm32cube.ide.mcu.externaltools.gnu-tools-for-stm32.11.3.rel1.win32_1.1.1.202309131626/tools/bin/../lib/gcc/arm-none-eabi/11.3.1/../../../../arm-none-eabi/lib/thumb/v7e-m+fp/hard/crt0.o
LOAD ./Core/Src/dhcp.o
LOAD ./Core/Src/dns.o
LOAD ./Core/Src/freertos.o
LOAD ./Core/Src/gpio.o
LOAD ./Core/Src/init_Eth.o
LOAD ./Core/Src/main.o
LOAD ./Core/Src/socket.o
LOAD ./Core/Src/spi.o
LOAD ./Core/Src/stm32f4xx_hal_msp.o
LOAD ./Core/Src/stm32f4xx_it.o
LOAD ./Core/Src/syscalls.o
LOAD ./Core/Src/sysmem.o
LOAD ./Core/Src/system_stm32f4xx.o
LOAD ./Core/Src/w5500.o
LOAD ./Core/Src/wizchip_conf.o
LOAD ./Core/Startup/startup_stm32f429zitx.o
LOAD ./Drivers/STM32F4xx_HAL_Driver/Src/stm32f4xx_hal.o
LOAD ./Drivers/STM32F4xx_HAL_Driver/Src/stm32f4xx_hal_cortex.o
LOAD ./Drivers/STM32F4xx_HAL_Driver/Src/stm32f4xx_hal_dma.o
LOAD ./Drivers/STM32F4xx_HAL_Driver/Src/stm32f4xx_hal_dma_ex.o
LOAD ./Drivers/STM32F4xx_HAL_Driver/Src/stm32f4xx_hal_exti.o
LOAD ./Drivers/STM32F4xx_HAL_Driver/Src/stm32f4xx_hal_flash.o
LOAD ./Drivers/STM32F4xx_HAL_Driver/Src/stm32f4xx_hal_flash_ex.o
LOAD ./Drivers/STM32F4xx_HAL_Driver/Src/stm32f4xx_hal_flash_ramfunc.o
LOAD ./Drivers/STM32F4xx_HAL_Driver/Src/stm32f4xx_hal_gpio.o
LOAD ./Drivers/STM32F4xx_HAL_Driver/Src/stm32f4xx_hal_pwr.o
LOAD ./Drivers/STM32F4xx_HAL_Driver/Src/stm32f4xx_hal_pwr_ex.o
LOAD ./Drivers/STM32F4xx_HAL_Driver/Src/stm32f4xx_hal_rcc.o
LOAD ./Drivers/STM32F4xx_HAL_Driver/Src/stm32f4xx_hal_rcc_ex.o
LOAD ./Drivers/STM32F4xx_HAL_Driver/Src/stm32f4xx_hal_spi.o
LOAD ./Middlewares/Third_Party/FreeRTOS/Source/CMSIS_RTOS_V2/cmsis_os2.o
LOAD ./Middlewares/Third_Party/FreeRTOS/Source/croutine.o
LOAD ./Middlewares/Third_Party/FreeRTOS/Source/event_groups.o
LOAD ./Middlewares/Third_Party/FreeRTOS/Source/list.o
LOAD ./Middlewares/Third_Party/FreeRTOS/Source/queue.o
LOAD ./Middlewares/Third_Party/FreeRTOS/Source/stream_buffer.o
LOAD ./Middlewares/Third_Party/FreeRTOS/Source/tasks.o
LOAD ./Middlewares/Third_Party/FreeRTOS/Source/timers.o
LOAD ./Middlewares/Third_Party/FreeRTOS/Source/portable/GCC/ARM_CM4F/port.o
LOAD ./Middlewares/Third_Party/FreeRTOS/Source/portable/MemMang/heap_4.o
START GROUP
LOAD C:/Any Programs/STM32CubeIDE/STM32CubeIDE/plugins/com.st.stm32cube.ide.mcu.externaltools.gnu-tools-for-stm32.11.3.rel1.win32_1.1.1.202309131626/tools/bin/../lib/gcc/arm-none-eabi/11.3.1/../../../../arm-none-eabi/lib/thumb/v7e-m+fp/hard\libc_nano.a
LOAD C:/Any Programs/STM32CubeIDE/STM32CubeIDE/plugins/com.st.stm32cube.ide.mcu.externaltools.gnu-tools-for-stm32.11.3.rel1.win32_1.1.1.202309131626/tools/bin/../lib/gcc/arm-none-eabi/11.3.1/../../../../arm-none-eabi/lib/thumb/v7e-m+fp/hard\libm.a
END GROUP
START GROUP
LOAD C:/Any Programs/STM32CubeIDE/STM32CubeIDE/plugins/com.st.stm32cube.ide.mcu.externaltools.gnu-tools-for-stm32.11.3.rel1.win32_1.1.1.202309131626/tools/bin/../lib/gcc/arm-none-eabi/11.3.1/thumb/v7e-m+fp/hard\libgcc.a
LOAD C:/Any Programs/STM32CubeIDE/STM32CubeIDE/plugins/com.st.stm32cube.ide.mcu.externaltools.gnu-tools-for-stm32.11.3.rel1.win32_1.1.1.202309131626/tools/bin/../lib/gcc/arm-none-eabi/11.3.1/../../../../arm-none-eabi/lib/thumb/v7e-m+fp/hard\libc_nano.a
END GROUP
START GROUP
LOAD C:/Any Programs/STM32CubeIDE/STM32CubeIDE/plugins/com.st.stm32cube.ide.mcu.externaltools.gnu-tools-for-stm32.11.3.rel1.win32_1.1.1.202309131626/tools/bin/../lib/gcc/arm-none-eabi/11.3.1/thumb/v7e-m+fp/hard\libgcc.a
LOAD C:/Any Programs/STM32CubeIDE/STM32CubeIDE/plugins/com.st.stm32cube.ide.mcu.externaltools.gnu-tools-for-stm32.11.3.rel1.win32_1.1.1.202309131626/tools/bin/../lib/gcc/arm-none-eabi/11.3.1/../../../../arm-none-eabi/lib/thumb/v7e-m+fp/hard\libc_nano.a
LOAD C:/Any Programs/STM32CubeIDE/STM32CubeIDE/plugins/com.st.stm32cube.ide.mcu.externaltools.gnu-tools-for-stm32.11.3.rel1.win32_1.1.1.202309131626/tools/bin/../lib/gcc/arm-none-eabi/11.3.1/../../../../arm-none-eabi/lib/thumb/v7e-m+fp/hard\libnosys.a
END GROUP
START GROUP
LOAD C:/Any Programs/STM32CubeIDE/STM32CubeIDE/plugins/com.st.stm32cube.ide.mcu.externaltools.gnu-tools-for-stm32.11.3.rel1.win32_1.1.1.202309131626/tools/bin/../lib/gcc/arm-none-eabi/11.3.1/thumb/v7e-m+fp/hard\libgcc.a
LOAD C:/Any Programs/STM32CubeIDE/STM32CubeIDE/plugins/com.st.stm32cube.ide.mcu.externaltools.gnu-tools-for-stm32.11.3.rel1.win32_1.1.1.202309131626/tools/bin/../lib/gcc/arm-none-eabi/11.3.1/../../../../arm-none-eabi/lib/thumb/v7e-m+fp/hard\libc_nano.a
LOAD C:/Any Programs/STM32CubeIDE/STM32CubeIDE/plugins/com.st.stm32cube.ide.mcu.externaltools.gnu-tools-for-stm32.11.3.rel1.win32_1.1.1.202309131626/tools/bin/../lib/gcc/arm-none-eabi/11.3.1/../../../../arm-none-eabi/lib/thumb/v7e-m+fp/hard\libnosys.a
END GROUP
LOAD C:/Any Programs/STM32CubeIDE/STM32CubeIDE/plugins/com.st.stm32cube.ide.mcu.externaltools.gnu-tools-for-stm32.11.3.rel1.win32_1.1.1.202309131626/tools/bin/../lib/gcc/arm-none-eabi/11.3.1/thumb/v7e-m+fp/hard/crtend.o
LOAD C:/Any Programs/STM32CubeIDE/STM32CubeIDE/plugins/com.st.stm32cube.ide.mcu.externaltools.gnu-tools-for-stm32.11.3.rel1.win32_1.1.1.202309131626/tools/bin/../lib/gcc/arm-none-eabi/11.3.1/thumb/v7e-m+fp/hard/crtn.o
                0x0000000020030000                _estack = (ORIGIN (RAM) + LENGTH (RAM))
                0x0000000000000200                _Min_Heap_Size = 0x200
                0x0000000000000400                _Min_Stack_Size = 0x400

.isr_vector     0x0000000008000000      0x1ac
                0x0000000008000000                . = ALIGN (0x4)
 *(.isr_vector)
 .isr_vector    0x0000000008000000      0x1ac ./Core/Startup/startup_stm32f429zitx.o
                0x0000000008000000                g_pfnVectors
                0x00000000080001ac                . = ALIGN (0x4)

.text           0x00000000080001b0     0x8d98
                0x00000000080001b0                . = ALIGN (0x4)
 *(.text)
 .text          0x00000000080001b0       0x40 C:/Any Programs/STM32CubeIDE/STM32CubeIDE/plugins/com.st.stm32cube.ide.mcu.externaltools.gnu-tools-for-stm32.11.3.rel1.win32_1.1.1.202309131626/tools/bin/../lib/gcc/arm-none-eabi/11.3.1/thumb/v7e-m+fp/hard/crtbegin.o
 .text          0x00000000080001f0       0x10 C:/Any Programs/STM32CubeIDE/STM32CubeIDE/plugins/com.st.stm32cube.ide.mcu.externaltools.gnu-tools-for-stm32.11.3.rel1.win32_1.1.1.202309131626/tools/bin/../lib/gcc/arm-none-eabi/11.3.1/../../../../arm-none-eabi/lib/thumb/v7e-m+fp/hard\libc_nano.a(libc_a-strlen.o)
                0x00000000080001f0                strlen
 .text          0x0000000008000200       0x30 C:/Any Programs/STM32CubeIDE/STM32CubeIDE/plugins/com.st.stm32cube.ide.mcu.externaltools.gnu-tools-for-stm32.11.3.rel1.win32_1.1.1.202309131626/tools/bin/../lib/gcc/arm-none-eabi/11.3.1/thumb/v7e-m+fp/hard\libgcc.a(_aeabi_uldivmod.o)
                0x0000000008000200                __aeabi_uldivmod
 .text          0x0000000008000230      0x2c8 C:/Any Programs/STM32CubeIDE/STM32CubeIDE/plugins/com.st.stm32cube.ide.mcu.externaltools.gnu-tools-for-stm32.11.3.rel1.win32_1.1.1.202309131626/tools/bin/../lib/gcc/arm-none-eabi/11.3.1/thumb/v7e-m+fp/hard\libgcc.a(_udivmoddi4.o)
                0x0000000008000230                __udivmoddi4
 .text          0x00000000080004f8        0x4 C:/Any Programs/STM32CubeIDE/STM32CubeIDE/plugins/com.st.stm32cube.ide.mcu.externaltools.gnu-tools-for-stm32.11.3.rel1.win32_1.1.1.202309131626/tools/bin/../lib/gcc/arm-none-eabi/11.3.1/thumb/v7e-m+fp/hard\libgcc.a(_dvmd_tls.o)
                0x00000000080004f8                __aeabi_idiv0
                0x00000000080004f8                __aeabi_ldiv0
 *(.text*)
 .text.default_ip_assign
                0x00000000080004fc       0x38 ./Core/Src/dhcp.o
                0x00000000080004fc                default_ip_assign
 .text.default_ip_update
                0x0000000008000534       0x2c ./Core/Src/dhcp.o
                0x0000000008000534                default_ip_update
 .text.default_ip_conflict
                0x0000000008000560       0x28 ./Core/Src/dhcp.o
                0x0000000008000560                default_ip_conflict
 .text.reg_dhcp_cbfunc
                0x0000000008000588       0x68 ./Core/Src/dhcp.o
                0x0000000008000588                reg_dhcp_cbfunc
 .text.makeDHCPMSG
                0x00000000080005f0      0x1ec ./Core/Src/dhcp.o
                0x00000000080005f0                makeDHCPMSG
 .text.send_DHCP_DISCOVER
                0x00000000080007dc      0x38c ./Core/Src/dhcp.o
                0x00000000080007dc                send_DHCP_DISCOVER
 .text.send_DHCP_REQUEST
                0x0000000008000b68      0x514 ./Core/Src/dhcp.o
                0x0000000008000b68                send_DHCP_REQUEST
 .text.send_DHCP_DECLINE
                0x000000000800107c      0x2a4 ./Core/Src/dhcp.o
                0x000000000800107c                send_DHCP_DECLINE
 .text.parseDHCPMSG
                0x0000000008001320      0x43c ./Core/Src/dhcp.o
                0x0000000008001320                parseDHCPMSG
 .text.DHCP_run
                0x000000000800175c      0x234 ./Core/Src/dhcp.o
                0x000000000800175c                DHCP_run
 .text.check_DHCP_timeout
                0x0000000008001990       0xc0 ./Core/Src/dhcp.o
                0x0000000008001990                check_DHCP_timeout
 .text.check_DHCP_leasedIP
                0x0000000008001a50       0x7c ./Core/Src/dhcp.o
                0x0000000008001a50                check_DHCP_leasedIP
 .text.DHCP_init
                0x0000000008001acc      0x128 ./Core/Src/dhcp.o
                0x0000000008001acc                DHCP_init
 .text.reset_DHCP_timeout
                0x0000000008001bf4       0x2c ./Core/Src/dhcp.o
                0x0000000008001bf4                reset_DHCP_timeout
 .text.getIPfromDHCP
                0x0000000008001c20       0x40 ./Core/Src/dhcp.o
                0x0000000008001c20                getIPfromDHCP
 .text.getGWfromDHCP
                0x0000000008001c60       0x40 ./Core/Src/dhcp.o
                0x0000000008001c60                getGWfromDHCP
 .text.getSNfromDHCP
                0x0000000008001ca0       0x40 ./Core/Src/dhcp.o
                0x0000000008001ca0                getSNfromDHCP
 .text.getDNSfromDHCP
                0x0000000008001ce0       0x40 ./Core/Src/dhcp.o
                0x0000000008001ce0                getDNSfromDHCP
 .text.NibbleToHex
                0x0000000008001d20       0x32 ./Core/Src/dhcp.o
                0x0000000008001d20                NibbleToHex
 .text.get16    0x0000000008001d52       0x30 ./Core/Src/dns.o
                0x0000000008001d52                get16
 .text.put16    0x0000000008001d82       0x36 ./Core/Src/dns.o
                0x0000000008001d82                put16
 .text.parse_name
                0x0000000008001db8      0x10e ./Core/Src/dns.o
                0x0000000008001db8                parse_name
 .text.dns_question
                0x0000000008001ec6       0x4a ./Core/Src/dns.o
                0x0000000008001ec6                dns_question
 .text.dns_answer
                0x0000000008001f10      0x228 ./Core/Src/dns.o
                0x0000000008001f10                dns_answer
 .text.parseDNSMSG
                0x0000000008002138      0x18e ./Core/Src/dns.o
                0x0000000008002138                parseDNSMSG
 *fill*         0x00000000080022c6        0x2 
 .text.dns_makequery
                0x00000000080022c8      0x17c ./Core/Src/dns.o
                0x00000000080022c8                dns_makequery
 .text.check_DNS_timeout
                0x0000000008002444       0x4c ./Core/Src/dns.o
                0x0000000008002444                check_DNS_timeout
 .text.DNS_init
                0x0000000008002490       0x38 ./Core/Src/dns.o
                0x0000000008002490                DNS_init
 .text.DNS_run  0x00000000080024c8      0x10c ./Core/Src/dns.o
                0x00000000080024c8                DNS_run
 .text.MX_FREERTOS_Init
                0x00000000080025d4       0x24 ./Core/Src/freertos.o
                0x00000000080025d4                MX_FREERTOS_Init
 .text.StartDefaultTask
                0x00000000080025f8       0x14 ./Core/Src/freertos.o
                0x00000000080025f8                StartDefaultTask
 .text.MX_GPIO_Init
                0x000000000800260c       0x64 ./Core/Src/gpio.o
                0x000000000800260c                MX_GPIO_Init
 .text.W5500_Select
                0x0000000008002670       0x18 ./Core/Src/init_Eth.o
                0x0000000008002670                W5500_Select
 .text.W5500_Unselect
                0x0000000008002688       0x18 ./Core/Src/init_Eth.o
                0x0000000008002688                W5500_Unselect
 .text.W5500_ReadBuff
                0x00000000080026a0       0x28 ./Core/Src/init_Eth.o
                0x00000000080026a0                W5500_ReadBuff
 .text.W5500_WriteBuff
                0x00000000080026c8       0x28 ./Core/Src/init_Eth.o
                0x00000000080026c8                W5500_WriteBuff
 .text.W5500_ReadByte
                0x00000000080026f0       0x1a ./Core/Src/init_Eth.o
                0x00000000080026f0                W5500_ReadByte
 .text.W5500_WriteByte
                0x000000000800270a       0x1c ./Core/Src/init_Eth.o
                0x000000000800270a                W5500_WriteByte
 *fill*         0x0000000008002726        0x2 
 .text.Callback_IPAssigned
                0x0000000008002728       0x18 ./Core/Src/init_Eth.o
                0x0000000008002728                Callback_IPAssigned
 .text.Callback_IPConflict
                0x0000000008002740        0xe ./Core/Src/init_Eth.o
                0x0000000008002740                Callback_IPConflict
 *fill*         0x000000000800274e        0x2 
 .text.initEth  0x0000000008002750      0x26c ./Core/Src/init_Eth.o
                0x0000000008002750                initEth
 .text.main     0x00000000080029bc       0x22 ./Core/Src/main.o
                0x00000000080029bc                main
 *fill*         0x00000000080029de        0x2 
 .text.SystemClock_Config
                0x00000000080029e0       0xc0 ./Core/Src/main.o
                0x00000000080029e0                SystemClock_Config
 .text.Error_Handler
                0x0000000008002aa0        0xa ./Core/Src/main.o
                0x0000000008002aa0                Error_Handler
 *fill*         0x0000000008002aaa        0x2 
 .text.socket   0x0000000008002aac      0x228 ./Core/Src/socket.o
                0x0000000008002aac                socket
 .text.close    0x0000000008002cd4       0xdc ./Core/Src/socket.o
                0x0000000008002cd4                close
 .text.connect  0x0000000008002db0      0x1b8 ./Core/Src/socket.o
                0x0000000008002db0                connect
 .text.send     0x0000000008002f68      0x1f4 ./Core/Src/socket.o
                0x0000000008002f68                send
 .text.recv     0x000000000800315c      0x16c ./Core/Src/socket.o
                0x000000000800315c                recv
 .text.sendto   0x00000000080032c8      0x26c ./Core/Src/socket.o
                0x00000000080032c8                sendto
 .text.recvfrom
                0x0000000008003534      0x3dc ./Core/Src/socket.o
                0x0000000008003534                recvfrom
 .text.MX_SPI1_Init
                0x0000000008003910       0x6c ./Core/Src/spi.o
                0x0000000008003910                MX_SPI1_Init
 .text.HAL_SPI_MspInit
                0x000000000800397c       0xa0 ./Core/Src/spi.o
                0x000000000800397c                HAL_SPI_MspInit
 .text.HAL_MspInit
                0x0000000008003a1c       0x58 ./Core/Src/stm32f4xx_hal_msp.o
                0x0000000008003a1c                HAL_MspInit
 .text.NMI_Handler
                0x0000000008003a74        0x6 ./Core/Src/stm32f4xx_it.o
                0x0000000008003a74                NMI_Handler
 .text.HardFault_Handler
                0x0000000008003a7a        0x6 ./Core/Src/stm32f4xx_it.o
                0x0000000008003a7a                HardFault_Handler
 .text.MemManage_Handler
                0x0000000008003a80        0x6 ./Core/Src/stm32f4xx_it.o
                0x0000000008003a80                MemManage_Handler
 .text.BusFault_Handler
                0x0000000008003a86        0x6 ./Core/Src/stm32f4xx_it.o
                0x0000000008003a86                BusFault_Handler
 .text.UsageFault_Handler
                0x0000000008003a8c        0x6 ./Core/Src/stm32f4xx_it.o
                0x0000000008003a8c                UsageFault_Handler
 .text.DebugMon_Handler
                0x0000000008003a92        0xe ./Core/Src/stm32f4xx_it.o
                0x0000000008003a92                DebugMon_Handler
 .text.SysTick_Handler
                0x0000000008003aa0       0x1a ./Core/Src/stm32f4xx_it.o
                0x0000000008003aa0                SysTick_Handler
 *fill*         0x0000000008003aba        0x2 
 .text.SPI1_IRQHandler
                0x0000000008003abc       0x14 ./Core/Src/stm32f4xx_it.o
                0x0000000008003abc                SPI1_IRQHandler
 .text.SystemInit
                0x0000000008003ad0       0x24 ./Core/Src/system_stm32f4xx.o
                0x0000000008003ad0                SystemInit
 .text.WIZCHIP_READ
                0x0000000008003af4       0x98 ./Core/Src/w5500.o
                0x0000000008003af4                WIZCHIP_READ
 .text.WIZCHIP_WRITE
                0x0000000008003b8c       0x9c ./Core/Src/w5500.o
                0x0000000008003b8c                WIZCHIP_WRITE
 .text.WIZCHIP_READ_BUF
                0x0000000008003c28       0xc0 ./Core/Src/w5500.o
                0x0000000008003c28                WIZCHIP_READ_BUF
 .text.WIZCHIP_WRITE_BUF
                0x0000000008003ce8       0xc0 ./Core/Src/w5500.o
                0x0000000008003ce8                WIZCHIP_WRITE_BUF
 .text.getSn_TX_FSR
                0x0000000008003da8       0x96 ./Core/Src/w5500.o
                0x0000000008003da8                getSn_TX_FSR
 .text.getSn_RX_RSR
                0x0000000008003e3e       0x96 ./Core/Src/w5500.o
                0x0000000008003e3e                getSn_RX_RSR
 .text.wiz_send_data
                0x0000000008003ed4       0xb8 ./Core/Src/w5500.o
                0x0000000008003ed4                wiz_send_data
 .text.wiz_recv_data
                0x0000000008003f8c       0xb8 ./Core/Src/w5500.o
                0x0000000008003f8c                wiz_recv_data
 .text.wiz_recv_ignore
                0x0000000008004044       0x90 ./Core/Src/w5500.o
                0x0000000008004044                wiz_recv_ignore
 .text.wizchip_cris_enter
                0x00000000080040d4        0xe ./Core/Src/wizchip_conf.o
                0x00000000080040d4                wizchip_cris_enter
 .text.wizchip_cris_exit
                0x00000000080040e2        0xe ./Core/Src/wizchip_conf.o
                0x00000000080040e2                wizchip_cris_exit
 .text.wizchip_cs_select
                0x00000000080040f0        0xe ./Core/Src/wizchip_conf.o
                0x00000000080040f0                wizchip_cs_select
 .text.wizchip_cs_deselect
                0x00000000080040fe        0xe ./Core/Src/wizchip_conf.o
                0x00000000080040fe                wizchip_cs_deselect
 .text.wizchip_bus_readdata
                0x000000000800410c       0x1a ./Core/Src/wizchip_conf.o
                0x000000000800410c                wizchip_bus_readdata
 .text.wizchip_bus_writedata
                0x0000000008004126       0x1e ./Core/Src/wizchip_conf.o
                0x0000000008004126                wizchip_bus_writedata
 .text.wizchip_spi_readbyte
                0x0000000008004144       0x10 ./Core/Src/wizchip_conf.o
                0x0000000008004144                wizchip_spi_readbyte
 .text.wizchip_spi_writebyte
                0x0000000008004154       0x16 ./Core/Src/wizchip_conf.o
                0x0000000008004154                wizchip_spi_writebyte
 .text.wizchip_spi_readburst
                0x000000000800416a       0x18 ./Core/Src/wizchip_conf.o
                0x000000000800416a                wizchip_spi_readburst
 .text.wizchip_spi_writeburst
                0x0000000008004182       0x18 ./Core/Src/wizchip_conf.o
                0x0000000008004182                wizchip_spi_writeburst
 *fill*         0x000000000800419a        0x2 
 .text.reg_wizchip_cs_cbfunc
                0x000000000800419c       0x4c ./Core/Src/wizchip_conf.o
                0x000000000800419c                reg_wizchip_cs_cbfunc
 .text.reg_wizchip_spi_cbfunc
                0x00000000080041e8       0x58 ./Core/Src/wizchip_conf.o
                0x00000000080041e8                reg_wizchip_spi_cbfunc
 .text.reg_wizchip_spiburst_cbfunc
                0x0000000008004240       0x58 ./Core/Src/wizchip_conf.o
                0x0000000008004240                reg_wizchip_spiburst_cbfunc
 .text.wizchip_sw_reset
                0x0000000008004298       0x98 ./Core/Src/wizchip_conf.o
                0x0000000008004298                wizchip_sw_reset
 .text.wizchip_init
                0x0000000008004330      0x118 ./Core/Src/wizchip_conf.o
                0x0000000008004330                wizchip_init
 .text.wizchip_setnetinfo
                0x0000000008004448       0x80 ./Core/Src/wizchip_conf.o
                0x0000000008004448                wizchip_setnetinfo
 .text.Reset_Handler
                0x00000000080044c8       0x50 ./Core/Startup/startup_stm32f429zitx.o
                0x00000000080044c8                Reset_Handler
 .text.Default_Handler
                0x0000000008004518        0x2 ./Core/Startup/startup_stm32f429zitx.o
                0x0000000008004518                RTC_Alarm_IRQHandler
                0x0000000008004518                HASH_RNG_IRQHandler
                0x0000000008004518                EXTI2_IRQHandler
                0x0000000008004518                TIM8_CC_IRQHandler
                0x0000000008004518                UART8_IRQHandler
                0x0000000008004518                SPI4_IRQHandler
                0x0000000008004518                TIM1_CC_IRQHandler
                0x0000000008004518                DMA2_Stream5_IRQHandler
                0x0000000008004518                DMA1_Stream5_IRQHandler
                0x0000000008004518                PVD_IRQHandler
                0x0000000008004518                SDIO_IRQHandler
                0x0000000008004518                TAMP_STAMP_IRQHandler
                0x0000000008004518                CAN2_RX1_IRQHandler
                0x0000000008004518                EXTI3_IRQHandler
                0x0000000008004518                TIM8_TRG_COM_TIM14_IRQHandler
                0x0000000008004518                TIM1_UP_TIM10_IRQHandler
                0x0000000008004518                TIM8_UP_TIM13_IRQHandler
                0x0000000008004518                I2C3_ER_IRQHandler
                0x0000000008004518                EXTI0_IRQHandler
                0x0000000008004518                I2C2_EV_IRQHandler
                0x0000000008004518                DMA1_Stream2_IRQHandler
                0x0000000008004518                CAN1_RX0_IRQHandler
                0x0000000008004518                FPU_IRQHandler
                0x0000000008004518                OTG_HS_WKUP_IRQHandler
                0x0000000008004518                LTDC_ER_IRQHandler
                0x0000000008004518                CAN2_SCE_IRQHandler
                0x0000000008004518                DMA2_Stream2_IRQHandler
                0x0000000008004518                TIM6_DAC_IRQHandler
                0x0000000008004518                TIM1_BRK_TIM9_IRQHandler
                0x0000000008004518                DCMI_IRQHandler
                0x0000000008004518                CAN2_RX0_IRQHandler
                0x0000000008004518                DMA2_Stream3_IRQHandler
                0x0000000008004518                USART6_IRQHandler
                0x0000000008004518                USART3_IRQHandler
                0x0000000008004518                CAN1_RX1_IRQHandler
                0x0000000008004518                UART5_IRQHandler
                0x0000000008004518                DMA2_Stream0_IRQHandler
                0x0000000008004518                TIM4_IRQHandler
                0x0000000008004518                I2C1_EV_IRQHandler
                0x0000000008004518                DMA1_Stream6_IRQHandler
                0x0000000008004518                DMA1_Stream1_IRQHandler
                0x0000000008004518                UART4_IRQHandler
                0x0000000008004518                TIM3_IRQHandler
                0x0000000008004518                RCC_IRQHandler
                0x0000000008004518                TIM8_BRK_TIM12_IRQHandler
                0x0000000008004518                Default_Handler
                0x0000000008004518                EXTI15_10_IRQHandler
                0x0000000008004518                ADC_IRQHandler
                0x0000000008004518                DMA1_Stream7_IRQHandler
                0x0000000008004518                SPI5_IRQHandler
                0x0000000008004518                TIM7_IRQHandler
                0x0000000008004518                CAN2_TX_IRQHandler
                0x0000000008004518                TIM5_IRQHandler
                0x0000000008004518                DMA2_Stream7_IRQHandler
                0x0000000008004518                I2C3_EV_IRQHandler
                0x0000000008004518                EXTI9_5_IRQHandler
                0x0000000008004518                RTC_WKUP_IRQHandler
                0x0000000008004518                LTDC_IRQHandler
                0x0000000008004518                ETH_WKUP_IRQHandler
                0x0000000008004518                SPI2_IRQHandler
                0x0000000008004518                OTG_HS_EP1_IN_IRQHandler
                0x0000000008004518                DMA1_Stream0_IRQHandler
                0x0000000008004518                CAN1_TX_IRQHandler
                0x0000000008004518                EXTI4_IRQHandler
                0x0000000008004518                ETH_IRQHandler
                0x0000000008004518                OTG_HS_EP1_OUT_IRQHandler
                0x0000000008004518                WWDG_IRQHandler
                0x0000000008004518                SPI6_IRQHandler
                0x0000000008004518                TIM2_IRQHandler
                0x0000000008004518                OTG_FS_WKUP_IRQHandler
                0x0000000008004518                TIM1_TRG_COM_TIM11_IRQHandler
                0x0000000008004518                OTG_HS_IRQHandler
                0x0000000008004518                DMA2D_IRQHandler
                0x0000000008004518                EXTI1_IRQHandler
                0x0000000008004518                UART7_IRQHandler
                0x0000000008004518                USART2_IRQHandler
                0x0000000008004518                I2C2_ER_IRQHandler
                0x0000000008004518                DMA2_Stream1_IRQHandler
                0x0000000008004518                CAN1_SCE_IRQHandler
                0x0000000008004518                FLASH_IRQHandler
                0x0000000008004518                DMA2_Stream4_IRQHandler
                0x0000000008004518                USART1_IRQHandler
                0x0000000008004518                OTG_FS_IRQHandler
                0x0000000008004518                SPI3_IRQHandler
                0x0000000008004518                DMA1_Stream4_IRQHandler
                0x0000000008004518                I2C1_ER_IRQHandler
                0x0000000008004518                FMC_IRQHandler
                0x0000000008004518                DMA2_Stream6_IRQHandler
                0x0000000008004518                SAI1_IRQHandler
                0x0000000008004518                DMA1_Stream3_IRQHandler
 *fill*         0x000000000800451a        0x2 
 .text.HAL_Init
                0x000000000800451c       0x44 ./Drivers/STM32F4xx_HAL_Driver/Src/stm32f4xx_hal.o
                0x000000000800451c                HAL_Init
 .text.HAL_InitTick
                0x0000000008004560       0x60 ./Drivers/STM32F4xx_HAL_Driver/Src/stm32f4xx_hal.o
                0x0000000008004560                HAL_InitTick
 .text.HAL_IncTick
                0x00000000080045c0       0x28 ./Drivers/STM32F4xx_HAL_Driver/Src/stm32f4xx_hal.o
                0x00000000080045c0                HAL_IncTick
 .text.HAL_GetTick
                0x00000000080045e8       0x18 ./Drivers/STM32F4xx_HAL_Driver/Src/stm32f4xx_hal.o
                0x00000000080045e8                HAL_GetTick
 .text.__NVIC_SetPriorityGrouping
                0x0000000008004600       0x48 ./Drivers/STM32F4xx_HAL_Driver/Src/stm32f4xx_hal_cortex.o
 .text.__NVIC_GetPriorityGrouping
                0x0000000008004648       0x1c ./Drivers/STM32F4xx_HAL_Driver/Src/stm32f4xx_hal_cortex.o
 .text.__NVIC_EnableIRQ
                0x0000000008004664       0x3c ./Drivers/STM32F4xx_HAL_Driver/Src/stm32f4xx_hal_cortex.o
 .text.__NVIC_SetPriority
                0x00000000080046a0       0x54 ./Drivers/STM32F4xx_HAL_Driver/Src/stm32f4xx_hal_cortex.o
 .text.NVIC_EncodePriority
                0x00000000080046f4       0x66 ./Drivers/STM32F4xx_HAL_Driver/Src/stm32f4xx_hal_cortex.o
 *fill*         0x000000000800475a        0x2 
 .text.SysTick_Config
                0x000000000800475c       0x44 ./Drivers/STM32F4xx_HAL_Driver/Src/stm32f4xx_hal_cortex.o
 .text.HAL_NVIC_SetPriorityGrouping
                0x00000000080047a0       0x16 ./Drivers/STM32F4xx_HAL_Driver/Src/stm32f4xx_hal_cortex.o
                0x00000000080047a0                HAL_NVIC_SetPriorityGrouping
 .text.HAL_NVIC_SetPriority
                0x00000000080047b6       0x38 ./Drivers/STM32F4xx_HAL_Driver/Src/stm32f4xx_hal_cortex.o
                0x00000000080047b6                HAL_NVIC_SetPriority
 .text.HAL_NVIC_EnableIRQ
                0x00000000080047ee       0x1c ./Drivers/STM32F4xx_HAL_Driver/Src/stm32f4xx_hal_cortex.o
                0x00000000080047ee                HAL_NVIC_EnableIRQ
 .text.HAL_SYSTICK_Config
                0x000000000800480a       0x18 ./Drivers/STM32F4xx_HAL_Driver/Src/stm32f4xx_hal_cortex.o
                0x000000000800480a                HAL_SYSTICK_Config
 .text.HAL_DMA_Abort_IT
                0x0000000008004822       0x44 ./Drivers/STM32F4xx_HAL_Driver/Src/stm32f4xx_hal_dma.o
                0x0000000008004822                HAL_DMA_Abort_IT
 *fill*         0x0000000008004866        0x2 
 .text.HAL_GPIO_Init
                0x0000000008004868      0x358 ./Drivers/STM32F4xx_HAL_Driver/Src/stm32f4xx_hal_gpio.o
                0x0000000008004868                HAL_GPIO_Init
 .text.HAL_GPIO_WritePin
                0x0000000008004bc0       0x32 ./Drivers/STM32F4xx_HAL_Driver/Src/stm32f4xx_hal_gpio.o
                0x0000000008004bc0                HAL_GPIO_WritePin
 *fill*         0x0000000008004bf2        0x2 
 .text.HAL_RCC_OscConfig
                0x0000000008004bf4      0x4f0 ./Drivers/STM32F4xx_HAL_Driver/Src/stm32f4xx_hal_rcc.o
                0x0000000008004bf4                HAL_RCC_OscConfig
 .text.HAL_RCC_ClockConfig
                0x00000000080050e4      0x1cc ./Drivers/STM32F4xx_HAL_Driver/Src/stm32f4xx_hal_rcc.o
                0x00000000080050e4                HAL_RCC_ClockConfig
 .text.HAL_RCC_GetSysClockFreq
                0x00000000080052b0      0x18c ./Drivers/STM32F4xx_HAL_Driver/Src/stm32f4xx_hal_rcc.o
                0x00000000080052b0                HAL_RCC_GetSysClockFreq
 .text.HAL_SPI_Init
                0x000000000800543c      0x112 ./Drivers/STM32F4xx_HAL_Driver/Src/stm32f4xx_hal_spi.o
                0x000000000800543c                HAL_SPI_Init
 .text.HAL_SPI_Transmit
                0x000000000800554e      0x278 ./Drivers/STM32F4xx_HAL_Driver/Src/stm32f4xx_hal_spi.o
                0x000000000800554e                HAL_SPI_Transmit
 .text.HAL_SPI_Receive
                0x00000000080057c6      0x222 ./Drivers/STM32F4xx_HAL_Driver/Src/stm32f4xx_hal_spi.o
                0x00000000080057c6                HAL_SPI_Receive
 .text.HAL_SPI_TransmitReceive
                0x00000000080059e8      0x344 ./Drivers/STM32F4xx_HAL_Driver/Src/stm32f4xx_hal_spi.o
                0x00000000080059e8                HAL_SPI_TransmitReceive
 .text.HAL_SPI_IRQHandler
                0x0000000008005d2c      0x1e8 ./Drivers/STM32F4xx_HAL_Driver/Src/stm32f4xx_hal_spi.o
                0x0000000008005d2c                HAL_SPI_IRQHandler
 .text.HAL_SPI_ErrorCallback
                0x0000000008005f14       0x14 ./Drivers/STM32F4xx_HAL_Driver/Src/stm32f4xx_hal_spi.o
                0x0000000008005f14                HAL_SPI_ErrorCallback
 .text.SPI_DMAAbortOnError
                0x0000000008005f28       0x28 ./Drivers/STM32F4xx_HAL_Driver/Src/stm32f4xx_hal_spi.o
 .text.SPI_WaitFlagStateUntilTimeout
                0x0000000008005f50      0x110 ./Drivers/STM32F4xx_HAL_Driver/Src/stm32f4xx_hal_spi.o
 .text.SPI_EndRxTransaction
                0x0000000008006060       0xca ./Drivers/STM32F4xx_HAL_Driver/Src/stm32f4xx_hal_spi.o
 *fill*         0x000000000800612a        0x2 
 .text.SPI_EndRxTxTransaction
                0x000000000800612c       0x84 ./Drivers/STM32F4xx_HAL_Driver/Src/stm32f4xx_hal_spi.o
 .text.__NVIC_SetPriority
                0x00000000080061b0       0x54 ./Middlewares/Third_Party/FreeRTOS/Source/CMSIS_RTOS_V2/cmsis_os2.o
 .text.SVC_Setup
                0x0000000008006204       0x12 ./Middlewares/Third_Party/FreeRTOS/Source/CMSIS_RTOS_V2/cmsis_os2.o
 *fill*         0x0000000008006216        0x2 
 .text.osKernelInitialize
                0x0000000008006218       0x48 ./Middlewares/Third_Party/FreeRTOS/Source/CMSIS_RTOS_V2/cmsis_os2.o
                0x0000000008006218                osKernelInitialize
 .text.osKernelStart
                0x0000000008006260       0x4c ./Middlewares/Third_Party/FreeRTOS/Source/CMSIS_RTOS_V2/cmsis_os2.o
                0x0000000008006260                osKernelStart
 .text.osThreadNew
                0x00000000080062ac      0x124 ./Middlewares/Third_Party/FreeRTOS/Source/CMSIS_RTOS_V2/cmsis_os2.o
                0x00000000080062ac                osThreadNew
 .text.osDelay  0x00000000080063d0       0x36 ./Middlewares/Third_Party/FreeRTOS/Source/CMSIS_RTOS_V2/cmsis_os2.o
                0x00000000080063d0                osDelay
 *fill*         0x0000000008006406        0x2 
 .text.vApplicationGetIdleTaskMemory
                0x0000000008006408       0x34 ./Middlewares/Third_Party/FreeRTOS/Source/CMSIS_RTOS_V2/cmsis_os2.o
                0x0000000008006408                vApplicationGetIdleTaskMemory
 .text.vApplicationGetTimerTaskMemory
                0x000000000800643c       0x34 ./Middlewares/Third_Party/FreeRTOS/Source/CMSIS_RTOS_V2/cmsis_os2.o
                0x000000000800643c                vApplicationGetTimerTaskMemory
 .text.vListInitialise
                0x0000000008006470       0x40 ./Middlewares/Third_Party/FreeRTOS/Source/list.o
                0x0000000008006470                vListInitialise
 .text.vListInitialiseItem
                0x00000000080064b0       0x1a ./Middlewares/Third_Party/FreeRTOS/Source/list.o
                0x00000000080064b0                vListInitialiseItem
 .text.vListInsertEnd
                0x00000000080064ca       0x48 ./Middlewares/Third_Party/FreeRTOS/Source/list.o
                0x00000000080064ca                vListInsertEnd
 .text.vListInsert
                0x0000000008006512       0x72 ./Middlewares/Third_Party/FreeRTOS/Source/list.o
                0x0000000008006512                vListInsert
 .text.uxListRemove
                0x0000000008006584       0x54 ./Middlewares/Third_Party/FreeRTOS/Source/list.o
                0x0000000008006584                uxListRemove
 .text.xQueueGenericReset
                0x00000000080065d8       0xd0 ./Middlewares/Third_Party/FreeRTOS/Source/queue.o
                0x00000000080065d8                xQueueGenericReset
 .text.xQueueGenericCreateStatic
                0x00000000080066a8       0xf0 ./Middlewares/Third_Party/FreeRTOS/Source/queue.o
                0x00000000080066a8                xQueueGenericCreateStatic
 .text.prvInitialiseNewQueue
                0x0000000008006798       0x46 ./Middlewares/Third_Party/FreeRTOS/Source/queue.o
 *fill*         0x00000000080067de        0x2 
 .text.xQueueGenericSend
                0x00000000080067e0      0x1fc ./Middlewares/Third_Party/FreeRTOS/Source/queue.o
                0x00000000080067e0                xQueueGenericSend
 .text.xQueueGenericSendFromISR
                0x00000000080069dc      0x136 ./Middlewares/Third_Party/FreeRTOS/Source/queue.o
                0x00000000080069dc                xQueueGenericSendFromISR
 *fill*         0x0000000008006b12        0x2 
 .text.xQueueReceive
                0x0000000008006b14      0x1c0 ./Middlewares/Third_Party/FreeRTOS/Source/queue.o
                0x0000000008006b14                xQueueReceive
 .text.prvCopyDataToQueue
                0x0000000008006cd4       0xd4 ./Middlewares/Third_Party/FreeRTOS/Source/queue.o
 .text.prvCopyDataFromQueue
                0x0000000008006da8       0x4c ./Middlewares/Third_Party/FreeRTOS/Source/queue.o
 .text.prvUnlockQueue
                0x0000000008006df4       0xa4 ./Middlewares/Third_Party/FreeRTOS/Source/queue.o
 .text.prvIsQueueEmpty
                0x0000000008006e98       0x2c ./Middlewares/Third_Party/FreeRTOS/Source/queue.o
 .text.prvIsQueueFull
                0x0000000008006ec4       0x30 ./Middlewares/Third_Party/FreeRTOS/Source/queue.o
 .text.vQueueAddToRegistry
                0x0000000008006ef4       0x54 ./Middlewares/Third_Party/FreeRTOS/Source/queue.o
                0x0000000008006ef4                vQueueAddToRegistry
 .text.vQueueWaitForMessageRestricted
                0x0000000008006f48       0x68 ./Middlewares/Third_Party/FreeRTOS/Source/queue.o
                0x0000000008006f48                vQueueWaitForMessageRestricted
 .text.xTaskCreateStatic
                0x0000000008006fb0       0xba ./Middlewares/Third_Party/FreeRTOS/Source/tasks.o
                0x0000000008006fb0                xTaskCreateStatic
 .text.xTaskCreate
                0x000000000800706a       0x8a ./Middlewares/Third_Party/FreeRTOS/Source/tasks.o
                0x000000000800706a                xTaskCreate
 .text.prvInitialiseNewTask
                0x00000000080070f4      0x14c ./Middlewares/Third_Party/FreeRTOS/Source/tasks.o
 .text.prvAddNewTaskToReadyList
                0x0000000008007240       0xe0 ./Middlewares/Third_Party/FreeRTOS/Source/tasks.o
 .text.vTaskDelay
                0x0000000008007320       0x68 ./Middlewares/Third_Party/FreeRTOS/Source/tasks.o
                0x0000000008007320                vTaskDelay
 .text.vTaskStartScheduler
                0x0000000008007388       0xe0 ./Middlewares/Third_Party/FreeRTOS/Source/tasks.o
                0x0000000008007388                vTaskStartScheduler
 .text.vTaskSuspendAll
                0x0000000008007468       0x1c ./Middlewares/Third_Party/FreeRTOS/Source/tasks.o
                0x0000000008007468                vTaskSuspendAll
 .text.xTaskResumeAll
                0x0000000008007484      0x13c ./Middlewares/Third_Party/FreeRTOS/Source/tasks.o
                0x0000000008007484                xTaskResumeAll
 .text.xTaskGetTickCount
                0x00000000080075c0       0x20 ./Middlewares/Third_Party/FreeRTOS/Source/tasks.o
                0x00000000080075c0                xTaskGetTickCount
 .text.xTaskIncrementTick
                0x00000000080075e0      0x174 ./Middlewares/Third_Party/FreeRTOS/Source/tasks.o
                0x00000000080075e0                xTaskIncrementTick
 .text.vTaskSwitchContext
                0x0000000008007754       0xc8 ./Middlewares/Third_Party/FreeRTOS/Source/tasks.o
                0x0000000008007754                vTaskSwitchContext
 .text.vTaskPlaceOnEventList
                0x000000000800781c       0x48 ./Middlewares/Third_Party/FreeRTOS/Source/tasks.o
                0x000000000800781c                vTaskPlaceOnEventList
 .text.vTaskPlaceOnEventListRestricted
                0x0000000008007864       0x58 ./Middlewares/Third_Party/FreeRTOS/Source/tasks.o
                0x0000000008007864                vTaskPlaceOnEventListRestricted
 .text.xTaskRemoveFromEventList
                0x00000000080078bc       0xc8 ./Middlewares/Third_Party/FreeRTOS/Source/tasks.o
                0x00000000080078bc                xTaskRemoveFromEventList
 .text.vTaskInternalSetTimeOutState
                0x0000000008007984       0x2c ./Middlewares/Third_Party/FreeRTOS/Source/tasks.o
                0x0000000008007984                vTaskInternalSetTimeOutState
 .text.xTaskCheckForTimeOut
                0x00000000080079b0       0xc4 ./Middlewares/Third_Party/FreeRTOS/Source/tasks.o
                0x00000000080079b0                xTaskCheckForTimeOut
 .text.vTaskMissedYield
                0x0000000008007a74       0x18 ./Middlewares/Third_Party/FreeRTOS/Source/tasks.o
                0x0000000008007a74                vTaskMissedYield
 .text.prvIdleTask
                0x0000000008007a8c       0x30 ./Middlewares/Third_Party/FreeRTOS/Source/tasks.o
 .text.prvInitialiseTaskLists
                0x0000000008007abc       0x80 ./Middlewares/Third_Party/FreeRTOS/Source/tasks.o
 .text.prvCheckTasksWaitingTermination
                0x0000000008007b3c       0x5c ./Middlewares/Third_Party/FreeRTOS/Source/tasks.o
 .text.prvDeleteTCB
                0x0000000008007b98       0x68 ./Middlewares/Third_Party/FreeRTOS/Source/tasks.o
 .text.prvResetNextTaskUnblockTime
                0x0000000008007c00       0x40 ./Middlewares/Third_Party/FreeRTOS/Source/tasks.o
 .text.xTaskGetSchedulerState
                0x0000000008007c40       0x3c ./Middlewares/Third_Party/FreeRTOS/Source/tasks.o
                0x0000000008007c40                xTaskGetSchedulerState
 .text.xTaskPriorityDisinherit
                0x0000000008007c7c       0xdc ./Middlewares/Third_Party/FreeRTOS/Source/tasks.o
                0x0000000008007c7c                xTaskPriorityDisinherit
 .text.prvAddCurrentTaskToDelayedList
                0x0000000008007d58       0xa8 ./Middlewares/Third_Party/FreeRTOS/Source/tasks.o
 .text.xTimerCreateTimerTask
                0x0000000008007e00       0x90 ./Middlewares/Third_Party/FreeRTOS/Source/timers.o
                0x0000000008007e00                xTimerCreateTimerTask
 .text.xTimerGenericCommand
                0x0000000008007e90       0x9c ./Middlewares/Third_Party/FreeRTOS/Source/timers.o
                0x0000000008007e90                xTimerGenericCommand
 .text.prvProcessExpiredTimer
                0x0000000008007f2c       0x98 ./Middlewares/Third_Party/FreeRTOS/Source/timers.o
 .text.prvTimerTask
                0x0000000008007fc4       0x24 ./Middlewares/Third_Party/FreeRTOS/Source/timers.o
 .text.prvProcessTimerOrBlockTask
                0x0000000008007fe8       0x9c ./Middlewares/Third_Party/FreeRTOS/Source/timers.o
 .text.prvGetNextExpireTime
                0x0000000008008084       0x48 ./Middlewares/Third_Party/FreeRTOS/Source/timers.o
 .text.prvSampleTimeNow
                0x00000000080080cc       0x40 ./Middlewares/Third_Party/FreeRTOS/Source/timers.o
 .text.prvInsertTimerInActiveList
                0x000000000800810c       0x84 ./Middlewares/Third_Party/FreeRTOS/Source/timers.o
 .text.prvProcessReceivedCommands
                0x0000000008008190      0x1c4 ./Middlewares/Third_Party/FreeRTOS/Source/timers.o
 .text.prvSwitchTimerLists
                0x0000000008008354       0xc8 ./Middlewares/Third_Party/FreeRTOS/Source/timers.o
 .text.prvCheckForValidListAndQueue
                0x000000000800841c       0x80 ./Middlewares/Third_Party/FreeRTOS/Source/timers.o
 .text.pxPortInitialiseStack
                0x000000000800849c       0x68 ./Middlewares/Third_Party/FreeRTOS/Source/portable/GCC/ARM_CM4F/port.o
                0x000000000800849c                pxPortInitialiseStack
 .text.prvTaskExitError
                0x0000000008008504       0x58 ./Middlewares/Third_Party/FreeRTOS/Source/portable/GCC/ARM_CM4F/port.o
 *fill*         0x000000000800855c        0x4 
 .text.SVC_Handler
                0x0000000008008560       0x28 ./Middlewares/Third_Party/FreeRTOS/Source/portable/GCC/ARM_CM4F/port.o
                0x0000000008008560                SVC_Handler
 .text.prvPortStartFirstTask
                0x0000000008008588       0x28 ./Middlewares/Third_Party/FreeRTOS/Source/portable/GCC/ARM_CM4F/port.o
 .text.xPortStartScheduler
                0x00000000080085b0      0x144 ./Middlewares/Third_Party/FreeRTOS/Source/portable/GCC/ARM_CM4F/port.o
                0x00000000080085b0                xPortStartScheduler
 .text.vPortEnterCritical
                0x00000000080086f4       0x60 ./Middlewares/Third_Party/FreeRTOS/Source/portable/GCC/ARM_CM4F/port.o
                0x00000000080086f4                vPortEnterCritical
 .text.vPortExitCritical
                0x0000000008008754       0x54 ./Middlewares/Third_Party/FreeRTOS/Source/portable/GCC/ARM_CM4F/port.o
                0x0000000008008754                vPortExitCritical
 *fill*         0x00000000080087a8        0x8 
 .text.PendSV_Handler
                0x00000000080087b0       0x68 ./Middlewares/Third_Party/FreeRTOS/Source/portable/GCC/ARM_CM4F/port.o
                0x00000000080087b0                PendSV_Handler
 .text.xPortSysTickHandler
                0x0000000008008818       0x44 ./Middlewares/Third_Party/FreeRTOS/Source/portable/GCC/ARM_CM4F/port.o
                0x0000000008008818                xPortSysTickHandler
 .text.vPortSetupTimerInterrupt
                0x000000000800885c       0x48 ./Middlewares/Third_Party/FreeRTOS/Source/portable/GCC/ARM_CM4F/port.o
                0x000000000800885c                vPortSetupTimerInterrupt
 .text.vPortEnableVFP
                0x00000000080088a4       0x14 ./Middlewares/Third_Party/FreeRTOS/Source/portable/GCC/ARM_CM4F/port.o
 .text.vPortValidateInterruptPriority
                0x00000000080088b8       0x80 ./Middlewares/Third_Party/FreeRTOS/Source/portable/GCC/ARM_CM4F/port.o
                0x00000000080088b8                vPortValidateInterruptPriority
 .text.pvPortMalloc
                0x0000000008008938      0x198 ./Middlewares/Third_Party/FreeRTOS/Source/portable/MemMang/heap_4.o
                0x0000000008008938                pvPortMalloc
 .text.vPortFree
                0x0000000008008ad0       0xc4 ./Middlewares/Third_Party/FreeRTOS/Source/portable/MemMang/heap_4.o
                0x0000000008008ad0                vPortFree
 .text.prvHeapInit
                0x0000000008008b94       0xc4 ./Middlewares/Third_Party/FreeRTOS/Source/portable/MemMang/heap_4.o
 .text.prvInsertBlockIntoFreeList
                0x0000000008008c58       0xb4 ./Middlewares/Third_Party/FreeRTOS/Source/portable/MemMang/heap_4.o
 .text.memset   0x0000000008008d0c       0x10 C:/Any Programs/STM32CubeIDE/STM32CubeIDE/plugins/com.st.stm32cube.ide.mcu.externaltools.gnu-tools-for-stm32.11.3.rel1.win32_1.1.1.202309131626/tools/bin/../lib/gcc/arm-none-eabi/11.3.1/../../../../arm-none-eabi/lib/thumb/v7e-m+fp/hard\libc_nano.a(libc_a-memset.o)
                0x0000000008008d0c                memset
 .text.strchr   0x0000000008008d1c       0x1a C:/Any Programs/STM32CubeIDE/STM32CubeIDE/plugins/com.st.stm32cube.ide.mcu.externaltools.gnu-tools-for-stm32.11.3.rel1.win32_1.1.1.202309131626/tools/bin/../lib/gcc/arm-none-eabi/11.3.1/../../../../arm-none-eabi/lib/thumb/v7e-m+fp/hard\libc_nano.a(libc_a-strchr.o)
                0x0000000008008d1c                strchr
 .text.strncpy  0x0000000008008d36       0x26 C:/Any Programs/STM32CubeIDE/STM32CubeIDE/plugins/com.st.stm32cube.ide.mcu.externaltools.gnu-tools-for-stm32.11.3.rel1.win32_1.1.1.202309131626/tools/bin/../lib/gcc/arm-none-eabi/11.3.1/../../../../arm-none-eabi/lib/thumb/v7e-m+fp/hard\libc_nano.a(libc_a-strncpy.o)
                0x0000000008008d36                strncpy
 .text._reclaim_reent
                0x0000000008008d5c       0xac C:/Any Programs/STM32CubeIDE/STM32CubeIDE/plugins/com.st.stm32cube.ide.mcu.externaltools.gnu-tools-for-stm32.11.3.rel1.win32_1.1.1.202309131626/tools/bin/../lib/gcc/arm-none-eabi/11.3.1/../../../../arm-none-eabi/lib/thumb/v7e-m+fp/hard\libc_nano.a(libc_a-reent.o)
                0x0000000008008d5c                _reclaim_reent
 .text.__libc_init_array
                0x0000000008008e08       0x48 C:/Any Programs/STM32CubeIDE/STM32CubeIDE/plugins/com.st.stm32cube.ide.mcu.externaltools.gnu-tools-for-stm32.11.3.rel1.win32_1.1.1.202309131626/tools/bin/../lib/gcc/arm-none-eabi/11.3.1/../../../../arm-none-eabi/lib/thumb/v7e-m+fp/hard\libc_nano.a(libc_a-init.o)
                0x0000000008008e08                __libc_init_array
 .text.__retarget_lock_acquire_recursive
                0x0000000008008e50        0x2 C:/Any Programs/STM32CubeIDE/STM32CubeIDE/plugins/com.st.stm32cube.ide.mcu.externaltools.gnu-tools-for-stm32.11.3.rel1.win32_1.1.1.202309131626/tools/bin/../lib/gcc/arm-none-eabi/11.3.1/../../../../arm-none-eabi/lib/thumb/v7e-m+fp/hard\libc_nano.a(libc_a-lock.o)
                0x0000000008008e50                __retarget_lock_acquire_recursive
 .text.__retarget_lock_release_recursive
                0x0000000008008e52        0x2 C:/Any Programs/STM32CubeIDE/STM32CubeIDE/plugins/com.st.stm32cube.ide.mcu.externaltools.gnu-tools-for-stm32.11.3.rel1.win32_1.1.1.202309131626/tools/bin/../lib/gcc/arm-none-eabi/11.3.1/../../../../arm-none-eabi/lib/thumb/v7e-m+fp/hard\libc_nano.a(libc_a-lock.o)
                0x0000000008008e52                __retarget_lock_release_recursive
 .text.strcpy   0x0000000008008e54       0x10 C:/Any Programs/STM32CubeIDE/STM32CubeIDE/plugins/com.st.stm32cube.ide.mcu.externaltools.gnu-tools-for-stm32.11.3.rel1.win32_1.1.1.202309131626/tools/bin/../lib/gcc/arm-none-eabi/11.3.1/../../../../arm-none-eabi/lib/thumb/v7e-m+fp/hard\libc_nano.a(libc_a-strcpy.o)
                0x0000000008008e54                strcpy
 .text.memcpy   0x0000000008008e64       0x1c C:/Any Programs/STM32CubeIDE/STM32CubeIDE/plugins/com.st.stm32cube.ide.mcu.externaltools.gnu-tools-for-stm32.11.3.rel1.win32_1.1.1.202309131626/tools/bin/../lib/gcc/arm-none-eabi/11.3.1/../../../../arm-none-eabi/lib/thumb/v7e-m+fp/hard\libc_nano.a(libc_a-memcpy-stub.o)
                0x0000000008008e64                memcpy
 .text._free_r  0x0000000008008e80       0x98 C:/Any Programs/STM32CubeIDE/STM32CubeIDE/plugins/com.st.stm32cube.ide.mcu.externaltools.gnu-tools-for-stm32.11.3.rel1.win32_1.1.1.202309131626/tools/bin/../lib/gcc/arm-none-eabi/11.3.1/../../../../arm-none-eabi/lib/thumb/v7e-m+fp/hard\libc_nano.a(libc_a-freer.o)
                0x0000000008008e80                _free_r
 .text.__malloc_lock
                0x0000000008008f18        0xc C:/Any Programs/STM32CubeIDE/STM32CubeIDE/plugins/com.st.stm32cube.ide.mcu.externaltools.gnu-tools-for-stm32.11.3.rel1.win32_1.1.1.202309131626/tools/bin/../lib/gcc/arm-none-eabi/11.3.1/../../../../arm-none-eabi/lib/thumb/v7e-m+fp/hard\libc_nano.a(libc_a-mlock.o)
                0x0000000008008f18                __malloc_lock
 .text.__malloc_unlock
                0x0000000008008f24        0xc C:/Any Programs/STM32CubeIDE/STM32CubeIDE/plugins/com.st.stm32cube.ide.mcu.externaltools.gnu-tools-for-stm32.11.3.rel1.win32_1.1.1.202309131626/tools/bin/../lib/gcc/arm-none-eabi/11.3.1/../../../../arm-none-eabi/lib/thumb/v7e-m+fp/hard\libc_nano.a(libc_a-mlock.o)
                0x0000000008008f24                __malloc_unlock
 *(.glue_7)
 .glue_7        0x0000000008008f30        0x0 linker stubs
 *(.glue_7t)
 .glue_7t       0x0000000008008f30        0x0 linker stubs
 *(.eh_frame)
 .eh_frame      0x0000000008008f30        0x0 C:/Any Programs/STM32CubeIDE/STM32CubeIDE/plugins/com.st.stm32cube.ide.mcu.externaltools.gnu-tools-for-stm32.11.3.rel1.win32_1.1.1.202309131626/tools/bin/../lib/gcc/arm-none-eabi/11.3.1/thumb/v7e-m+fp/hard/crtbegin.o
 *(.init)
 .init          0x0000000008008f30        0x4 C:/Any Programs/STM32CubeIDE/STM32CubeIDE/plugins/com.st.stm32cube.ide.mcu.externaltools.gnu-tools-for-stm32.11.3.rel1.win32_1.1.1.202309131626/tools/bin/../lib/gcc/arm-none-eabi/11.3.1/thumb/v7e-m+fp/hard/crti.o
                0x0000000008008f30                _init
 .init          0x0000000008008f34        0x8 C:/Any Programs/STM32CubeIDE/STM32CubeIDE/plugins/com.st.stm32cube.ide.mcu.externaltools.gnu-tools-for-stm32.11.3.rel1.win32_1.1.1.202309131626/tools/bin/../lib/gcc/arm-none-eabi/11.3.1/thumb/v7e-m+fp/hard/crtn.o
 *(.fini)
 .fini          0x0000000008008f3c        0x4 C:/Any Programs/STM32CubeIDE/STM32CubeIDE/plugins/com.st.stm32cube.ide.mcu.externaltools.gnu-tools-for-stm32.11.3.rel1.win32_1.1.1.202309131626/tools/bin/../lib/gcc/arm-none-eabi/11.3.1/thumb/v7e-m+fp/hard/crti.o
                0x0000000008008f3c                _fini
 .fini          0x0000000008008f40        0x8 C:/Any Programs/STM32CubeIDE/STM32CubeIDE/plugins/com.st.stm32cube.ide.mcu.externaltools.gnu-tools-for-stm32.11.3.rel1.win32_1.1.1.202309131626/tools/bin/../lib/gcc/arm-none-eabi/11.3.1/thumb/v7e-m+fp/hard/crtn.o
                0x0000000008008f48                . = ALIGN (0x4)
                0x0000000008008f48                _etext = .

.vfp11_veneer   0x0000000008008f48        0x0
 .vfp11_veneer  0x0000000008008f48        0x0 linker stubs

.v4_bx          0x0000000008008f48        0x0
 .v4_bx         0x0000000008008f48        0x0 linker stubs

.iplt           0x0000000008008f48        0x0
 .iplt          0x0000000008008f48        0x0 C:/Any Programs/STM32CubeIDE/STM32CubeIDE/plugins/com.st.stm32cube.ide.mcu.externaltools.gnu-tools-for-stm32.11.3.rel1.win32_1.1.1.202309131626/tools/bin/../lib/gcc/arm-none-eabi/11.3.1/thumb/v7e-m+fp/hard/crtbegin.o

.rodata         0x0000000008008f48       0xa8
                0x0000000008008f48                . = ALIGN (0x4)
 *(.rodata)
 .rodata        0x0000000008008f48       0x12 ./Core/Src/dhcp.o
 *fill*         0x0000000008008f5a        0x2 
 .rodata        0x0000000008008f5c        0xc ./Core/Src/freertos.o
 .rodata        0x0000000008008f68       0x39 ./Core/Src/init_Eth.o
 *fill*         0x0000000008008fa1        0x3 
 .rodata        0x0000000008008fa4        0x5 ./Middlewares/Third_Party/FreeRTOS/Source/tasks.o
 *fill*         0x0000000008008fa9        0x3 
 .rodata        0x0000000008008fac        0xd ./Middlewares/Third_Party/FreeRTOS/Source/timers.o
 *(.rodata*)
 *fill*         0x0000000008008fb9        0x3 
 .rodata.defaultTask_attributes
                0x0000000008008fbc       0x24 ./Core/Src/freertos.o
                0x0000000008008fbc                defaultTask_attributes
 .rodata.AHBPrescTable
                0x0000000008008fe0       0x10 ./Core/Src/system_stm32f4xx.o
                0x0000000008008fe0                AHBPrescTable
                0x0000000008008ff0                . = ALIGN (0x4)

.ARM.extab      0x0000000008008ff0        0x0
                0x0000000008008ff0                . = ALIGN (0x4)
 *(.ARM.extab* .gnu.linkonce.armextab.*)
                0x0000000008008ff0                . = ALIGN (0x4)

.ARM            0x0000000008008ff0        0x8
                0x0000000008008ff0                . = ALIGN (0x4)
                0x0000000008008ff0                __exidx_start = .
 *(.ARM.exidx*)
 .ARM.exidx     0x0000000008008ff0        0x8 C:/Any Programs/STM32CubeIDE/STM32CubeIDE/plugins/com.st.stm32cube.ide.mcu.externaltools.gnu-tools-for-stm32.11.3.rel1.win32_1.1.1.202309131626/tools/bin/../lib/gcc/arm-none-eabi/11.3.1/thumb/v7e-m+fp/hard\libgcc.a(_udivmoddi4.o)
                0x0000000008008ff8                __exidx_end = .
                0x0000000008008ff8                . = ALIGN (0x4)

.rel.dyn        0x0000000008008ff8        0x0
 .rel.iplt      0x0000000008008ff8        0x0 C:/Any Programs/STM32CubeIDE/STM32CubeIDE/plugins/com.st.stm32cube.ide.mcu.externaltools.gnu-tools-for-stm32.11.3.rel1.win32_1.1.1.202309131626/tools/bin/../lib/gcc/arm-none-eabi/11.3.1/thumb/v7e-m+fp/hard/crtbegin.o

.preinit_array  0x0000000008008ff8        0x0
                0x0000000008008ff8                . = ALIGN (0x4)
                0x0000000008008ff8                PROVIDE (__preinit_array_start = .)
 *(.preinit_array*)
                0x0000000008008ff8                PROVIDE (__preinit_array_end = .)
                0x0000000008008ff8                . = ALIGN (0x4)

.init_array     0x0000000008008ff8        0x4
                0x0000000008008ff8                . = ALIGN (0x4)
                0x0000000008008ff8                PROVIDE (__init_array_start = .)
 *(SORT_BY_NAME(.init_array.*))
 *(.init_array*)
 .init_array    0x0000000008008ff8        0x4 C:/Any Programs/STM32CubeIDE/STM32CubeIDE/plugins/com.st.stm32cube.ide.mcu.externaltools.gnu-tools-for-stm32.11.3.rel1.win32_1.1.1.202309131626/tools/bin/../lib/gcc/arm-none-eabi/11.3.1/thumb/v7e-m+fp/hard/crtbegin.o
                0x0000000008008ffc                PROVIDE (__init_array_end = .)
                0x0000000008008ffc                . = ALIGN (0x4)

.fini_array     0x0000000008008ffc        0x4
                0x0000000008008ffc                . = ALIGN (0x4)
                [!provide]                        PROVIDE (__fini_array_start = .)
 *(SORT_BY_NAME(.fini_array.*))
 *(.fini_array*)
 .fini_array    0x0000000008008ffc        0x4 C:/Any Programs/STM32CubeIDE/STM32CubeIDE/plugins/com.st.stm32cube.ide.mcu.externaltools.gnu-tools-for-stm32.11.3.rel1.win32_1.1.1.202309131626/tools/bin/../lib/gcc/arm-none-eabi/11.3.1/thumb/v7e-m+fp/hard/crtbegin.o
                [!provide]                        PROVIDE (__fini_array_end = .)
                0x0000000008009000                . = ALIGN (0x4)
                0x0000000008009000                _sidata = LOADADDR (.data)

.data           0x0000000020000000       0xac load address 0x0000000008009000
                0x0000000020000000                . = ALIGN (0x4)
                0x0000000020000000                _sdata = .
 *(.data)
 *(.data*)
 .data.dhcp_lease_time
                0x0000000020000000        0x4 ./Core/Src/dhcp.o
                0x0000000020000000                dhcp_lease_time
 .data.dhcp_tick_next
                0x0000000020000004        0x4 ./Core/Src/dhcp.o
                0x0000000020000004                dhcp_tick_next
 .data.HOST_NAME
                0x0000000020000008        0x8 ./Core/Src/dhcp.o
                0x0000000020000008                HOST_NAME
 .data.dhcp_ip_assign
                0x0000000020000010        0x4 ./Core/Src/dhcp.o
                0x0000000020000010                dhcp_ip_assign
 .data.dhcp_ip_update
                0x0000000020000014        0x4 ./Core/Src/dhcp.o
                0x0000000020000014                dhcp_ip_update
 .data.dhcp_ip_conflict
                0x0000000020000018        0x4 ./Core/Src/dhcp.o
                0x0000000020000018                dhcp_ip_conflict
 .data.sock_any_port
                0x000000002000001c        0x2 ./Core/Src/socket.o
 *fill*         0x000000002000001e        0x2 
 .data.SystemCoreClock
                0x0000000020000020        0x4 ./Core/Src/system_stm32f4xx.o
                0x0000000020000020                SystemCoreClock
 .data.WIZCHIP  0x0000000020000024       0x2c ./Core/Src/wizchip_conf.o
                0x0000000020000024                WIZCHIP
 .data.uwTickPrio
                0x0000000020000050        0x4 ./Drivers/STM32F4xx_HAL_Driver/Src/stm32f4xx_hal.o
                0x0000000020000050                uwTickPrio
 .data.uwTickFreq
                0x0000000020000054        0x1 ./Drivers/STM32F4xx_HAL_Driver/Src/stm32f4xx_hal.o
                0x0000000020000054                uwTickFreq
 *fill*         0x0000000020000055        0x3 
 .data.uxCriticalNesting
                0x0000000020000058        0x4 ./Middlewares/Third_Party/FreeRTOS/Source/portable/GCC/ARM_CM4F/port.o
 .data._impure_data
                0x000000002000005c       0x4c C:/Any Programs/STM32CubeIDE/STM32CubeIDE/plugins/com.st.stm32cube.ide.mcu.externaltools.gnu-tools-for-stm32.11.3.rel1.win32_1.1.1.202309131626/tools/bin/../lib/gcc/arm-none-eabi/11.3.1/../../../../arm-none-eabi/lib/thumb/v7e-m+fp/hard\libc_nano.a(libc_a-impure.o)
                0x000000002000005c                _impure_data
 .data._impure_ptr
                0x00000000200000a8        0x4 C:/Any Programs/STM32CubeIDE/STM32CubeIDE/plugins/com.st.stm32cube.ide.mcu.externaltools.gnu-tools-for-stm32.11.3.rel1.win32_1.1.1.202309131626/tools/bin/../lib/gcc/arm-none-eabi/11.3.1/../../../../arm-none-eabi/lib/thumb/v7e-m+fp/hard\libc_nano.a(libc_a-impure.o)
                0x00000000200000a8                _impure_ptr
 *(.RamFunc)
 *(.RamFunc*)
                0x00000000200000ac                . = ALIGN (0x4)
                0x00000000200000ac                _edata = .
                0x00000000080090ac                _siccmram = LOADADDR (.ccmram)

.igot.plt       0x00000000200000ac        0x0 load address 0x00000000080090ac
 .igot.plt      0x00000000200000ac        0x0 C:/Any Programs/STM32CubeIDE/STM32CubeIDE/plugins/com.st.stm32cube.ide.mcu.externaltools.gnu-tools-for-stm32.11.3.rel1.win32_1.1.1.202309131626/tools/bin/../lib/gcc/arm-none-eabi/11.3.1/thumb/v7e-m+fp/hard/crtbegin.o

.ccmram         0x0000000010000000        0x0 load address 0x00000000080090ac
                0x0000000010000000                . = ALIGN (0x4)
                0x0000000010000000                _sccmram = .
 *(.ccmram)
 *(.ccmram*)
                0x0000000010000000                . = ALIGN (0x4)
                0x0000000010000000                _eccmram = .
                0x0000000010000000                . = ALIGN (0x4)

.bss            0x00000000200000ac     0x5414
                0x00000000200000ac                _sbss = .
                0x00000000200000ac                __bss_start__ = _sbss
 *(.bss)
 .bss           0x00000000200000ac       0x1c C:/Any Programs/STM32CubeIDE/STM32CubeIDE/plugins/com.st.stm32cube.ide.mcu.externaltools.gnu-tools-for-stm32.11.3.rel1.win32_1.1.1.202309131626/tools/bin/../lib/gcc/arm-none-eabi/11.3.1/thumb/v7e-m+fp/hard/crtbegin.o
 *(.bss*)
 .bss.DHCP_SOCKET
                0x00000000200000c8        0x1 ./Core/Src/dhcp.o
                0x00000000200000c8                DHCP_SOCKET
 *fill*         0x00000000200000c9        0x3 
 .bss.DHCP_SIP  0x00000000200000cc        0x4 ./Core/Src/dhcp.o
                0x00000000200000cc                DHCP_SIP
 .bss.DHCP_REAL_SIP
                0x00000000200000d0        0x4 ./Core/Src/dhcp.o
                0x00000000200000d0                DHCP_REAL_SIP
 .bss.OLD_allocated_ip
                0x00000000200000d4        0x4 ./Core/Src/dhcp.o
                0x00000000200000d4                OLD_allocated_ip
 .bss.DHCP_allocated_ip
                0x00000000200000d8        0x4 ./Core/Src/dhcp.o
                0x00000000200000d8                DHCP_allocated_ip
 .bss.DHCP_allocated_gw
                0x00000000200000dc        0x4 ./Core/Src/dhcp.o
                0x00000000200000dc                DHCP_allocated_gw
 .bss.DHCP_allocated_sn
                0x00000000200000e0        0x4 ./Core/Src/dhcp.o
                0x00000000200000e0                DHCP_allocated_sn
 .bss.DHCP_allocated_dns
                0x00000000200000e4        0x4 ./Core/Src/dhcp.o
                0x00000000200000e4                DHCP_allocated_dns
 .bss.dhcp_state
                0x00000000200000e8        0x1 ./Core/Src/dhcp.o
                0x00000000200000e8                dhcp_state
 .bss.dhcp_retry_count
                0x00000000200000e9        0x1 ./Core/Src/dhcp.o
                0x00000000200000e9                dhcp_retry_count
 *fill*         0x00000000200000ea        0x2 
 .bss.dhcp_tick_1s
                0x00000000200000ec        0x4 ./Core/Src/dhcp.o
                0x00000000200000ec                dhcp_tick_1s
 .bss.DHCP_XID  0x00000000200000f0        0x4 ./Core/Src/dhcp.o
                0x00000000200000f0                DHCP_XID
 .bss.pDHCPMSG  0x00000000200000f4        0x4 ./Core/Src/dhcp.o
                0x00000000200000f4                pDHCPMSG
 .bss.DHCP_CHADDR
                0x00000000200000f8        0x6 ./Core/Src/dhcp.o
                0x00000000200000f8                DHCP_CHADDR
 *fill*         0x00000000200000fe        0x2 
 .bss.pDNSMSG   0x0000000020000100        0x4 ./Core/Src/dns.o
                0x0000000020000100                pDNSMSG
 .bss.DNS_SOCKET
                0x0000000020000104        0x1 ./Core/Src/dns.o
                0x0000000020000104                DNS_SOCKET
 *fill*         0x0000000020000105        0x1 
 .bss.DNS_MSGID
                0x0000000020000106        0x2 ./Core/Src/dns.o
                0x0000000020000106                DNS_MSGID
 .bss.dns_1s_tick
                0x0000000020000108        0x4 ./Core/Src/dns.o
                0x0000000020000108                dns_1s_tick
 .bss.retry_count
                0x000000002000010c        0x1 ./Core/Src/dns.o
 *fill*         0x000000002000010d        0x3 
 .bss.defaultTaskHandle
                0x0000000020000110        0x4 ./Core/Src/freertos.o
                0x0000000020000110                defaultTaskHandle
 .bss.ip_assigned
                0x0000000020000114        0x1 ./Core/Src/init_Eth.o
                0x0000000020000114                ip_assigned
 *fill*         0x0000000020000115        0x3 
 .bss.dhcp_buffer
                0x0000000020000118      0x400 ./Core/Src/init_Eth.o
                0x0000000020000118                dhcp_buffer
 .bss.dns_buffer
                0x0000000020000518      0x400 ./Core/Src/init_Eth.o
                0x0000000020000518                dns_buffer
 .bss.sock_io_mode
                0x0000000020000918        0x2 ./Core/Src/socket.o
 .bss.sock_is_sending
                0x000000002000091a        0x2 ./Core/Src/socket.o
 .bss.sock_remained_size
                0x000000002000091c       0x10 ./Core/Src/socket.o
 .bss.sock_pack_info
                0x000000002000092c        0x8 ./Core/Src/socket.o
                0x000000002000092c                sock_pack_info
 .bss.hspi1     0x0000000020000934       0x58 ./Core/Src/spi.o
                0x0000000020000934                hspi1
 .bss._DNS_     0x000000002000098c        0x4 ./Core/Src/wizchip_conf.o
 .bss._DHCP_    0x0000000020000990        0x1 ./Core/Src/wizchip_conf.o
 *fill*         0x0000000020000991        0x3 
 .bss.uwTick    0x0000000020000994        0x4 ./Drivers/STM32F4xx_HAL_Driver/Src/stm32f4xx_hal.o
                0x0000000020000994                uwTick
 .bss.KernelState
                0x0000000020000998        0x4 ./Middlewares/Third_Party/FreeRTOS/Source/CMSIS_RTOS_V2/cmsis_os2.o
 .bss.Idle_TCB.3
                0x000000002000099c       0xa8 ./Middlewares/Third_Party/FreeRTOS/Source/CMSIS_RTOS_V2/cmsis_os2.o
 .bss.Idle_Stack.2
                0x0000000020000a44      0x200 ./Middlewares/Third_Party/FreeRTOS/Source/CMSIS_RTOS_V2/cmsis_os2.o
 .bss.Timer_TCB.1
                0x0000000020000c44       0xa8 ./Middlewares/Third_Party/FreeRTOS/Source/CMSIS_RTOS_V2/cmsis_os2.o
 .bss.Timer_Stack.0
                0x0000000020000cec      0x400 ./Middlewares/Third_Party/FreeRTOS/Source/CMSIS_RTOS_V2/cmsis_os2.o
 .bss.xQueueRegistry
                0x00000000200010ec       0x40 ./Middlewares/Third_Party/FreeRTOS/Source/queue.o
                0x00000000200010ec                xQueueRegistry
 .bss.pxCurrentTCB
                0x000000002000112c        0x4 ./Middlewares/Third_Party/FreeRTOS/Source/tasks.o
                0x000000002000112c                pxCurrentTCB
 .bss.pxReadyTasksLists
                0x0000000020001130      0x460 ./Middlewares/Third_Party/FreeRTOS/Source/tasks.o
 .bss.xDelayedTaskList1
                0x0000000020001590       0x14 ./Middlewares/Third_Party/FreeRTOS/Source/tasks.o
 .bss.xDelayedTaskList2
                0x00000000200015a4       0x14 ./Middlewares/Third_Party/FreeRTOS/Source/tasks.o
 .bss.pxDelayedTaskList
                0x00000000200015b8        0x4 ./Middlewares/Third_Party/FreeRTOS/Source/tasks.o
 .bss.pxOverflowDelayedTaskList
                0x00000000200015bc        0x4 ./Middlewares/Third_Party/FreeRTOS/Source/tasks.o
 .bss.xPendingReadyList
                0x00000000200015c0       0x14 ./Middlewares/Third_Party/FreeRTOS/Source/tasks.o
 .bss.xTasksWaitingTermination
                0x00000000200015d4       0x14 ./Middlewares/Third_Party/FreeRTOS/Source/tasks.o
 .bss.uxDeletedTasksWaitingCleanUp
                0x00000000200015e8        0x4 ./Middlewares/Third_Party/FreeRTOS/Source/tasks.o
 .bss.xSuspendedTaskList
                0x00000000200015ec       0x14 ./Middlewares/Third_Party/FreeRTOS/Source/tasks.o
 .bss.uxCurrentNumberOfTasks
                0x0000000020001600        0x4 ./Middlewares/Third_Party/FreeRTOS/Source/tasks.o
 .bss.xTickCount
                0x0000000020001604        0x4 ./Middlewares/Third_Party/FreeRTOS/Source/tasks.o
 .bss.uxTopReadyPriority
                0x0000000020001608        0x4 ./Middlewares/Third_Party/FreeRTOS/Source/tasks.o
 .bss.xSchedulerRunning
                0x000000002000160c        0x4 ./Middlewares/Third_Party/FreeRTOS/Source/tasks.o
 .bss.xPendedTicks
                0x0000000020001610        0x4 ./Middlewares/Third_Party/FreeRTOS/Source/tasks.o
 .bss.xYieldPending
                0x0000000020001614        0x4 ./Middlewares/Third_Party/FreeRTOS/Source/tasks.o
 .bss.xNumOfOverflows
                0x0000000020001618        0x4 ./Middlewares/Third_Party/FreeRTOS/Source/tasks.o
 .bss.uxTaskNumber
                0x000000002000161c        0x4 ./Middlewares/Third_Party/FreeRTOS/Source/tasks.o
 .bss.xNextTaskUnblockTime
                0x0000000020001620        0x4 ./Middlewares/Third_Party/FreeRTOS/Source/tasks.o
 .bss.xIdleTaskHandle
                0x0000000020001624        0x4 ./Middlewares/Third_Party/FreeRTOS/Source/tasks.o
 .bss.uxSchedulerSuspended
                0x0000000020001628        0x4 ./Middlewares/Third_Party/FreeRTOS/Source/tasks.o
 .bss.xActiveTimerList1
                0x000000002000162c       0x14 ./Middlewares/Third_Party/FreeRTOS/Source/timers.o
 .bss.xActiveTimerList2
                0x0000000020001640       0x14 ./Middlewares/Third_Party/FreeRTOS/Source/timers.o
 .bss.pxCurrentTimerList
                0x0000000020001654        0x4 ./Middlewares/Third_Party/FreeRTOS/Source/timers.o
 .bss.pxOverflowTimerList
                0x0000000020001658        0x4 ./Middlewares/Third_Party/FreeRTOS/Source/timers.o
 .bss.xTimerQueue
                0x000000002000165c        0x4 ./Middlewares/Third_Party/FreeRTOS/Source/timers.o
 .bss.xTimerTaskHandle
                0x0000000020001660        0x4 ./Middlewares/Third_Party/FreeRTOS/Source/timers.o
 .bss.xLastTime.2
                0x0000000020001664        0x4 ./Middlewares/Third_Party/FreeRTOS/Source/timers.o
 .bss.ucStaticTimerQueueStorage.1
                0x0000000020001668       0xa0 ./Middlewares/Third_Party/FreeRTOS/Source/timers.o
 .bss.xStaticTimerQueue.0
                0x0000000020001708       0x50 ./Middlewares/Third_Party/FreeRTOS/Source/timers.o
 .bss.ucMaxSysCallPriority
                0x0000000020001758        0x1 ./Middlewares/Third_Party/FreeRTOS/Source/portable/GCC/ARM_CM4F/port.o
 *fill*         0x0000000020001759        0x3 
 .bss.ulMaxPRIGROUPValue
                0x000000002000175c        0x4 ./Middlewares/Third_Party/FreeRTOS/Source/portable/GCC/ARM_CM4F/port.o
 .bss.ucHeap    0x0000000020001760     0x3c00 ./Middlewares/Third_Party/FreeRTOS/Source/portable/MemMang/heap_4.o
 .bss.xStart    0x0000000020005360        0x8 ./Middlewares/Third_Party/FreeRTOS/Source/portable/MemMang/heap_4.o
 .bss.pxEnd     0x0000000020005368        0x4 ./Middlewares/Third_Party/FreeRTOS/Source/portable/MemMang/heap_4.o
 .bss.xFreeBytesRemaining
                0x000000002000536c        0x4 ./Middlewares/Third_Party/FreeRTOS/Source/portable/MemMang/heap_4.o
 .bss.xMinimumEverFreeBytesRemaining
                0x0000000020005370        0x4 ./Middlewares/Third_Party/FreeRTOS/Source/portable/MemMang/heap_4.o
 .bss.xNumberOfSuccessfulAllocations
                0x0000000020005374        0x4 ./Middlewares/Third_Party/FreeRTOS/Source/portable/MemMang/heap_4.o
 .bss.xNumberOfSuccessfulFrees
                0x0000000020005378        0x4 ./Middlewares/Third_Party/FreeRTOS/Source/portable/MemMang/heap_4.o
 .bss.xBlockAllocatedBit
                0x000000002000537c        0x4 ./Middlewares/Third_Party/FreeRTOS/Source/portable/MemMang/heap_4.o
 .bss.__sf      0x0000000020005380      0x138 C:/Any Programs/STM32CubeIDE/STM32CubeIDE/plugins/com.st.stm32cube.ide.mcu.externaltools.gnu-tools-for-stm32.11.3.rel1.win32_1.1.1.202309131626/tools/bin/../lib/gcc/arm-none-eabi/11.3.1/../../../../arm-none-eabi/lib/thumb/v7e-m+fp/hard\libc_nano.a(libc_a-findfp.o)
                0x0000000020005380                __sf
 .bss.__lock___malloc_recursive_mutex
                0x00000000200054b8        0x1 C:/Any Programs/STM32CubeIDE/STM32CubeIDE/plugins/com.st.stm32cube.ide.mcu.externaltools.gnu-tools-for-stm32.11.3.rel1.win32_1.1.1.202309131626/tools/bin/../lib/gcc/arm-none-eabi/11.3.1/../../../../arm-none-eabi/lib/thumb/v7e-m+fp/hard\libc_nano.a(libc_a-lock.o)
                0x00000000200054b8                __lock___malloc_recursive_mutex
 *fill*         0x00000000200054b9        0x3 
 .bss.__malloc_free_list
                0x00000000200054bc        0x4 C:/Any Programs/STM32CubeIDE/STM32CubeIDE/plugins/com.st.stm32cube.ide.mcu.externaltools.gnu-tools-for-stm32.11.3.rel1.win32_1.1.1.202309131626/tools/bin/../lib/gcc/arm-none-eabi/11.3.1/../../../../arm-none-eabi/lib/thumb/v7e-m+fp/hard\libc_nano.a(libc_a-mallocr.o)
                0x00000000200054bc                __malloc_free_list
 *(COMMON)
                0x00000000200054c0                . = ALIGN (0x4)
                0x00000000200054c0                _ebss = .
                0x00000000200054c0                __bss_end__ = _ebss

._user_heap_stack
                0x00000000200054c0      0x600
                0x00000000200054c0                . = ALIGN (0x8)
                [!provide]                        PROVIDE (end = .)
                0x00000000200054c0                PROVIDE (_end = .)
                0x00000000200056c0                . = (. + _Min_Heap_Size)
 *fill*         0x00000000200054c0      0x200 
                0x0000000020005ac0                . = (. + _Min_Stack_Size)
 *fill*         0x00000000200056c0      0x400 
                0x0000000020005ac0                . = ALIGN (0x8)

/DISCARD/
 libc.a(*)
 libm.a(*)
 libgcc.a(*)

.ARM.attributes
                0x0000000000000000       0x30
 *(.ARM.attributes)
 .ARM.attributes
                0x0000000000000000       0x1e C:/Any Programs/STM32CubeIDE/STM32CubeIDE/plugins/com.st.stm32cube.ide.mcu.externaltools.gnu-tools-for-stm32.11.3.rel1.win32_1.1.1.202309131626/tools/bin/../lib/gcc/arm-none-eabi/11.3.1/thumb/v7e-m+fp/hard/crti.o
 .ARM.attributes
                0x000000000000001e       0x34 C:/Any Programs/STM32CubeIDE/STM32CubeIDE/plugins/com.st.stm32cube.ide.mcu.externaltools.gnu-tools-for-stm32.11.3.rel1.win32_1.1.1.202309131626/tools/bin/../lib/gcc/arm-none-eabi/11.3.1/thumb/v7e-m+fp/hard/crtbegin.o
 .ARM.attributes
                0x0000000000000052       0x34 ./Core/Src/dhcp.o
 .ARM.attributes
                0x0000000000000086       0x34 ./Core/Src/dns.o
 .ARM.attributes
                0x00000000000000ba       0x34 ./Core/Src/freertos.o
 .ARM.attributes
                0x00000000000000ee       0x34 ./Core/Src/gpio.o
 .ARM.attributes
                0x0000000000000122       0x34 ./Core/Src/init_Eth.o
 .ARM.attributes
                0x0000000000000156       0x34 ./Core/Src/main.o
 .ARM.attributes
                0x000000000000018a       0x34 ./Core/Src/socket.o
 .ARM.attributes
                0x00000000000001be       0x34 ./Core/Src/spi.o
 .ARM.attributes
                0x00000000000001f2       0x34 ./Core/Src/stm32f4xx_hal_msp.o
 .ARM.attributes
                0x0000000000000226       0x34 ./Core/Src/stm32f4xx_it.o
 .ARM.attributes
                0x000000000000025a       0x34 ./Core/Src/system_stm32f4xx.o
 .ARM.attributes
                0x000000000000028e       0x34 ./Core/Src/w5500.o
 .ARM.attributes
                0x00000000000002c2       0x34 ./Core/Src/wizchip_conf.o
 .ARM.attributes
                0x00000000000002f6       0x21 ./Core/Startup/startup_stm32f429zitx.o
 .ARM.attributes
                0x0000000000000317       0x34 ./Drivers/STM32F4xx_HAL_Driver/Src/stm32f4xx_hal.o
 .ARM.attributes
                0x000000000000034b       0x34 ./Drivers/STM32F4xx_HAL_Driver/Src/stm32f4xx_hal_cortex.o
 .ARM.attributes
                0x000000000000037f       0x34 ./Drivers/STM32F4xx_HAL_Driver/Src/stm32f4xx_hal_dma.o
 .ARM.attributes
                0x00000000000003b3       0x34 ./Drivers/STM32F4xx_HAL_Driver/Src/stm32f4xx_hal_gpio.o
 .ARM.attributes
                0x00000000000003e7       0x34 ./Drivers/STM32F4xx_HAL_Driver/Src/stm32f4xx_hal_rcc.o
 .ARM.attributes
                0x000000000000041b       0x34 ./Drivers/STM32F4xx_HAL_Driver/Src/stm32f4xx_hal_spi.o
 .ARM.attributes
                0x000000000000044f       0x34 ./Middlewares/Third_Party/FreeRTOS/Source/CMSIS_RTOS_V2/cmsis_os2.o
 .ARM.attributes
                0x0000000000000483       0x34 ./Middlewares/Third_Party/FreeRTOS/Source/list.o
 .ARM.attributes
                0x00000000000004b7       0x34 ./Middlewares/Third_Party/FreeRTOS/Source/queue.o
 .ARM.attributes
                0x00000000000004eb       0x34 ./Middlewares/Third_Party/FreeRTOS/Source/tasks.o
 .ARM.attributes
                0x000000000000051f       0x34 ./Middlewares/Third_Party/FreeRTOS/Source/timers.o
 .ARM.attributes
                0x0000000000000553       0x34 ./Middlewares/Third_Party/FreeRTOS/Source/portable/GCC/ARM_CM4F/port.o
 .ARM.attributes
                0x0000000000000587       0x34 ./Middlewares/Third_Party/FreeRTOS/Source/portable/MemMang/heap_4.o
 .ARM.attributes
                0x00000000000005bb       0x34 C:/Any Programs/STM32CubeIDE/STM32CubeIDE/plugins/com.st.stm32cube.ide.mcu.externaltools.gnu-tools-for-stm32.11.3.rel1.win32_1.1.1.202309131626/tools/bin/../lib/gcc/arm-none-eabi/11.3.1/../../../../arm-none-eabi/lib/thumb/v7e-m+fp/hard\libc_nano.a(libc_a-findfp.o)
 .ARM.attributes
                0x00000000000005ef       0x34 C:/Any Programs/STM32CubeIDE/STM32CubeIDE/plugins/com.st.stm32cube.ide.mcu.externaltools.gnu-tools-for-stm32.11.3.rel1.win32_1.1.1.202309131626/tools/bin/../lib/gcc/arm-none-eabi/11.3.1/../../../../arm-none-eabi/lib/thumb/v7e-m+fp/hard\libc_nano.a(libc_a-memset.o)
 .ARM.attributes
                0x0000000000000623       0x34 C:/Any Programs/STM32CubeIDE/STM32CubeIDE/plugins/com.st.stm32cube.ide.mcu.externaltools.gnu-tools-for-stm32.11.3.rel1.win32_1.1.1.202309131626/tools/bin/../lib/gcc/arm-none-eabi/11.3.1/../../../../arm-none-eabi/lib/thumb/v7e-m+fp/hard\libc_nano.a(libc_a-strchr.o)
 .ARM.attributes
                0x0000000000000657       0x34 C:/Any Programs/STM32CubeIDE/STM32CubeIDE/plugins/com.st.stm32cube.ide.mcu.externaltools.gnu-tools-for-stm32.11.3.rel1.win32_1.1.1.202309131626/tools/bin/../lib/gcc/arm-none-eabi/11.3.1/../../../../arm-none-eabi/lib/thumb/v7e-m+fp/hard\libc_nano.a(libc_a-strncpy.o)
 .ARM.attributes
                0x000000000000068b       0x34 C:/Any Programs/STM32CubeIDE/STM32CubeIDE/plugins/com.st.stm32cube.ide.mcu.externaltools.gnu-tools-for-stm32.11.3.rel1.win32_1.1.1.202309131626/tools/bin/../lib/gcc/arm-none-eabi/11.3.1/../../../../arm-none-eabi/lib/thumb/v7e-m+fp/hard\libc_nano.a(libc_a-reent.o)
 .ARM.attributes
                0x00000000000006bf       0x34 C:/Any Programs/STM32CubeIDE/STM32CubeIDE/plugins/com.st.stm32cube.ide.mcu.externaltools.gnu-tools-for-stm32.11.3.rel1.win32_1.1.1.202309131626/tools/bin/../lib/gcc/arm-none-eabi/11.3.1/../../../../arm-none-eabi/lib/thumb/v7e-m+fp/hard\libc_nano.a(libc_a-impure.o)
 .ARM.attributes
                0x00000000000006f3       0x34 C:/Any Programs/STM32CubeIDE/STM32CubeIDE/plugins/com.st.stm32cube.ide.mcu.externaltools.gnu-tools-for-stm32.11.3.rel1.win32_1.1.1.202309131626/tools/bin/../lib/gcc/arm-none-eabi/11.3.1/../../../../arm-none-eabi/lib/thumb/v7e-m+fp/hard\libc_nano.a(libc_a-init.o)
 .ARM.attributes
                0x0000000000000727       0x34 C:/Any Programs/STM32CubeIDE/STM32CubeIDE/plugins/com.st.stm32cube.ide.mcu.externaltools.gnu-tools-for-stm32.11.3.rel1.win32_1.1.1.202309131626/tools/bin/../lib/gcc/arm-none-eabi/11.3.1/../../../../arm-none-eabi/lib/thumb/v7e-m+fp/hard\libc_nano.a(libc_a-lock.o)
 .ARM.attributes
                0x000000000000075b       0x34 C:/Any Programs/STM32CubeIDE/STM32CubeIDE/plugins/com.st.stm32cube.ide.mcu.externaltools.gnu-tools-for-stm32.11.3.rel1.win32_1.1.1.202309131626/tools/bin/../lib/gcc/arm-none-eabi/11.3.1/../../../../arm-none-eabi/lib/thumb/v7e-m+fp/hard\libc_nano.a(libc_a-strcpy.o)
 .ARM.attributes
                0x000000000000078f       0x34 C:/Any Programs/STM32CubeIDE/STM32CubeIDE/plugins/com.st.stm32cube.ide.mcu.externaltools.gnu-tools-for-stm32.11.3.rel1.win32_1.1.1.202309131626/tools/bin/../lib/gcc/arm-none-eabi/11.3.1/../../../../arm-none-eabi/lib/thumb/v7e-m+fp/hard\libc_nano.a(libc_a-memcpy-stub.o)
 .ARM.attributes
                0x00000000000007c3       0x17 C:/Any Programs/STM32CubeIDE/STM32CubeIDE/plugins/com.st.stm32cube.ide.mcu.externaltools.gnu-tools-for-stm32.11.3.rel1.win32_1.1.1.202309131626/tools/bin/../lib/gcc/arm-none-eabi/11.3.1/../../../../arm-none-eabi/lib/thumb/v7e-m+fp/hard\libc_nano.a(libc_a-strlen.o)
 .ARM.attributes
                0x00000000000007da       0x34 C:/Any Programs/STM32CubeIDE/STM32CubeIDE/plugins/com.st.stm32cube.ide.mcu.externaltools.gnu-tools-for-stm32.11.3.rel1.win32_1.1.1.202309131626/tools/bin/../lib/gcc/arm-none-eabi/11.3.1/../../../../arm-none-eabi/lib/thumb/v7e-m+fp/hard\libc_nano.a(libc_a-freer.o)
 .ARM.attributes
                0x000000000000080e       0x34 C:/Any Programs/STM32CubeIDE/STM32CubeIDE/plugins/com.st.stm32cube.ide.mcu.externaltools.gnu-tools-for-stm32.11.3.rel1.win32_1.1.1.202309131626/tools/bin/../lib/gcc/arm-none-eabi/11.3.1/../../../../arm-none-eabi/lib/thumb/v7e-m+fp/hard\libc_nano.a(libc_a-mallocr.o)
 .ARM.attributes
                0x0000000000000842       0x34 C:/Any Programs/STM32CubeIDE/STM32CubeIDE/plugins/com.st.stm32cube.ide.mcu.externaltools.gnu-tools-for-stm32.11.3.rel1.win32_1.1.1.202309131626/tools/bin/../lib/gcc/arm-none-eabi/11.3.1/../../../../arm-none-eabi/lib/thumb/v7e-m+fp/hard\libc_nano.a(libc_a-mlock.o)
 .ARM.attributes
                0x0000000000000876       0x1e C:/Any Programs/STM32CubeIDE/STM32CubeIDE/plugins/com.st.stm32cube.ide.mcu.externaltools.gnu-tools-for-stm32.11.3.rel1.win32_1.1.1.202309131626/tools/bin/../lib/gcc/arm-none-eabi/11.3.1/thumb/v7e-m+fp/hard\libgcc.a(_aeabi_uldivmod.o)
 .ARM.attributes
                0x0000000000000894       0x34 C:/Any Programs/STM32CubeIDE/STM32CubeIDE/plugins/com.st.stm32cube.ide.mcu.externaltools.gnu-tools-for-stm32.11.3.rel1.win32_1.1.1.202309131626/tools/bin/../lib/gcc/arm-none-eabi/11.3.1/thumb/v7e-m+fp/hard\libgcc.a(_udivmoddi4.o)
 .ARM.attributes
                0x00000000000008c8       0x1e C:/Any Programs/STM32CubeIDE/STM32CubeIDE/plugins/com.st.stm32cube.ide.mcu.externaltools.gnu-tools-for-stm32.11.3.rel1.win32_1.1.1.202309131626/tools/bin/../lib/gcc/arm-none-eabi/11.3.1/thumb/v7e-m+fp/hard\libgcc.a(_dvmd_tls.o)
 .ARM.attributes
                0x00000000000008e6       0x1e C:/Any Programs/STM32CubeIDE/STM32CubeIDE/plugins/com.st.stm32cube.ide.mcu.externaltools.gnu-tools-for-stm32.11.3.rel1.win32_1.1.1.202309131626/tools/bin/../lib/gcc/arm-none-eabi/11.3.1/thumb/v7e-m+fp/hard/crtn.o
OUTPUT(STM32_Eth.elf elf32-littlearm)
LOAD linker stubs
LOAD C:/Any Programs/STM32CubeIDE/STM32CubeIDE/plugins/com.st.stm32cube.ide.mcu.externaltools.gnu-tools-for-stm32.11.3.rel1.win32_1.1.1.202309131626/tools/bin/../lib/gcc/arm-none-eabi/11.3.1/../../../../arm-none-eabi/lib/thumb/v7e-m+fp/hard\libc.a
LOAD C:/Any Programs/STM32CubeIDE/STM32CubeIDE/plugins/com.st.stm32cube.ide.mcu.externaltools.gnu-tools-for-stm32.11.3.rel1.win32_1.1.1.202309131626/tools/bin/../lib/gcc/arm-none-eabi/11.3.1/../../../../arm-none-eabi/lib/thumb/v7e-m+fp/hard\libm.a
LOAD C:/Any Programs/STM32CubeIDE/STM32CubeIDE/plugins/com.st.stm32cube.ide.mcu.externaltools.gnu-tools-for-stm32.11.3.rel1.win32_1.1.1.202309131626/tools/bin/../lib/gcc/arm-none-eabi/11.3.1/thumb/v7e-m+fp/hard\libgcc.a

.comment        0x0000000000000000       0x43
 .comment       0x0000000000000000       0x43 C:/Any Programs/STM32CubeIDE/STM32CubeIDE/plugins/com.st.stm32cube.ide.mcu.externaltools.gnu-tools-for-stm32.11.3.rel1.win32_1.1.1.202309131626/tools/bin/../lib/gcc/arm-none-eabi/11.3.1/thumb/v7e-m+fp/hard/crtbegin.o
                                         0x44 (size before relaxing)
 .comment       0x0000000000000043       0x44 ./Core/Src/dhcp.o
 .comment       0x0000000000000043       0x44 ./Core/Src/dns.o
 .comment       0x0000000000000043       0x44 ./Core/Src/freertos.o
 .comment       0x0000000000000043       0x44 ./Core/Src/gpio.o
 .comment       0x0000000000000043       0x44 ./Core/Src/init_Eth.o
 .comment       0x0000000000000043       0x44 ./Core/Src/main.o
 .comment       0x0000000000000043       0x44 ./Core/Src/socket.o
 .comment       0x0000000000000043       0x44 ./Core/Src/spi.o
 .comment       0x0000000000000043       0x44 ./Core/Src/stm32f4xx_hal_msp.o
 .comment       0x0000000000000043       0x44 ./Core/Src/stm32f4xx_it.o
 .comment       0x0000000000000043       0x44 ./Core/Src/system_stm32f4xx.o
 .comment       0x0000000000000043       0x44 ./Core/Src/w5500.o
 .comment       0x0000000000000043       0x44 ./Core/Src/wizchip_conf.o
 .comment       0x0000000000000043       0x44 ./Drivers/STM32F4xx_HAL_Driver/Src/stm32f4xx_hal.o
 .comment       0x0000000000000043       0x44 ./Drivers/STM32F4xx_HAL_Driver/Src/stm32f4xx_hal_cortex.o
 .comment       0x0000000000000043       0x44 ./Drivers/STM32F4xx_HAL_Driver/Src/stm32f4xx_hal_dma.o
 .comment       0x0000000000000043       0x44 ./Drivers/STM32F4xx_HAL_Driver/Src/stm32f4xx_hal_gpio.o
 .comment       0x0000000000000043       0x44 ./Drivers/STM32F4xx_HAL_Driver/Src/stm32f4xx_hal_rcc.o
 .comment       0x0000000000000043       0x44 ./Drivers/STM32F4xx_HAL_Driver/Src/stm32f4xx_hal_spi.o
 .comment       0x0000000000000043       0x44 ./Middlewares/Third_Party/FreeRTOS/Source/CMSIS_RTOS_V2/cmsis_os2.o
 .comment       0x0000000000000043       0x44 ./Middlewares/Third_Party/FreeRTOS/Source/list.o
 .comment       0x0000000000000043       0x44 ./Middlewares/Third_Party/FreeRTOS/Source/queue.o
 .comment       0x0000000000000043       0x44 ./Middlewares/Third_Party/FreeRTOS/Source/tasks.o
 .comment       0x0000000000000043       0x44 ./Middlewares/Third_Party/FreeRTOS/Source/timers.o
 .comment       0x0000000000000043       0x44 ./Middlewares/Third_Party/FreeRTOS/Source/portable/GCC/ARM_CM4F/port.o
 .comment       0x0000000000000043       0x44 ./Middlewares/Third_Party/FreeRTOS/Source/portable/MemMang/heap_4.o

.debug_info     0x0000000000000000    0x1538b
 .debug_info    0x0000000000000000      0xa1e ./Core/Src/dhcp.o
 .debug_info    0x0000000000000a1e      0x765 ./Core/Src/dns.o
 .debug_info    0x0000000000001183      0x39b ./Core/Src/freertos.o
 .debug_info    0x000000000000151e      0x3cd ./Core/Src/gpio.o
 .debug_info    0x00000000000018eb      0xd01 ./Core/Src/init_Eth.o
 .debug_info    0x00000000000025ec      0x53b ./Core/Src/main.o
 .debug_info    0x0000000000002b27      0x727 ./Core/Src/socket.o
 .debug_info    0x000000000000324e      0xc01 ./Core/Src/spi.o
 .debug_info    0x0000000000003e4f      0x505 ./Core/Src/stm32f4xx_hal_msp.o
 .debug_info    0x0000000000004354      0x669 ./Core/Src/stm32f4xx_it.o
 .debug_info    0x00000000000049bd      0x52e ./Core/Src/system_stm32f4xx.o
 .debug_info    0x0000000000004eeb      0x539 ./Core/Src/w5500.o
 .debug_info    0x0000000000005424      0xc76 ./Core/Src/wizchip_conf.o
 .debug_info    0x000000000000609a       0x23 ./Core/Startup/startup_stm32f429zitx.o
 .debug_info    0x00000000000060bd      0x9be ./Drivers/STM32F4xx_HAL_Driver/Src/stm32f4xx_hal.o
 .debug_info    0x0000000000006a7b      0xd7c ./Drivers/STM32F4xx_HAL_Driver/Src/stm32f4xx_hal_cortex.o
 .debug_info    0x00000000000077f7      0x8e7 ./Drivers/STM32F4xx_HAL_Driver/Src/stm32f4xx_hal_dma.o
 .debug_info    0x00000000000080de      0x6db ./Drivers/STM32F4xx_HAL_Driver/Src/stm32f4xx_hal_gpio.o
 .debug_info    0x00000000000087b9      0x8c9 ./Drivers/STM32F4xx_HAL_Driver/Src/stm32f4xx_hal_rcc.o
 .debug_info    0x0000000000009082     0x15fb ./Drivers/STM32F4xx_HAL_Driver/Src/stm32f4xx_hal_spi.o
 .debug_info    0x000000000000a67d     0x4124 ./Middlewares/Third_Party/FreeRTOS/Source/CMSIS_RTOS_V2/cmsis_os2.o
 .debug_info    0x000000000000e7a1      0x2af ./Middlewares/Third_Party/FreeRTOS/Source/list.o
 .debug_info    0x000000000000ea50     0x1b79 ./Middlewares/Third_Party/FreeRTOS/Source/queue.o
 .debug_info    0x00000000000105c9     0x28c0 ./Middlewares/Third_Party/FreeRTOS/Source/tasks.o
 .debug_info    0x0000000000012e89     0x1b4f ./Middlewares/Third_Party/FreeRTOS/Source/timers.o
 .debug_info    0x00000000000149d8      0x4de ./Middlewares/Third_Party/FreeRTOS/Source/portable/GCC/ARM_CM4F/port.o
 .debug_info    0x0000000000014eb6      0x4d5 ./Middlewares/Third_Party/FreeRTOS/Source/portable/MemMang/heap_4.o

.debug_abbrev   0x0000000000000000     0x3d48
 .debug_abbrev  0x0000000000000000      0x23a ./Core/Src/dhcp.o
 .debug_abbrev  0x000000000000023a      0x239 ./Core/Src/dns.o
 .debug_abbrev  0x0000000000000473      0x144 ./Core/Src/freertos.o
 .debug_abbrev  0x00000000000005b7      0x147 ./Core/Src/gpio.o
 .debug_abbrev  0x00000000000006fe      0x2f8 ./Core/Src/init_Eth.o
 .debug_abbrev  0x00000000000009f6      0x200 ./Core/Src/main.o
 .debug_abbrev  0x0000000000000bf6      0x1c1 ./Core/Src/socket.o
 .debug_abbrev  0x0000000000000db7      0x212 ./Core/Src/spi.o
 .debug_abbrev  0x0000000000000fc9      0x119 ./Core/Src/stm32f4xx_hal_msp.o
 .debug_abbrev  0x00000000000010e2      0x194 ./Core/Src/stm32f4xx_it.o
 .debug_abbrev  0x0000000000001276      0x11a ./Core/Src/system_stm32f4xx.o
 .debug_abbrev  0x0000000000001390      0x21f ./Core/Src/w5500.o
 .debug_abbrev  0x00000000000015af      0x321 ./Core/Src/wizchip_conf.o
 .debug_abbrev  0x00000000000018d0       0x12 ./Core/Startup/startup_stm32f429zitx.o
 .debug_abbrev  0x00000000000018e2      0x213 ./Drivers/STM32F4xx_HAL_Driver/Src/stm32f4xx_hal.o
 .debug_abbrev  0x0000000000001af5      0x327 ./Drivers/STM32F4xx_HAL_Driver/Src/stm32f4xx_hal_cortex.o
 .debug_abbrev  0x0000000000001e1c      0x264 ./Drivers/STM32F4xx_HAL_Driver/Src/stm32f4xx_hal_dma.o
 .debug_abbrev  0x0000000000002080      0x1d4 ./Drivers/STM32F4xx_HAL_Driver/Src/stm32f4xx_hal_gpio.o
 .debug_abbrev  0x0000000000002254      0x2b6 ./Drivers/STM32F4xx_HAL_Driver/Src/stm32f4xx_hal_rcc.o
 .debug_abbrev  0x000000000000250a      0x284 ./Drivers/STM32F4xx_HAL_Driver/Src/stm32f4xx_hal_spi.o
 .debug_abbrev  0x000000000000278e      0x530 ./Middlewares/Third_Party/FreeRTOS/Source/CMSIS_RTOS_V2/cmsis_os2.o
 .debug_abbrev  0x0000000000002cbe       0xf5 ./Middlewares/Third_Party/FreeRTOS/Source/list.o
 .debug_abbrev  0x0000000000002db3      0x3b6 ./Middlewares/Third_Party/FreeRTOS/Source/queue.o
 .debug_abbrev  0x0000000000003169      0x3fe ./Middlewares/Third_Party/FreeRTOS/Source/tasks.o
 .debug_abbrev  0x0000000000003567      0x368 ./Middlewares/Third_Party/FreeRTOS/Source/timers.o
 .debug_abbrev  0x00000000000038cf      0x25c ./Middlewares/Third_Party/FreeRTOS/Source/portable/GCC/ARM_CM4F/port.o
 .debug_abbrev  0x0000000000003b2b      0x21d ./Middlewares/Third_Party/FreeRTOS/Source/portable/MemMang/heap_4.o

.debug_aranges  0x0000000000000000     0x1288
 .debug_aranges
                0x0000000000000000       0xc8 ./Core/Src/dhcp.o
 .debug_aranges
                0x00000000000000c8       0x70 ./Core/Src/dns.o
 .debug_aranges
                0x0000000000000138       0x28 ./Core/Src/freertos.o
 .debug_aranges
                0x0000000000000160       0x20 ./Core/Src/gpio.o
 .debug_aranges
                0x0000000000000180       0x68 ./Core/Src/init_Eth.o
 .debug_aranges
                0x00000000000001e8       0x30 ./Core/Src/main.o
 .debug_aranges
                0x0000000000000218       0x78 ./Core/Src/socket.o
 .debug_aranges
                0x0000000000000290       0x30 ./Core/Src/spi.o
 .debug_aranges
                0x00000000000002c0       0x20 ./Core/Src/stm32f4xx_hal_msp.o
 .debug_aranges
                0x00000000000002e0       0x58 ./Core/Src/stm32f4xx_it.o
 .debug_aranges
                0x0000000000000338       0x28 ./Core/Src/system_stm32f4xx.o
 .debug_aranges
                0x0000000000000360       0x60 ./Core/Src/w5500.o
 .debug_aranges
                0x00000000000003c0      0x138 ./Core/Src/wizchip_conf.o
 .debug_aranges
                0x00000000000004f8       0x28 ./Core/Startup/startup_stm32f429zitx.o
 .debug_aranges
                0x0000000000000520      0x100 ./Drivers/STM32F4xx_HAL_Driver/Src/stm32f4xx_hal.o
 .debug_aranges
                0x0000000000000620      0x118 ./Drivers/STM32F4xx_HAL_Driver/Src/stm32f4xx_hal_cortex.o
 .debug_aranges
                0x0000000000000738       0x90 ./Drivers/STM32F4xx_HAL_Driver/Src/stm32f4xx_hal_dma.o
 .debug_aranges
                0x00000000000007c8       0x58 ./Drivers/STM32F4xx_HAL_Driver/Src/stm32f4xx_hal_gpio.o
 .debug_aranges
                0x0000000000000820       0x88 ./Drivers/STM32F4xx_HAL_Driver/Src/stm32f4xx_hal_rcc.o
 .debug_aranges
                0x00000000000008a8      0x1d0 ./Drivers/STM32F4xx_HAL_Driver/Src/stm32f4xx_hal_spi.o
 .debug_aranges
                0x0000000000000a78      0x2a8 ./Middlewares/Third_Party/FreeRTOS/Source/CMSIS_RTOS_V2/cmsis_os2.o
 .debug_aranges
                0x0000000000000d20       0x40 ./Middlewares/Third_Party/FreeRTOS/Source/list.o
 .debug_aranges
                0x0000000000000d60      0x158 ./Middlewares/Third_Party/FreeRTOS/Source/queue.o
 .debug_aranges