Archive member included to satisfy reference by file (symbol)

C:/Any Programs/STM32CubeIDE/STM32CubeIDE/plugins/com.st.stm32cube.ide.mcu.externaltools.gnu-tools-for-stm32.11.3.rel1.win32_1.1.1.202309131626/tools/bin/../lib/gcc/arm-none-eabi/11.3.1/../../../../arm-none-eabi/lib/thumb/v7e-m+fp/hard\libc_nano.a(libc_a-exit.o)
                              C:/Any Programs/STM32CubeIDE/STM32CubeIDE/plugins/com.st.stm32cube.ide.mcu.externaltools.gnu-tools-for-stm32.11.3.rel1.win32_1.1.1.202309131626/tools/bin/../lib/gcc/arm-none-eabi/11.3.1/../../../../arm-none-eabi/lib/thumb/v7e-m+fp/hard/crt0.o (exit)
C:/Any Programs/STM32CubeIDE/STM32CubeIDE/plugins/com.st.stm32cube.ide.mcu.externaltools.gnu-tools-for-stm32.11.3.rel1.win32_1.1.1.202309131626/tools/bin/../lib/gcc/arm-none-eabi/11.3.1/../../../../arm-none-eabi/lib/thumb/v7e-m+fp/hard\libc_nano.a(libc_a-findfp.o)
                              ./Middlewares/Third_Party/FreeRTOS/Source/tasks.o (__sf)
C:/Any Programs/STM32CubeIDE/STM32CubeIDE/plugins/com.st.stm32cube.ide.mcu.externaltools.gnu-tools-for-stm32.11.3.rel1.win32_1.1.1.202309131626/tools/bin/../lib/gcc/arm-none-eabi/11.3.1/../../../../arm-none-eabi/lib/thumb/v7e-m+fp/hard\libc_nano.a(libc_a-fwalk.o)
                              C:/Any Programs/STM32CubeIDE/STM32CubeIDE/plugins/com.st.stm32cube.ide.mcu.externaltools.gnu-tools-for-stm32.11.3.rel1.win32_1.1.1.202309131626/tools/bin/../lib/gcc/arm-none-eabi/11.3.1/../../../../arm-none-eabi/lib/thumb/v7e-m+fp/hard\libc_nano.a(libc_a-findfp.o) (_fwalk_sglue)
C:/Any Programs/STM32CubeIDE/STM32CubeIDE/plugins/com.st.stm32cube.ide.mcu.externaltools.gnu-tools-for-stm32.11.3.rel1.win32_1.1.1.202309131626/tools/bin/../lib/gcc/arm-none-eabi/11.3.1/../../../../arm-none-eabi/lib/thumb/v7e-m+fp/hard\libc_nano.a(libc_a-stdio.o)
                              C:/Any Programs/STM32CubeIDE/STM32CubeIDE/plugins/com.st.stm32cube.ide.mcu.externaltools.gnu-tools-for-stm32.11.3.rel1.win32_1.1.1.202309131626/tools/bin/../lib/gcc/arm-none-eabi/11.3.1/../../../../arm-none-eabi/lib/thumb/v7e-m+fp/hard\libc_nano.a(libc_a-findfp.o) (__sread)
C:/Any Programs/STM32CubeIDE/STM32CubeIDE/plugins/com.st.stm32cube.ide.mcu.externaltools.gnu-tools-for-stm32.11.3.rel1.win32_1.1.1.202309131626/tools/bin/../lib/gcc/arm-none-eabi/11.3.1/../../../../arm-none-eabi/lib/thumb/v7e-m+fp/hard\libc_nano.a(libc_a-memset.o)
                              C:/Any Programs/STM32CubeIDE/STM32CubeIDE/plugins/com.st.stm32cube.ide.mcu.externaltools.gnu-tools-for-stm32.11.3.rel1.win32_1.1.1.202309131626/tools/bin/../lib/gcc/arm-none-eabi/11.3.1/../../../../arm-none-eabi/lib/thumb/v7e-m+fp/hard/crt0.o (memset)
C:/Any Programs/STM32CubeIDE/STM32CubeIDE/plugins/com.st.stm32cube.ide.mcu.externaltools.gnu-tools-for-stm32.11.3.rel1.win32_1.1.1.202309131626/tools/bin/../lib/gcc/arm-none-eabi/11.3.1/../../../../arm-none-eabi/lib/thumb/v7e-m+fp/hard\libc_nano.a(libc_a-strchr.o)
                              ./Core/Src/dns.o (strchr)
C:/Any Programs/STM32CubeIDE/STM32CubeIDE/plugins/com.st.stm32cube.ide.mcu.externaltools.gnu-tools-for-stm32.11.3.rel1.win32_1.1.1.202309131626/tools/bin/../lib/gcc/arm-none-eabi/11.3.1/../../../../arm-none-eabi/lib/thumb/v7e-m+fp/hard\libc_nano.a(libc_a-strncpy.o)
                              ./Core/Src/dns.o (strncpy)
C:/Any Programs/STM32CubeIDE/STM32CubeIDE/plugins/com.st.stm32cube.ide.mcu.externaltools.gnu-tools-for-stm32.11.3.rel1.win32_1.1.1.202309131626/tools/bin/../lib/gcc/arm-none-eabi/11.3.1/../../../../arm-none-eabi/lib/thumb/v7e-m+fp/hard\libc_nano.a(libc_a-closer.o)
                              C:/Any Programs/STM32CubeIDE/STM32CubeIDE/plugins/com.st.stm32cube.ide.mcu.externaltools.gnu-tools-for-stm32.11.3.rel1.win32_1.1.1.202309131626/tools/bin/../lib/gcc/arm-none-eabi/11.3.1/../../../../arm-none-eabi/lib/thumb/v7e-m+fp/hard\libc_nano.a(libc_a-stdio.o) (_close_r)
C:/Any Programs/STM32CubeIDE/STM32CubeIDE/plugins/com.st.stm32cube.ide.mcu.externaltools.gnu-tools-for-stm32.11.3.rel1.win32_1.1.1.202309131626/tools/bin/../lib/gcc/arm-none-eabi/11.3.1/../../../../arm-none-eabi/lib/thumb/v7e-m+fp/hard\libc_nano.a(libc_a-reent.o)
                              ./Middlewares/Third_Party/FreeRTOS/Source/tasks.o (_reclaim_reent)
C:/Any Programs/STM32CubeIDE/STM32CubeIDE/plugins/com.st.stm32cube.ide.mcu.externaltools.gnu-tools-for-stm32.11.3.rel1.win32_1.1.1.202309131626/tools/bin/../lib/gcc/arm-none-eabi/11.3.1/../../../../arm-none-eabi/lib/thumb/v7e-m+fp/hard\libc_nano.a(libc_a-impure.o)
                              ./Middlewares/Third_Party/FreeRTOS/Source/tasks.o (_impure_ptr)
C:/Any Programs/STM32CubeIDE/STM32CubeIDE/plugins/com.st.stm32cube.ide.mcu.externaltools.gnu-tools-for-stm32.11.3.rel1.win32_1.1.1.202309131626/tools/bin/../lib/gcc/arm-none-eabi/11.3.1/../../../../arm-none-eabi/lib/thumb/v7e-m+fp/hard\libc_nano.a(libc_a-lseekr.o)
[...]
Memory Configuration

Name             Origin             Length             Attributes
CCMRAM           0x0000000010000000 0x0000000000010000 xrw
RAM              0x0000000020000000 0x0000000000030000 xrw
FLASH            0x0000000008000000 0x0000000000200000 xr
*default*        0x0000000000000000 0xffffffffffffffff

Linker script and memory map

LOAD C:/Any Programs/STM32CubeIDE/STM32CubeIDE/plugins/com.st.stm32cube.ide.mcu.externaltools.gnu-tools-for-stm32.11.3.rel1.win32_1.1.1.202309131626/tools/bin/../lib/gcc/arm-none-eabi/11.3.1/thumb/v7e-m+fp/hard/crti.o
LOAD C:/Any Programs/STM32CubeIDE/STM32CubeIDE/plugins/com.st.stm32cube.ide.mcu.externaltools.gnu-tools-for-stm32.11.3.rel1.win32_1.1.1.202309131626/tools/bin/../lib/gcc/arm-none-eabi/11.3.1/thumb/v7e-m+fp/hard/crtbegin.o
LOAD C:/Any Programs/STM32CubeIDE/STM32CubeIDE/plugins/com.st.stm32cube.ide.mcu.externaltools.gnu-tools-for-stm32.11.3.rel1.win32_1.1.1.202309131626/tools/bin/../lib/gcc/arm-none-eabi/11.3.1/../../../../arm-none-eabi/lib/thumb/v7e-m+fp/hard/crt0.o
LOAD ./Core/Src/dhcp.o
LOAD ./Core/Src/dns.o
LOAD ./Core/Src/freertos.o
LOAD ./Core/Src/gpio.o
LOAD ./Core/Src/init_Eth.o
LOAD ./Core/Src/main.o
LOAD ./Core/Src/socket.o
LOAD ./Core/Src/spi.o
LOAD ./Core/Src/stm32f4xx_hal_msp.o
LOAD ./Core/Src/stm32f4xx_it.o
LOAD ./Core/Src/syscalls.o
LOAD ./Core/Src/sysmem.o
LOAD ./Core/Src/system_stm32f4xx.o
LOAD ./Core/Src/w5500.o
LOAD ./Core/Src/wizchip_conf.o
LOAD ./Core/Startup/startup_stm32f429zitx.o
LOAD ./Drivers/STM32F4xx_HAL_Driver/Src/stm32f4xx_hal.o
LOAD ./Drivers/STM32F4xx_HAL_Driver/Src/stm32f4xx_hal_cortex.o
LOAD ./Drivers/STM32F4xx_HAL_Driver/Src/stm32f4xx_hal_dma.o
LOAD ./Drivers/STM32F4xx_HAL_Driver/Src/stm32f4xx_hal_dma_ex.o
LOAD ./Drivers/STM32F4xx_HAL_Driver/Src/stm32f4xx_hal_exti.o
LOAD ./Drivers/STM32F4xx_HAL_Driver/Src/stm32f4xx_hal_flash.o
LOAD ./Drivers/STM32F4xx_HAL_Driver/Src/stm32f4xx_hal_flash_ex.o
LOAD ./Drivers/STM32F4xx_HAL_Driver/Src/stm32f4xx_hal_flash_ramfunc.o
LOAD ./Drivers/STM32F4xx_HAL_Driver/Src/stm32f4xx_hal_gpio.o
LOAD ./Drivers/STM32F4xx_HAL_Driver/Src/stm32f4xx_hal_pwr.o
LOAD ./Drivers/STM32F4xx_HAL_Driver/Src/stm32f4xx_hal_pwr_ex.o
LOAD ./Drivers/STM32F4xx_HAL_Driver/Src/stm32f4xx_hal_rcc.o
LOAD ./Drivers/STM32F4xx_HAL_Driver/Src/stm32f4xx_hal_rcc_ex.o
LOAD ./Drivers/STM32F4xx_HAL_Driver/Src/stm32f4xx_hal_spi.o
LOAD ./Middlewares/Third_Party/FreeRTOS/Source/CMSIS_RTOS_V2/cmsis_os2.o
LOAD ./Middlewares/Third_Party/FreeRTOS/Source/croutine.o
LOAD ./Middlewares/Third_Party/FreeRTOS/Source/event_groups.o
LOAD ./Middlewares/Third_Party/FreeRTOS/Source/list.o
LOAD ./Middlewares/Third_Party/FreeRTOS/Source/queue.o
LOAD ./Middlewares/Third_Party/FreeRTOS/Source/stream_buffer.o
LOAD ./Middlewares/Third_Party/FreeRTOS/Source/tasks.o
LOAD ./Middlewares/Third_Party/FreeRTOS/Source/timers.o
LOAD ./Middlewares/Third_Party/FreeRTOS/Source/portable/GCC/ARM_CM4F/port.o
LOAD ./Middlewares/Third_Party/FreeRTOS/Source/portable/MemMang/heap_4.o
START GROUP
LOAD C:/Any Programs/STM32CubeIDE/STM32CubeIDE/plugins/com.st.stm32cube.ide.mcu.externaltools.gnu-tools-for-stm32.11.3.rel1.win32_1.1.1.202309131626/tools/bin/../lib/gcc/arm-none-eabi/11.3.1/../../../../arm-none-eabi/lib/thumb/v7e-m+fp/hard\libc_nano.a
LOAD C:/Any Programs/STM32CubeIDE/STM32CubeIDE/plugins/com.st.stm32cube.ide.mcu.externaltools.gnu-tools-for-stm32.11.3.rel1.win32_1.1.1.202309131626/tools/bin/../lib/gcc/arm-none-eabi/11.3.1/../../../../arm-none-eabi/lib/thumb/v7e-m+fp/hard\libm.a
END GROUP
START GROUP
LOAD C:/Any Programs/STM32CubeIDE/STM32CubeIDE/plugins/com.st.stm32cube.ide.mcu.externaltools.gnu-tools-for-stm32.11.3.rel1.win32_1.1.1.202309131626/tools/bin/../lib/gcc/arm-none-eabi/11.3.1/thumb/v7e-m+fp/hard\libgcc.a
LOAD C:/Any Programs/STM32CubeIDE/STM32CubeIDE/plugins/com.st.stm32cube.ide.mcu.externaltools.gnu-tools-for-stm32.11.3.rel1.win32_1.1.1.202309131626/tools/bin/../lib/gcc/arm-none-eabi/11.3.1/../../../../arm-none-eabi/lib/thumb/v7e-m+fp/hard\libc_nano.a
END GROUP
START GROUP
LOAD C:/Any Programs/STM32CubeIDE/STM32CubeIDE/plugins/com.st.stm32cube.ide.mcu.externaltools.gnu-tools-for-stm32.11.3.rel1.win32_1.1.1.202309131626/tools/bin/../lib/gcc/arm-none-eabi/11.3.1/thumb/v7e-m+fp/hard\libgcc.a
LOAD C:/Any Programs/STM32CubeIDE/STM32CubeIDE/plugins/com.st.stm32cube.ide.mcu.externaltools.gnu-tools-for-stm32.11.3.rel1.win32_1.1.1.202309131626/tools/bin/../lib/gcc/arm-none-eabi/11.3.1/../../../../arm-none-eabi/lib/thumb/v7e-m+fp/hard\libc_nano.a
LOAD C:/Any Programs/STM32CubeIDE/STM32CubeIDE/plugins/com.st.stm32cube.ide.mcu.externaltools.gnu-tools-for-stm32.11.3.rel1.win32_1.1.1.202309131626/tools/bin/../lib/gcc/arm-none-eabi/11.3.1/../../../../arm-none-eabi/lib/thumb/v7e-m+fp/hard\libnosys.a
END GROUP
START GROUP
LOAD C:/Any Programs/STM32CubeIDE/STM32CubeIDE/plugins/com.st.stm32cube.ide.mcu.externaltools.gnu-tools-for-stm32.11.3.rel1.win32_1.1.1.202309131626/tools/bin/../lib/gcc/arm-none-eabi/11.3.1/thumb/v7e-m+fp/hard\libgcc.a
LOAD C:/Any Programs/STM32CubeIDE/STM32CubeIDE/plugins/com.st.stm32cube.ide.mcu.externaltools.gnu-tools-for-stm32.11.3.rel1.win32_1.1.1.202309131626/tools/bin/../lib/gcc/arm-none-eabi/11.3.1/../../../../arm-none-eabi/lib/thumb/v7e-m+fp/hard\libc_nano.a
LOAD C:/Any Programs/STM32CubeIDE/STM32CubeIDE/plugins/com.st.stm32cube.ide.mcu.externaltools.gnu-tools-for-stm32.11.3.rel1.win32_1.1.1.202309131626/tools/bin/../lib/gcc/arm-none-eabi/11.3.1/../../../../arm-none-eabi/lib/thumb/v7e-m+fp/hard\libnosys.a
END GROUP
LOAD C:/Any Programs/STM32CubeIDE/STM32CubeIDE/plugins/com.st.stm32cube.ide.mcu.externaltools.gnu-tools-for-stm32.11.3.rel1.win32_1.1.1.202309131626/tools/bin/../lib/gcc/arm-none-eabi/11.3.1/thumb/v7e-m+fp/hard/crtend.o
LOAD C:/Any Programs/STM32CubeIDE/STM32CubeIDE/plugins/com.st.stm32cube.ide.mcu.externaltools.gnu-tools-for-stm32.11.3.rel1.win32_1.1.1.202309131626/tools/bin/../lib/gcc/arm-none-eabi/11.3.1/thumb/v7e-m+fp/hard/crtn.o
                0x0000000020030000                _estack = (ORIGIN (RAM) + LENGTH (RAM))
                0x0000000000000200                _Min_Heap_Size = 0x200
                0x0000000000000400                _Min_Stack_Size = 0x400

.isr_vector     0x0000000008000000      0x1ac
                0x0000000008000000                . = ALIGN (0x4)
 *(.isr_vector)
 .isr_vector    0x0000000008000000      0x1ac ./Core/Startup/startup_stm32f429zitx.o
                0x0000000008000000                g_pfnVectors
                0x00000000080001ac                . = ALIGN (0x4)

.text           0x00000000080001b0     0x6618
                0x00000000080001b0                . = ALIGN (0x4)
 *(.text)
 .text          0x00000000080001b0       0x40 C:/Any Programs/STM32CubeIDE/STM32CubeIDE/plugins/com.st.stm32cube.ide.mcu.externaltools.gnu-tools-for-stm32.11.3.rel1.win32_1.1.1.202309131626/tools/bin/../lib/gcc/arm-none-eabi/11.3.1/thumb/v7e-m+fp/hard/crtbegin.o
 .text          0x00000000080001f0       0x14 C:/Any Programs/STM32CubeIDE/STM32CubeIDE/plugins/com.st.stm32cube.ide.mcu.externaltools.gnu-tools-for-stm32.11.3.rel1.win32_1.1.1.202309131626/tools/bin/../lib/gcc/arm-none-eabi/11.3.1/../../../../arm-none-eabi/lib/thumb/v7e-m+fp/hard\libc_nano.a(libc_a-strcmp.o)
                0x00000000080001f0                strcmp
 .text          0x0000000008000204       0x30 C:/Any Programs/STM32CubeIDE/STM32CubeIDE/plugins/com.st.stm32cube.ide.mcu.externaltools.gnu-tools-for-stm32.11.3.rel1.win32_1.1.1.202309131626/tools/bin/../lib/gcc/arm-none-eabi/11.3.1/thumb/v7e-m+fp/hard\libgcc.a(_aeabi_uldivmod.o)
                0x0000000008000204                __aeabi_uldivmod
 .text          0x0000000008000234      0x2c8 C:/Any Programs/STM32CubeIDE/STM32CubeIDE/plugins/com.st.stm32cube.ide.mcu.externaltools.gnu-tools-for-stm32.11.3.rel1.win32_1.1.1.202309131626/tools/bin/../lib/gcc/arm-none-eabi/11.3.1/thumb/v7e-m+fp/hard\libgcc.a(_udivmoddi4.o)
                0x0000000008000234                __udivmoddi4
 .text          0x00000000080004fc        0x4 C:/Any Programs/STM32CubeIDE/STM32CubeIDE/plugins/com.st.stm32cube.ide.mcu.externaltools.gnu-tools-for-stm32.11.3.rel1.win32_1.1.1.202309131626/tools/bin/../lib/gcc/arm-none-eabi/11.3.1/thumb/v7e-m+fp/hard\libgcc.a(_dvmd_tls.o)
                0x00000000080004fc                __aeabi_idiv0
                0x00000000080004fc                __aeabi_ldiv0
 *(.text*)
 .text.MX_FREERTOS_Init
                0x0000000008000500       0x24 ./Core/Src/freertos.o
                0x0000000008000500                MX_FREERTOS_Init
 .text.StartDefaultTask
                0x0000000008000524       0x16 ./Core/Src/freertos.o
                0x0000000008000524                StartDefaultTask
 *fill*         0x000000000800053a        0x2 
 .text.MX_GPIO_Init
                0x000000000800053c       0xb4 ./Core/Src/gpio.o
                0x000000000800053c                MX_GPIO_Init
 .text.W5500_Select
                0x00000000080005f0       0x18 ./Core/Src/init_Eth.o
                0x00000000080005f0                W5500_Select
 .text.W5500_Unselect
                0x0000000008000608       0x18 ./Core/Src/init_Eth.o
                0x0000000008000608                W5500_Unselect
 .text.W5500_ReadBuff
                0x0000000008000620       0x28 ./Core/Src/init_Eth.o
                0x0000000008000620                W5500_ReadBuff
 .text.W5500_WriteBuff
                0x0000000008000648       0x28 ./Core/Src/init_Eth.o
                0x0000000008000648                W5500_WriteBuff
 .text.W5500_ReadByte
                0x0000000008000670       0x1a ./Core/Src/init_Eth.o
                0x0000000008000670                W5500_ReadByte
 .text.W5500_WriteByte
                0x000000000800068a       0x1c ./Core/Src/init_Eth.o
                0x000000000800068a                W5500_WriteByte
 *fill*         0x00000000080006a6        0x2 
 .text.IP_set   0x00000000080006a8       0x64 ./Core/Src/init_Eth.o
                0x00000000080006a8                IP_set
 .text.socket_init
                0x000000000800070c       0x38 ./Core/Src/init_Eth.o
                0x000000000800070c                socket_init
 .text.echo_server
                0x0000000008000744      0x16c ./Core/Src/init_Eth.o
                0x0000000008000744                echo_server
 .text.recive_from_mysocket
                0x00000000080008b0       0x7c ./Core/Src/init_Eth.o
                0x00000000080008b0                recive_from_mysocket
 .text.main     0x000000000800092c       0x22 ./Core/Src/main.o
                0x000000000800092c                main
 *fill*         0x000000000800094e        0x2 
 .text.SystemClock_Config
                0x0000000008000950       0xc0 ./Core/Src/main.o
                0x0000000008000950                SystemClock_Config
 .text.Error_Handler
                0x0000000008000a10        0xa ./Core/Src/main.o
                0x0000000008000a10                Error_Handler
 *fill*         0x0000000008000a1a        0x2 
 .text.socket   0x0000000008000a1c      0x228 ./Core/Src/socket.o
                0x0000000008000a1c                socket
 .text.close    0x0000000008000c44       0xdc ./Core/Src/socket.o
                0x0000000008000c44                close
 .text.listen   0x0000000008000d20       0xb2 ./Core/Src/socket.o
                0x0000000008000d20                listen
 *fill*         0x0000000008000dd2        0x2 
 .text.send     0x0000000008000dd4      0x1f4 ./Core/Src/socket.o
                0x0000000008000dd4                send
 .text.recv     0x0000000008000fc8      0x16c ./Core/Src/socket.o
                0x0000000008000fc8                recv
 .text.MX_SPI1_Init
                0x0000000008001134       0x6c ./Core/Src/spi.o
                0x0000000008001134                MX_SPI1_Init
 .text.HAL_SPI_MspInit
                0x00000000080011a0       0xa0 ./Core/Src/spi.o
                0x00000000080011a0                HAL_SPI_MspInit
 .text.HAL_MspInit
                0x0000000008001240       0x58 ./Core/Src/stm32f4xx_hal_msp.o
                0x0000000008001240                HAL_MspInit
 .text.NMI_Handler
                0x0000000008001298        0x6 ./Core/Src/stm32f4xx_it.o
                0x0000000008001298                NMI_Handler
 .text.HardFault_Handler
                0x000000000800129e        0x6 ./Core/Src/stm32f4xx_it.o
                0x000000000800129e                HardFault_Handler
 .text.MemManage_Handler
                0x00000000080012a4        0x6 ./Core/Src/stm32f4xx_it.o
                0x00000000080012a4                MemManage_Handler
 .text.BusFault_Handler
                0x00000000080012aa        0x6 ./Core/Src/stm32f4xx_it.o
                0x00000000080012aa                BusFault_Handler
 .text.UsageFault_Handler
                0x00000000080012b0        0x6 ./Core/Src/stm32f4xx_it.o
                0x00000000080012b0                UsageFault_Handler
 .text.DebugMon_Handler
                0x00000000080012b6        0xe ./Core/Src/stm32f4xx_it.o
                0x00000000080012b6                DebugMon_Handler
 .text.SysTick_Handler
                0x00000000080012c4       0x1a ./Core/Src/stm32f4xx_it.o
                0x00000000080012c4                SysTick_Handler
 *fill*         0x00000000080012de        0x2 
 .text.SPI1_IRQHandler
                0x00000000080012e0       0x14 ./Core/Src/stm32f4xx_it.o
                0x00000000080012e0                SPI1_IRQHandler
 .text.SystemInit
                0x00000000080012f4       0x24 ./Core/Src/system_stm32f4xx.o
                0x00000000080012f4                SystemInit
 .text.WIZCHIP_READ
                0x0000000008001318       0x98 ./Core/Src/w5500.o
                0x0000000008001318                WIZCHIP_READ
 .text.WIZCHIP_WRITE
                0x00000000080013b0       0x9c ./Core/Src/w5500.o
                0x00000000080013b0                WIZCHIP_WRITE
 .text.WIZCHIP_READ_BUF
                0x000000000800144c       0xc0 ./Core/Src/w5500.o
                0x000000000800144c                WIZCHIP_READ_BUF
 .text.WIZCHIP_WRITE_BUF
                0x000000000800150c       0xc0 ./Core/Src/w5500.o
                0x000000000800150c                WIZCHIP_WRITE_BUF
 .text.getSn_TX_FSR
                0x00000000080015cc       0x96 ./Core/Src/w5500.o
                0x00000000080015cc                getSn_TX_FSR
 .text.getSn_RX_RSR
                0x0000000008001662       0x96 ./Core/Src/w5500.o
                0x0000000008001662                getSn_RX_RSR
 .text.wiz_send_data
                0x00000000080016f8       0xb8 ./Core/Src/w5500.o
                0x00000000080016f8                wiz_send_data
 .text.wiz_recv_data
                0x00000000080017b0       0xb8 ./Core/Src/w5500.o
                0x00000000080017b0                wiz_recv_data
 .text.wizchip_cris_enter
                0x0000000008001868        0xe ./Core/Src/wizchip_conf.o
                0x0000000008001868                wizchip_cris_enter
 .text.wizchip_cris_exit
                0x0000000008001876        0xe ./Core/Src/wizchip_conf.o
                0x0000000008001876                wizchip_cris_exit
 .text.wizchip_cs_select
                0x0000000008001884        0xe ./Core/Src/wizchip_conf.o
                0x0000000008001884                wizchip_cs_select
 .text.wizchip_cs_deselect
                0x0000000008001892        0xe ./Core/Src/wizchip_conf.o
                0x0000000008001892                wizchip_cs_deselect
 .text.wizchip_bus_readdata
                0x00000000080018a0       0x1a ./Core/Src/wizchip_conf.o
                0x00000000080018a0                wizchip_bus_readdata
 .text.wizchip_bus_writedata
                0x00000000080018ba       0x1e ./Core/Src/wizchip_conf.o
                0x00000000080018ba                wizchip_bus_writedata
 .text.wizchip_spi_readbyte
                0x00000000080018d8       0x10 ./Core/Src/wizchip_conf.o
                0x00000000080018d8                wizchip_spi_readbyte
 .text.wizchip_spi_writebyte
                0x00000000080018e8       0x16 ./Core/Src/wizchip_conf.o
                0x00000000080018e8                wizchip_spi_writebyte
 .text.wizchip_spi_readburst
                0x00000000080018fe       0x18 ./Core/Src/wizchip_conf.o
                0x00000000080018fe                wizchip_spi_readburst
 .text.wizchip_spi_writeburst
                0x0000000008001916       0x18 ./Core/Src/wizchip_conf.o
                0x0000000008001916                wizchip_spi_writeburst
 *fill*         0x000000000800192e        0x2 
 .text.reg_wizchip_cs_cbfunc
                0x0000000008001930       0x4c ./Core/Src/wizchip_conf.o
                0x0000000008001930                reg_wizchip_cs_cbfunc
 .text.reg_wizchip_spi_cbfunc
                0x000000000800197c       0x58 ./Core/Src/wizchip_conf.o
                0x000000000800197c                reg_wizchip_spi_cbfunc
 .text.reg_wizchip_spiburst_cbfunc
                0x00000000080019d4       0x58 ./Core/Src/wizchip_conf.o
                0x00000000080019d4                reg_wizchip_spiburst_cbfunc
 .text.ctlnetwork
                0x0000000008001a2c       0x7c ./Core/Src/wizchip_conf.o
                0x0000000008001a2c                ctlnetwork
 .text.wizchip_sw_reset
                0x0000000008001aa8       0x98 ./Core/Src/wizchip_conf.o
                0x0000000008001aa8                wizchip_sw_reset
 .text.wizchip_init
                0x0000000008001b40      0x118 ./Core/Src/wizchip_conf.o
                0x0000000008001b40                wizchip_init
 .text.wizchip_setnetinfo
                0x0000000008001c58       0x80 ./Core/Src/wizchip_conf.o
                0x0000000008001c58                wizchip_setnetinfo
 .text.wizchip_getnetinfo
                0x0000000008001cd8       0x80 ./Core/Src/wizchip_conf.o
                0x0000000008001cd8                wizchip_getnetinfo
 .text.wizchip_setnetmode
                0x0000000008001d58       0x44 ./Core/Src/wizchip_conf.o
                0x0000000008001d58                wizchip_setnetmode
 .text.wizchip_getnetmode
                0x0000000008001d9c       0x10 ./Core/Src/wizchip_conf.o
                0x0000000008001d9c                wizchip_getnetmode
 .text.wizchip_settimeout
                0x0000000008001dac       0x42 ./Core/Src/wizchip_conf.o
                0x0000000008001dac                wizchip_settimeout
 .text.wizchip_gettimeout
                0x0000000008001dee       0x44 ./Core/Src/wizchip_conf.o
                0x0000000008001dee                wizchip_gettimeout
 *fill*         0x0000000008001e32        0x2 
 .text.Reset_Handler
                0x0000000008001e34       0x50 ./Core/Startup/startup_stm32f429zitx.o
                0x0000000008001e34                Reset_Handler
 .text.Default_Handler
                0x0000000008001e84        0x2 ./Core/Startup/startup_stm32f429zitx.o
                0x0000000008001e84                RTC_Alarm_IRQHandler
                0x0000000008001e84                HASH_RNG_IRQHandler
                0x0000000008001e84                EXTI2_IRQHandler
                0x0000000008001e84                TIM8_CC_IRQHandler
                0x0000000008001e84                UART8_IRQHandler
                0x0000000008001e84                SPI4_IRQHandler
                0x0000000008001e84                TIM1_CC_IRQHandler
                0x0000000008001e84                DMA2_Stream5_IRQHandler
                0x0000000008001e84                DMA1_Stream5_IRQHandler
                0x0000000008001e84                PVD_IRQHandler
                0x0000000008001e84                SDIO_IRQHandler
                0x0000000008001e84                TAMP_STAMP_IRQHandler
                0x0000000008001e84                CAN2_RX1_IRQHandler
                0x0000000008001e84                EXTI3_IRQHandler
                0x0000000008001e84                TIM8_TRG_COM_TIM14_IRQHandler
                0x0000000008001e84                TIM1_UP_TIM10_IRQHandler
                0x0000000008001e84                TIM8_UP_TIM13_IRQHandler
                0x0000000008001e84                I2C3_ER_IRQHandler
                0x0000000008001e84                EXTI0_IRQHandler
                0x0000000008001e84                I2C2_EV_IRQHandler
                0x0000000008001e84                DMA1_Stream2_IRQHandler
                0x0000000008001e84                CAN1_RX0_IRQHandler
                0x0000000008001e84                FPU_IRQHandler
                0x0000000008001e84                OTG_HS_WKUP_IRQHandler
                0x0000000008001e84                LTDC_ER_IRQHandler
                0x0000000008001e84                CAN2_SCE_IRQHandler
                0x0000000008001e84                DMA2_Stream2_IRQHandler
                0x0000000008001e84                TIM6_DAC_IRQHandler
                0x0000000008001e84                TIM1_BRK_TIM9_IRQHandler
                0x0000000008001e84                DCMI_IRQHandler
                0x0000000008001e84                CAN2_RX0_IRQHandler
                0x0000000008001e84                DMA2_Stream3_IRQHandler
                0x0000000008001e84                USART6_IRQHandler
                0x0000000008001e84                USART3_IRQHandler
                0x0000000008001e84                CAN1_RX1_IRQHandler
                0x0000000008001e84                UART5_IRQHandler
                0x0000000008001e84                DMA2_Stream0_IRQHandler
                0x0000000008001e84                TIM4_IRQHandler
                0x0000000008001e84                I2C1_EV_IRQHandler
                0x0000000008001e84                DMA1_Stream6_IRQHandler
                0x0000000008001e84                DMA1_Stream1_IRQHandler
                0x0000000008001e84                UART4_IRQHandler
                0x0000000008001e84                TIM3_IRQHandler
                0x0000000008001e84                RCC_IRQHandler
                0x0000000008001e84                TIM8_BRK_TIM12_IRQHandler
                0x0000000008001e84                Default_Handler
                0x0000000008001e84                EXTI15_10_IRQHandler
                0x0000000008001e84                ADC_IRQHandler
                0x0000000008001e84                DMA1_Stream7_IRQHandler
                0x0000000008001e84                SPI5_IRQHandler
                0x0000000008001e84                TIM7_IRQHandler
                0x0000000008001e84                CAN2_TX_IRQHandler
                0x0000000008001e84                TIM5_IRQHandler
                0x0000000008001e84                DMA2_Stream7_IRQHandler
                0x0000000008001e84                I2C3_EV_IRQHandler
                0x0000000008001e84                EXTI9_5_IRQHandler
                0x0000000008001e84                RTC_WKUP_IRQHandler
                0x0000000008001e84                LTDC_IRQHandler
                0x0000000008001e84                ETH_WKUP_IRQHandler
                0x0000000008001e84                SPI2_IRQHandler
                0x0000000008001e84                OTG_HS_EP1_IN_IRQHandler
                0x0000000008001e84                DMA1_Stream0_IRQHandler
                0x0000000008001e84                CAN1_TX_IRQHandler
                0x0000000008001e84                EXTI4_IRQHandler
                0x0000000008001e84                ETH_IRQHandler
                0x0000000008001e84                OTG_HS_EP1_OUT_IRQHandler
                0x0000000008001e84                WWDG_IRQHandler
                0x0000000008001e84                SPI6_IRQHandler
                0x0000000008001e84                TIM2_IRQHandler
                0x0000000008001e84                OTG_FS_WKUP_IRQHandler
                0x0000000008001e84                TIM1_TRG_COM_TIM11_IRQHandler
                0x0000000008001e84                OTG_HS_IRQHandler
                0x0000000008001e84                DMA2D_IRQHandler
                0x0000000008001e84                EXTI1_IRQHandler
                0x0000000008001e84                UART7_IRQHandler
                0x0000000008001e84                USART2_IRQHandler
                0x0000000008001e84                I2C2_ER_IRQHandler
                0x0000000008001e84                DMA2_Stream1_IRQHandler
                0x0000000008001e84                CAN1_SCE_IRQHandler
                0x0000000008001e84                FLASH_IRQHandler
                0x0000000008001e84                DMA2_Stream4_IRQHandler
                0x0000000008001e84                USART1_IRQHandler
                0x0000000008001e84                OTG_FS_IRQHandler
                0x0000000008001e84                SPI3_IRQHandler
                0x0000000008001e84                DMA1_Stream4_IRQHandler
                0x0000000008001e84                I2C1_ER_IRQHandler
                0x0000000008001e84                FMC_IRQHandler
                0x0000000008001e84                DMA2_Stream6_IRQHandler
                0x0000000008001e84                SAI1_IRQHandler
                0x0000000008001e84                DMA1_Stream3_IRQHandler
 *fill*         0x0000000008001e86        0x2 
 .text.HAL_Init
                0x0000000008001e88       0x44 ./Drivers/STM32F4xx_HAL_Driver/Src/stm32f4xx_hal.o
                0x0000000008001e88                HAL_Init
 .text.HAL_InitTick
                0x0000000008001ecc       0x60 ./Drivers/STM32F4xx_HAL_Driver/Src/stm32f4xx_hal.o
                0x0000000008001ecc                HAL_InitTick
 .text.HAL_IncTick
                0x0000000008001f2c       0x28 ./Drivers/STM32F4xx_HAL_Driver/Src/stm32f4xx_hal.o
                0x0000000008001f2c                HAL_IncTick
 .text.HAL_GetTick
                0x0000000008001f54       0x18 ./Drivers/STM32F4xx_HAL_Driver/Src/stm32f4xx_hal.o
                0x0000000008001f54                HAL_GetTick
 .text.__NVIC_SetPriorityGrouping
                0x0000000008001f6c       0x48 ./Drivers/STM32F4xx_HAL_Driver/Src/stm32f4xx_hal_cortex.o
 .text.__NVIC_GetPriorityGrouping
                0x0000000008001fb4       0x1c ./Drivers/STM32F4xx_HAL_Driver/Src/stm32f4xx_hal_cortex.o
 .text.__NVIC_EnableIRQ
                0x0000000008001fd0       0x3c ./Drivers/STM32F4xx_HAL_Driver/Src/stm32f4xx_hal_cortex.o
 .text.__NVIC_SetPriority
                0x000000000800200c       0x54 ./Drivers/STM32F4xx_HAL_Driver/Src/stm32f4xx_hal_cortex.o
 .text.NVIC_EncodePriority
                0x0000000008002060       0x66 ./Drivers/STM32F4xx_HAL_Driver/Src/stm32f4xx_hal_cortex.o
 *fill*         0x00000000080020c6        0x2 
 .text.SysTick_Config
                0x00000000080020c8       0x44 ./Drivers/STM32F4xx_HAL_Driver/Src/stm32f4xx_hal_cortex.o
 .text.HAL_NVIC_SetPriorityGrouping
                0x000000000800210c       0x16 ./Drivers/STM32F4xx_HAL_Driver/Src/stm32f4xx_hal_cortex.o
                0x000000000800210c                HAL_NVIC_SetPriorityGrouping
 .text.HAL_NVIC_SetPriority
                0x0000000008002122       0x38 ./Drivers/STM32F4xx_HAL_Driver/Src/stm32f4xx_hal_cortex.o
                0x0000000008002122                HAL_NVIC_SetPriority
 .text.HAL_NVIC_EnableIRQ
                0x000000000800215a       0x1c ./Drivers/STM32F4xx_HAL_Driver/Src/stm32f4xx_hal_cortex.o
                0x000000000800215a                HAL_NVIC_EnableIRQ
 .text.HAL_SYSTICK_Config
                0x0000000008002176       0x18 ./Drivers/STM32F4xx_HAL_Driver/Src/stm32f4xx_hal_cortex.o
                0x0000000008002176                HAL_SYSTICK_Config
 .text.HAL_DMA_Abort_IT
                0x000000000800218e       0x44 ./Drivers/STM32F4xx_HAL_Driver/Src/stm32f4xx_hal_dma.o
                0x000000000800218e                HAL_DMA_Abort_IT
 *fill*         0x00000000080021d2        0x2 
 .text.HAL_GPIO_Init
                0x00000000080021d4      0x358 ./Drivers/STM32F4xx_HAL_Driver/Src/stm32f4xx_hal_gpio.o
                0x00000000080021d4                HAL_GPIO_Init
 .text.HAL_GPIO_WritePin
                0x000000000800252c       0x32 ./Drivers/STM32F4xx_HAL_Driver/Src/stm32f4xx_hal_gpio.o
                0x000000000800252c                HAL_GPIO_WritePin
 *fill*         0x000000000800255e        0x2 
 .text.HAL_RCC_OscConfig
                0x0000000008002560      0x4f0 ./Drivers/STM32F4xx_HAL_Driver/Src/stm32f4xx_hal_rcc.o
                0x0000000008002560                HAL_RCC_OscConfig
 .text.HAL_RCC_ClockConfig
                0x0000000008002a50      0x1cc ./Drivers/STM32F4xx_HAL_Driver/Src/stm32f4xx_hal_rcc.o
                0x0000000008002a50                HAL_RCC_ClockConfig
 .text.HAL_RCC_GetSysClockFreq
                0x0000000008002c1c      0x18c ./Drivers/STM32F4xx_HAL_Driver/Src/stm32f4xx_hal_rcc.o
                0x0000000008002c1c                HAL_RCC_GetSysClockFreq
 .text.HAL_SPI_Init
                0x0000000008002da8      0x112 ./Drivers/STM32F4xx_HAL_Driver/Src/stm32f4xx_hal_spi.o
                0x0000000008002da8                HAL_SPI_Init
 .text.HAL_SPI_Transmit
                0x0000000008002eba      0x278 ./Drivers/STM32F4xx_HAL_Driver/Src/stm32f4xx_hal_spi.o
                0x0000000008002eba                HAL_SPI_Transmit
 .text.HAL_SPI_Receive
                0x0000000008003132      0x222 ./Drivers/STM32F4xx_HAL_Driver/Src/stm32f4xx_hal_spi.o
                0x0000000008003132                HAL_SPI_Receive
 .text.HAL_SPI_TransmitReceive
                0x0000000008003354      0x344 ./Drivers/STM32F4xx_HAL_Driver/Src/stm32f4xx_hal_spi.o
                0x0000000008003354                HAL_SPI_TransmitReceive
 .text.HAL_SPI_IRQHandler
                0x0000000008003698      0x1e8 ./Drivers/STM32F4xx_HAL_Driver/Src/stm32f4xx_hal_spi.o
                0x0000000008003698                HAL_SPI_IRQHandler
 .text.HAL_SPI_ErrorCallback
                0x0000000008003880       0x14 ./Drivers/STM32F4xx_HAL_Driver/Src/stm32f4xx_hal_spi.o
                0x0000000008003880                HAL_SPI_ErrorCallback
 .text.SPI_DMAAbortOnError
                0x0000000008003894       0x28 ./Drivers/STM32F4xx_HAL_Driver/Src/stm32f4xx_hal_spi.o
 .text.SPI_WaitFlagStateUntilTimeout
                0x00000000080038bc      0x110 ./Drivers/STM32F4xx_HAL_Driver/Src/stm32f4xx_hal_spi.o
 .text.SPI_EndRxTransaction
                0x00000000080039cc       0xca ./Drivers/STM32F4xx_HAL_Driver/Src/stm32f4xx_hal_spi.o
 *fill*         0x0000000008003a96        0x2 
 .text.SPI_EndRxTxTransaction
                0x0000000008003a98       0x84 ./Drivers/STM32F4xx_HAL_Driver/Src/stm32f4xx_hal_spi.o
 .text.__NVIC_SetPriority
                0x0000000008003b1c       0x54 ./Middlewares/Third_Party/FreeRTOS/Source/CMSIS_RTOS_V2/cmsis_os2.o
 .text.SVC_Setup
                0x0000000008003b70       0x12 ./Middlewares/Third_Party/FreeRTOS/Source/CMSIS_RTOS_V2/cmsis_os2.o
 *fill*         0x0000000008003b82        0x2 
 .text.osKernelInitialize
                0x0000000008003b84       0x48 ./Middlewares/Third_Party/FreeRTOS/Source/CMSIS_RTOS_V2/cmsis_os2.o
                0x0000000008003b84                osKernelInitialize
 .text.osKernelStart
                0x0000000008003bcc       0x4c ./Middlewares/Third_Party/FreeRTOS/Source/CMSIS_RTOS_V2/cmsis_os2.o
                0x0000000008003bcc                osKernelStart
 .text.osThreadNew
                0x0000000008003c18      0x124 ./Middlewares/Third_Party/FreeRTOS/Source/CMSIS_RTOS_V2/cmsis_os2.o
                0x0000000008003c18                osThreadNew
 .text.vApplicationGetIdleTaskMemory
                0x0000000008003d3c       0x34 ./Middlewares/Third_Party/FreeRTOS/Source/CMSIS_RTOS_V2/cmsis_os2.o
                0x0000000008003d3c                vApplicationGetIdleTaskMemory
 .text.vApplicationGetTimerTaskMemory
                0x0000000008003d70       0x34 ./Middlewares/Third_Party/FreeRTOS/Source/CMSIS_RTOS_V2/cmsis_os2.o
                0x0000000008003d70                vApplicationGetTimerTaskMemory
 .text.vListInitialise
                0x0000000008003da4       0x40 ./Middlewares/Third_Party/FreeRTOS/Source/list.o
                0x0000000008003da4                vListInitialise
 .text.vListInitialiseItem
                0x0000000008003de4       0x1a ./Middlewares/Third_Party/FreeRTOS/Source/list.o
                0x0000000008003de4                vListInitialiseItem
 .text.vListInsertEnd
                0x0000000008003dfe       0x48 ./Middlewares/Third_Party/FreeRTOS/Source/list.o
                0x0000000008003dfe                vListInsertEnd
 .text.vListInsert
                0x0000000008003e46       0x72 ./Middlewares/Third_Party/FreeRTOS/Source/list.o
                0x0000000008003e46                vListInsert
 .text.uxListRemove
                0x0000000008003eb8       0x54 ./Middlewares/Third_Party/FreeRTOS/Source/list.o
                0x0000000008003eb8                uxListRemove
 .text.xQueueGenericReset
                0x0000000008003f0c       0xd0 ./Middlewares/Third_Party/FreeRTOS/Source/queue.o
                0x0000000008003f0c                xQueueGenericReset
 .text.xQueueGenericCreateStatic
                0x0000000008003fdc       0xf0 ./Middlewares/Third_Party/FreeRTOS/Source/queue.o
                0x0000000008003fdc                xQueueGenericCreateStatic
 .text.prvInitialiseNewQueue
                0x00000000080040cc       0x46 ./Middlewares/Third_Party/FreeRTOS/Source/queue.o
 *fill*         0x0000000008004112        0x2 
 .text.xQueueGenericSend
                0x0000000008004114      0x1fc ./Middlewares/Third_Party/FreeRTOS/Source/queue.o
                0x0000000008004114                xQueueGenericSend
 .text.xQueueGenericSendFromISR
                0x0000000008004310      0x136 ./Middlewares/Third_Party/FreeRTOS/Source/queue.o
                0x0000000008004310                xQueueGenericSendFromISR
 *fill*         0x0000000008004446        0x2 
 .text.xQueueReceive
                0x0000000008004448      0x1c0 ./Middlewares/Third_Party/FreeRTOS/Source/queue.o
                0x0000000008004448                xQueueReceive
 .text.prvCopyDataToQueue
                0x0000000008004608       0xd4 ./Middlewares/Third_Party/FreeRTOS/Source/queue.o
 .text.prvCopyDataFromQueue
                0x00000000080046dc       0x4c ./Middlewares/Third_Party/FreeRTOS/Source/queue.o
 .text.prvUnlockQueue
                0x0000000008004728       0xa4 ./Middlewares/Third_Party/FreeRTOS/Source/queue.o
 .text.prvIsQueueEmpty
                0x00000000080047cc       0x2c ./Middlewares/Third_Party/FreeRTOS/Source/queue.o
 .text.prvIsQueueFull
                0x00000000080047f8       0x30 ./Middlewares/Third_Party/FreeRTOS/Source/queue.o
 .text.vQueueAddToRegistry
                0x0000000008004828       0x54 ./Middlewares/Third_Party/FreeRTOS/Source/queue.o
                0x0000000008004828                vQueueAddToRegistry
 .text.vQueueWaitForMessageRestricted
                0x000000000800487c       0x68 ./Middlewares/Third_Party/FreeRTOS/Source/queue.o
                0x000000000800487c                vQueueWaitForMessageRestricted
 .text.xTaskCreateStatic
                0x00000000080048e4       0xba ./Middlewares/Third_Party/FreeRTOS/Source/tasks.o
                0x00000000080048e4                xTaskCreateStatic
 .text.xTaskCreate
                0x000000000800499e       0x8a ./Middlewares/Third_Party/FreeRTOS/Source/tasks.o
                0x000000000800499e                xTaskCreate
 .text.prvInitialiseNewTask
                0x0000000008004a28      0x14c ./Middlewares/Third_Party/FreeRTOS/Source/tasks.o
 .text.prvAddNewTaskToReadyList
                0x0000000008004b74       0xe0 ./Middlewares/Third_Party/FreeRTOS/Source/tasks.o
 .text.vTaskStartScheduler
                0x0000000008004c54       0xe0 ./Middlewares/Third_Party/FreeRTOS/Source/tasks.o
                0x0000000008004c54                vTaskStartScheduler
 .text.vTaskSuspendAll
                0x0000000008004d34       0x1c ./Middlewares/Third_Party/FreeRTOS/Source/tasks.o
                0x0000000008004d34                vTaskSuspendAll
 .text.xTaskResumeAll
                0x0000000008004d50      0x13c ./Middlewares/Third_Party/FreeRTOS/Source/tasks.o
                0x0000000008004d50                xTaskResumeAll
 .text.xTaskGetTickCount
                0x0000000008004e8c       0x20 ./Middlewares/Third_Party/FreeRTOS/Source/tasks.o
                0x0000000008004e8c                xTaskGetTickCount
 .text.xTaskIncrementTick
                0x0000000008004eac      0x174 ./Middlewares/Third_Party/FreeRTOS/Source/tasks.o
                0x0000000008004eac                xTaskIncrementTick
 .text.vTaskSwitchContext
                0x0000000008005020       0xc8 ./Middlewares/Third_Party/FreeRTOS/Source/tasks.o
                0x0000000008005020                vTaskSwitchContext
 .text.vTaskPlaceOnEventList
                0x00000000080050e8       0x48 ./Middlewares/Third_Party/FreeRTOS/Source/tasks.o
                0x00000000080050e8                vTaskPlaceOnEventList
 .text.vTaskPlaceOnEventListRestricted
                0x0000000008005130       0x58 ./Middlewares/Third_Party/FreeRTOS/Source/tasks.o
                0x0000000008005130                vTaskPlaceOnEventListRestricted
 .text.xTaskRemoveFromEventList
                0x0000000008005188       0xc8 ./Middlewares/Third_Party/FreeRTOS/Source/tasks.o
                0x0000000008005188                xTaskRemoveFromEventList
 .text.vTaskInternalSetTimeOutState
                0x0000000008005250       0x2c ./Middlewares/Third_Party/FreeRTOS/Source/tasks.o
                0x0000000008005250                vTaskInternalSetTimeOutState
 .text.xTaskCheckForTimeOut
                0x000000000800527c       0xc4 ./Middlewares/Third_Party/FreeRTOS/Source/tasks.o
                0x000000000800527c                xTaskCheckForTimeOut
 .text.vTaskMissedYield
                0x0000000008005340       0x18 ./Middlewares/Third_Party/FreeRTOS/Source/tasks.o
                0x0000000008005340                vTaskMissedYield
 .text.prvIdleTask
                0x0000000008005358       0x30 ./Middlewares/Third_Party/FreeRTOS/Source/tasks.o
 .text.prvInitialiseTaskLists
                0x0000000008005388       0x80 ./Middlewares/Third_Party/FreeRTOS/Source/tasks.o
 .text.prvCheckTasksWaitingTermination
                0x0000000008005408       0x5c ./Middlewares/Third_Party/FreeRTOS/Source/tasks.o
 .text.prvDeleteTCB
                0x0000000008005464       0x68 ./Middlewares/Third_Party/FreeRTOS/Source/tasks.o
 .text.prvResetNextTaskUnblockTime
                0x00000000080054cc       0x40 ./Middlewares/Third_Party/FreeRTOS/Source/tasks.o
 .text.xTaskGetSchedulerState
                0x000000000800550c       0x3c ./Middlewares/Third_Party/FreeRTOS/Source/tasks.o
                0x000000000800550c                xTaskGetSchedulerState
 .text.xTaskPriorityDisinherit
                0x0000000008005548       0xdc ./Middlewares/Third_Party/FreeRTOS/Source/tasks.o
                0x0000000008005548                xTaskPriorityDisinherit
 .text.prvAddCurrentTaskToDelayedList
                0x0000000008005624       0xa8 ./Middlewares/Third_Party/FreeRTOS/Source/tasks.o
 .text.xTimerCreateTimerTask
                0x00000000080056cc       0x90 ./Middlewares/Third_Party/FreeRTOS/Source/timers.o
                0x00000000080056cc                xTimerCreateTimerTask
 .text.xTimerGenericCommand
                0x000000000800575c       0x9c ./Middlewares/Third_Party/FreeRTOS/Source/timers.o
                0x000000000800575c                xTimerGenericCommand
 .text.prvProcessExpiredTimer
                0x00000000080057f8       0x98 ./Middlewares/Third_Party/FreeRTOS/Source/timers.o
 .text.prvTimerTask
                0x0000000008005890       0x24 ./Middlewares/Third_Party/FreeRTOS/Source/timers.o
 .text.prvProcessTimerOrBlockTask
                0x00000000080058b4       0x9c ./Middlewares/Third_Party/FreeRTOS/Source/timers.o
 .text.prvGetNextExpireTime
                0x0000000008005950       0x48 ./Middlewares/Third_Party/FreeRTOS/Source/timers.o
 .text.prvSampleTimeNow
                0x0000000008005998       0x40 ./Middlewares/Third_Party/FreeRTOS/Source/timers.o
 .text.prvInsertTimerInActiveList
                0x00000000080059d8       0x84 ./Middlewares/Third_Party/FreeRTOS/Source/timers.o
 .text.prvProcessReceivedCommands
                0x0000000008005a5c      0x1c4 ./Middlewares/Third_Party/FreeRTOS/Source/timers.o
 .text.prvSwitchTimerLists
                0x0000000008005c20       0xc8 ./Middlewares/Third_Party/FreeRTOS/Source/timers.o
 .text.prvCheckForValidListAndQueue
                0x0000000008005ce8       0x80 ./Middlewares/Third_Party/FreeRTOS/Source/timers.o
 .text.pxPortInitialiseStack
                0x0000000008005d68       0x68 ./Middlewares/Third_Party/FreeRTOS/Source/portable/GCC/ARM_CM4F/port.o
                0x0000000008005d68                pxPortInitialiseStack
 .text.prvTaskExitError
                0x0000000008005dd0       0x58 ./Middlewares/Third_Party/FreeRTOS/Source/portable/GCC/ARM_CM4F/port.o
 *fill*         0x0000000008005e28        0x8 
 .text.SVC_Handler
                0x0000000008005e30       0x28 ./Middlewares/Third_Party/FreeRTOS/Source/portable/GCC/ARM_CM4F/port.o
                0x0000000008005e30                SVC_Handler
 .text.prvPortStartFirstTask
                0x0000000008005e58       0x28 ./Middlewares/Third_Party/FreeRTOS/Source/portable/GCC/ARM_CM4F/port.o
 .text.xPortStartScheduler
                0x0000000008005e80      0x144 ./Middlewares/Third_Party/FreeRTOS/Source/portable/GCC/ARM_CM4F/port.o
                0x0000000008005e80                xPortStartScheduler
 .text.vPortEnterCritical
                0x0000000008005fc4       0x60 ./Middlewares/Third_Party/FreeRTOS/Source/portable/GCC/ARM_CM4F/port.o
                0x0000000008005fc4                vPortEnterCritical
 .text.vPortExitCritical
                0x0000000008006024       0x54 ./Middlewares/Third_Party/FreeRTOS/Source/portable/GCC/ARM_CM4F/port.o
                0x0000000008006024                vPortExitCritical
 *fill*         0x0000000008006078        0x8 
 .text.PendSV_Handler
                0x0000000008006080       0x68 ./Middlewares/Third_Party/FreeRTOS/Source/portable/GCC/ARM_CM4F/port.o
                0x0000000008006080                PendSV_Handler
 .text.xPortSysTickHandler
                0x00000000080060e8       0x44 ./Middlewares/Third_Party/FreeRTOS/Source/portable/GCC/ARM_CM4F/port.o
                0x00000000080060e8                xPortSysTickHandler
 .text.vPortSetupTimerInterrupt
                0x000000000800612c       0x48 ./Middlewares/Third_Party/FreeRTOS/Source/portable/GCC/ARM_CM4F/port.o
                0x000000000800612c                vPortSetupTimerInterrupt
 .text.vPortEnableVFP
                0x0000000008006174       0x14 ./Middlewares/Third_Party/FreeRTOS/Source/portable/GCC/ARM_CM4F/port.o
 .text.vPortValidateInterruptPriority
                0x0000000008006188       0x80 ./Middlewares/Third_Party/FreeRTOS/Source/portable/GCC/ARM_CM4F/port.o
                0x0000000008006188                vPortValidateInterruptPriority
 .text.pvPortMalloc
                0x0000000008006208      0x198 ./Middlewares/Third_Party/FreeRTOS/Source/portable/MemMang/heap_4.o
                0x0000000008006208                pvPortMalloc
 .text.vPortFree
                0x00000000080063a0       0xc4 ./Middlewares/Third_Party/FreeRTOS/Source/portable/MemMang/heap_4.o
                0x00000000080063a0                vPortFree
 .text.prvHeapInit
                0x0000000008006464       0xc4 ./Middlewares/Third_Party/FreeRTOS/Source/portable/MemMang/heap_4.o
 .text.prvInsertBlockIntoFreeList
                0x0000000008006528       0xb4 ./Middlewares/Third_Party/FreeRTOS/Source/portable/MemMang/heap_4.o
 .text.memset   0x00000000080065dc       0x10 C:/Any Programs/STM32CubeIDE/STM32CubeIDE/plugins/com.st.stm32cube.ide.mcu.externaltools.gnu-tools-for-stm32.11.3.rel1.win32_1.1.1.202309131626/tools/bin/../lib/gcc/arm-none-eabi/11.3.1/../../../../arm-none-eabi/lib/thumb/v7e-m+fp/hard\libc_nano.a(libc_a-memset.o)
                0x00000000080065dc                memset
 .text._reclaim_reent
                0x00000000080065ec       0xac C:/Any Programs/STM32CubeIDE/STM32CubeIDE/plugins/com.st.stm32cube.ide.mcu.externaltools.gnu-tools-for-stm32.11.3.rel1.win32_1.1.1.202309131626/tools/bin/../lib/gcc/arm-none-eabi/11.3.1/../../../../arm-none-eabi/lib/thumb/v7e-m+fp/hard\libc_nano.a(libc_a-reent.o)
                0x00000000080065ec                _reclaim_reent
 .text.__libc_init_array
                0x0000000008006698       0x48 C:/Any Programs/STM32CubeIDE/STM32CubeIDE/plugins/com.st.stm32cube.ide.mcu.externaltools.gnu-tools-for-stm32.11.3.rel1.win32_1.1.1.202309131626/tools/bin/../lib/gcc/arm-none-eabi/11.3.1/../../../../arm-none-eabi/lib/thumb/v7e-m+fp/hard\libc_nano.a(libc_a-init.o)
                0x0000000008006698                __libc_init_array
 .text.__retarget_lock_acquire_recursive
                0x00000000080066e0        0x2 C:/Any Programs/STM32CubeIDE/STM32CubeIDE/plugins/com.st.stm32cube.ide.mcu.externaltools.gnu-tools-for-stm32.11.3.rel1.win32_1.1.1.202309131626/tools/bin/../lib/gcc/arm-none-eabi/11.3.1/../../../../arm-none-eabi/lib/thumb/v7e-m+fp/hard\libc_nano.a(libc_a-lock.o)
                0x00000000080066e0                __retarget_lock_acquire_recursive
 .text.__retarget_lock_release_recursive
                0x00000000080066e2        0x2 C:/Any Programs/STM32CubeIDE/STM32CubeIDE/plugins/com.st.stm32cube.ide.mcu.externaltools.gnu-tools-for-stm32.11.3.rel1.win32_1.1.1.202309131626/tools/bin/../lib/gcc/arm-none-eabi/11.3.1/../../../../arm-none-eabi/lib/thumb/v7e-m+fp/hard\libc_nano.a(libc_a-lock.o)
                0x00000000080066e2                __retarget_lock_release_recursive
 .text.memcpy   0x00000000080066e4       0x1c C:/Any Programs/STM32CubeIDE/STM32CubeIDE/plugins/com.st.stm32cube.ide.mcu.externaltools.gnu-tools-for-stm32.11.3.rel1.win32_1.1.1.202309131626/tools/bin/../lib/gcc/arm-none-eabi/11.3.1/../../../../arm-none-eabi/lib/thumb/v7e-m+fp/hard\libc_nano.a(libc_a-memcpy-stub.o)
                0x00000000080066e4                memcpy
 .text._free_r  0x0000000008006700       0x98 C:/Any Programs/STM32CubeIDE/STM32CubeIDE/plugins/com.st.stm32cube.ide.mcu.externaltools.gnu-tools-for-stm32.11.3.rel1.win32_1.1.1.202309131626/tools/bin/../lib/gcc/arm-none-eabi/11.3.1/../../../../arm-none-eabi/lib/thumb/v7e-m+fp/hard\libc_nano.a(libc_a-freer.o)
                0x0000000008006700                _free_r
 .text.__malloc_lock
                0x0000000008006798        0xc C:/Any Programs/STM32CubeIDE/STM32CubeIDE/plugins/com.st.stm32cube.ide.mcu.externaltools.gnu-tools-for-stm32.11.3.rel1.win32_1.1.1.202309131626/tools/bin/../lib/gcc/arm-none-eabi/11.3.1/../../../../arm-none-eabi/lib/thumb/v7e-m+fp/hard\libc_nano.a(libc_a-mlock.o)
                0x0000000008006798                __malloc_lock
 .text.__malloc_unlock
                0x00000000080067a4        0xc C:/Any Programs/STM32CubeIDE/STM32CubeIDE/plugins/com.st.stm32cube.ide.mcu.externaltools.gnu-tools-for-stm32.11.3.rel1.win32_1.1.1.202309131626/tools/bin/../lib/gcc/arm-none-eabi/11.3.1/../../../../arm-none-eabi/lib/thumb/v7e-m+fp/hard\libc_nano.a(libc_a-mlock.o)
                0x00000000080067a4                __malloc_unlock
 *(.glue_7)
 .glue_7        0x00000000080067b0        0x0 linker stubs
 *(.glue_7t)
 .glue_7t       0x00000000080067b0        0x0 linker stubs
 *(.eh_frame)
 .eh_frame      0x00000000080067b0        0x0 C:/Any Programs/STM32CubeIDE/STM32CubeIDE/plugins/com.st.stm32cube.ide.mcu.externaltools.gnu-tools-for-stm32.11.3.rel1.win32_1.1.1.202309131626/tools/bin/../lib/gcc/arm-none-eabi/11.3.1/thumb/v7e-m+fp/hard/crtbegin.o
 *(.init)
 .init          0x00000000080067b0        0x4 C:/Any Programs/STM32CubeIDE/STM32CubeIDE/plugins/com.st.stm32cube.ide.mcu.externaltools.gnu-tools-for-stm32.11.3.rel1.win32_1.1.1.202309131626/tools/bin/../lib/gcc/arm-none-eabi/11.3.1/thumb/v7e-m+fp/hard/crti.o
                0x00000000080067b0                _init
 .init          0x00000000080067b4        0x8 C:/Any Programs/STM32CubeIDE/STM32CubeIDE/plugins/com.st.stm32cube.ide.mcu.externaltools.gnu-tools-for-stm32.11.3.rel1.win32_1.1.1.202309131626/tools/bin/../lib/gcc/arm-none-eabi/11.3.1/thumb/v7e-m+fp/hard/crtn.o
 *(.fini)
 .fini          0x00000000080067bc        0x4 C:/Any Programs/STM32CubeIDE/STM32CubeIDE/plugins/com.st.stm32cube.ide.mcu.externaltools.gnu-tools-for-stm32.11.3.rel1.win32_1.1.1.202309131626/tools/bin/../lib/gcc/arm-none-eabi/11.3.1/thumb/v7e-m+fp/hard/crti.o
                0x00000000080067bc                _fini
 .fini          0x00000000080067c0        0x8 C:/Any Programs/STM32CubeIDE/STM32CubeIDE/plugins/com.st.stm32cube.ide.mcu.externaltools.gnu-tools-for-stm32.11.3.rel1.win32_1.1.1.202309131626/tools/bin/../lib/gcc/arm-none-eabi/11.3.1/thumb/v7e-m+fp/hard/crtn.o
                0x00000000080067c8                . = ALIGN (0x4)
                0x00000000080067c8                _etext = .

.vfp11_veneer   0x00000000080067c8        0x0
 .vfp11_veneer  0x00000000080067c8        0x0 linker stubs

.v4_bx          0x00000000080067c8        0x0
 .v4_bx         0x00000000080067c8        0x0 linker stubs

.iplt           0x00000000080067c8        0x0
 .iplt          0x00000000080067c8        0x0 C:/Any Programs/STM32CubeIDE/STM32CubeIDE/plugins/com.st.stm32cube.ide.mcu.externaltools.gnu-tools-for-stm32.11.3.rel1.win32_1.1.1.202309131626/tools/bin/../lib/gcc/arm-none-eabi/11.3.1/thumb/v7e-m+fp/hard/crtbegin.o

.rodata         0x00000000080067c8       0x98
                0x00000000080067c8                . = ALIGN (0x4)
 *(.rodata)
 .rodata        0x00000000080067c8        0xc ./Core/Src/freertos.o
 .rodata        0x00000000080067d4       0x3e ./Core/Src/init_Eth.o
 *fill*         0x0000000008006812        0x2 
 .rodata        0x0000000008006814        0x5 ./Middlewares/Third_Party/FreeRTOS/Source/tasks.o
 *fill*         0x0000000008006819        0x3 
 .rodata        0x000000000800681c        0xd ./Middlewares/Third_Party/FreeRTOS/Source/timers.o
 *(.rodata*)
 *fill*         0x0000000008006829        0x3 
 .rodata.defaultTask_attributes
                0x000000000800682c       0x24 ./Core/Src/freertos.o
                0x000000000800682c                defaultTask_attributes
 .rodata.AHBPrescTable
                0x0000000008006850       0x10 ./Core/Src/system_stm32f4xx.o
                0x0000000008006850                AHBPrescTable
                0x0000000008006860                . = ALIGN (0x4)

.ARM.extab      0x0000000008006860        0x0
                0x0000000008006860                . = ALIGN (0x4)
 *(.ARM.extab* .gnu.linkonce.armextab.*)
                0x0000000008006860                . = ALIGN (0x4)

.ARM            0x0000000008006860        0x8
                0x0000000008006860                . = ALIGN (0x4)
                0x0000000008006860                __exidx_start = .
 *(.ARM.exidx*)
 .ARM.exidx     0x0000000008006860        0x8 C:/Any Programs/STM32CubeIDE/STM32CubeIDE/plugins/com.st.stm32cube.ide.mcu.externaltools.gnu-tools-for-stm32.11.3.rel1.win32_1.1.1.202309131626/tools/bin/../lib/gcc/arm-none-eabi/11.3.1/thumb/v7e-m+fp/hard\libgcc.a(_udivmoddi4.o)
                0x0000000008006868                __exidx_end = .
                0x0000000008006868                . = ALIGN (0x4)

.rel.dyn        0x0000000008006868        0x0
 .rel.iplt      0x0000000008006868        0x0 C:/Any Programs/STM32CubeIDE/STM32CubeIDE/plugins/com.st.stm32cube.ide.mcu.externaltools.gnu-tools-for-stm32.11.3.rel1.win32_1.1.1.202309131626/tools/bin/../lib/gcc/arm-none-eabi/11.3.1/thumb/v7e-m+fp/hard/crtbegin.o

.preinit_array  0x0000000008006868        0x0
                0x0000000008006868                . = ALIGN (0x4)
                0x0000000008006868                PROVIDE (__preinit_array_start = .)
 *(.preinit_array*)
                0x0000000008006868                PROVIDE (__preinit_array_end = .)
                0x0000000008006868                . = ALIGN (0x4)

.init_array     0x0000000008006868        0x4
                0x0000000008006868                . = ALIGN (0x4)
                0x0000000008006868                PROVIDE (__init_array_start = .)
 *(SORT_BY_NAME(.init_array.*))
 *(.init_array*)
 .init_array    0x0000000008006868        0x4 C:/Any Programs/STM32CubeIDE/STM32CubeIDE/plugins/com.st.stm32cube.ide.mcu.externaltools.gnu-tools-for-stm32.11.3.rel1.win32_1.1.1.202309131626/tools/bin/../lib/gcc/arm-none-eabi/11.3.1/thumb/v7e-m+fp/hard/crtbegin.o
                0x000000000800686c                PROVIDE (__init_array_end = .)
                0x000000000800686c                . = ALIGN (0x4)

.fini_array     0x000000000800686c        0x4
                0x000000000800686c                . = ALIGN (0x4)
                [!provide]                        PROVIDE (__fini_array_start = .)
 *(SORT_BY_NAME(.fini_array.*))
 *(.fini_array*)
 .fini_array    0x000000000800686c        0x4 C:/Any Programs/STM32CubeIDE/STM32CubeIDE/plugins/com.st.stm32cube.ide.mcu.externaltools.gnu-tools-for-stm32.11.3.rel1.win32_1.1.1.202309131626/tools/bin/../lib/gcc/arm-none-eabi/11.3.1/thumb/v7e-m+fp/hard/crtbegin.o
                [!provide]                        PROVIDE (__fini_array_end = .)
                0x0000000008006870                . = ALIGN (0x4)
                0x0000000008006870                _sidata = LOADADDR (.data)

.data           0x0000000020000000       0xa8 load address 0x0000000008006870
                0x0000000020000000                . = ALIGN (0x4)
                0x0000000020000000                _sdata = .
 *(.data)
 *(.data*)
 .data.net_info
                0x0000000020000000       0x17 ./Core/Src/init_Eth.o
                0x0000000020000000                net_info
 *fill*         0x0000000020000017        0x1 
 .data.sock_any_port
                0x0000000020000018        0x2 ./Core/Src/socket.o
 *fill*         0x000000002000001a        0x2 
 .data.SystemCoreClock
                0x000000002000001c        0x4 ./Core/Src/system_stm32f4xx.o
                0x000000002000001c                SystemCoreClock
 .data.WIZCHIP  0x0000000020000020       0x2c ./Core/Src/wizchip_conf.o
                0x0000000020000020                WIZCHIP
 .data.uwTickPrio
                0x000000002000004c        0x4 ./Drivers/STM32F4xx_HAL_Driver/Src/stm32f4xx_hal.o
                0x000000002000004c                uwTickPrio
 .data.uwTickFreq
                0x0000000020000050        0x1 ./Drivers/STM32F4xx_HAL_Driver/Src/stm32f4xx_hal.o
                0x0000000020000050                uwTickFreq
 *fill*         0x0000000020000051        0x3 
 .data.uxCriticalNesting
                0x0000000020000054        0x4 ./Middlewares/Third_Party/FreeRTOS/Source/portable/GCC/ARM_CM4F/port.o
 .data._impure_data
                0x0000000020000058       0x4c C:/Any Programs/STM32CubeIDE/STM32CubeIDE/plugins/com.st.stm32cube.ide.mcu.externaltools.gnu-tools-for-stm32.11.3.rel1.win32_1.1.1.202309131626/tools/bin/../lib/gcc/arm-none-eabi/11.3.1/../../../../arm-none-eabi/lib/thumb/v7e-m+fp/hard\libc_nano.a(libc_a-impure.o)
                0x0000000020000058                _impure_data
 .data._impure_ptr
                0x00000000200000a4        0x4 C:/Any Programs/STM32CubeIDE/STM32CubeIDE/plugins/com.st.stm32cube.ide.mcu.externaltools.gnu-tools-for-stm32.11.3.rel1.win32_1.1.1.202309131626/tools/bin/../lib/gcc/arm-none-eabi/11.3.1/../../../../arm-none-eabi/lib/thumb/v7e-m+fp/hard\libc_nano.a(libc_a-impure.o)
                0x00000000200000a4                _impure_ptr
 *(.RamFunc)
 *(.RamFunc*)
                0x00000000200000a8                . = ALIGN (0x4)
                0x00000000200000a8                _edata = .
                0x0000000008006918                _siccmram = LOADADDR (.ccmram)

.igot.plt       0x00000000200000a8        0x0 load address 0x0000000008006918
 .igot.plt      0x00000000200000a8        0x0 C:/Any Programs/STM32CubeIDE/STM32CubeIDE/plugins/com.st.stm32cube.ide.mcu.externaltools.gnu-tools-for-stm32.11.3.rel1.win32_1.1.1.202309131626/tools/bin/../lib/gcc/arm-none-eabi/11.3.1/thumb/v7e-m+fp/hard/crtbegin.o

.ccmram         0x0000000010000000        0x0 load address 0x0000000008006918
                0x0000000010000000                . = ALIGN (0x4)
                0x0000000010000000                _sccmram = .
 *(.ccmram)
 *(.ccmram*)
                0x0000000010000000                . = ALIGN (0x4)
                0x0000000010000000                _eccmram = .
                0x0000000010000000                . = ALIGN (0x4)

.bss            0x00000000200000a8     0x4c38
                0x00000000200000a8                _sbss = .
                0x00000000200000a8                __bss_start__ = _sbss
 *(.bss)
 .bss           0x00000000200000a8       0x1c C:/Any Programs/STM32CubeIDE/STM32CubeIDE/plugins/com.st.stm32cube.ide.mcu.externaltools.gnu-tools-for-stm32.11.3.rel1.win32_1.1.1.202309131626/tools/bin/../lib/gcc/arm-none-eabi/11.3.1/thumb/v7e-m+fp/hard/crtbegin.o
 *(.bss*)
 .bss.defaultTaskHandle
                0x00000000200000c4        0x4 ./Core/Src/freertos.o
                0x00000000200000c4                defaultTaskHandle
 .bss.mySocket  0x00000000200000c8        0x1 ./Core/Src/init_Eth.o
                0x00000000200000c8                mySocket
 .bss.serverStatus
                0x00000000200000c9        0x1 ./Core/Src/init_Eth.o
                0x00000000200000c9                serverStatus
 .bss.state     0x00000000200000ca        0x1 ./Core/Src/init_Eth.o
                0x00000000200000ca                state
 *fill*         0x00000000200000cb        0x1 
 .bss.rxBuff    0x00000000200000cc       0x64 ./Core/Src/init_Eth.o
                0x00000000200000cc                rxBuff
 .bss.dataSize  0x0000000020000130        0x4 ./Core/Src/init_Eth.o
                0x0000000020000130                dataSize
 .bss.port      0x0000000020000134        0x2 ./Core/Src/init_Eth.o
                0x0000000020000134                port
 .bss.sock_io_mode
                0x0000000020000136        0x2 ./Core/Src/socket.o
 .bss.sock_is_sending
                0x0000000020000138        0x2 ./Core/Src/socket.o
 *fill*         0x000000002000013a        0x2 
 .bss.sock_remained_size
                0x000000002000013c       0x10 ./Core/Src/socket.o
 .bss.sock_pack_info
                0x000000002000014c        0x8 ./Core/Src/socket.o
                0x000000002000014c                sock_pack_info
 .bss.hspi1     0x0000000020000154       0x58 ./Core/Src/spi.o
                0x0000000020000154                hspi1
 .bss._DNS_     0x00000000200001ac        0x4 ./Core/Src/wizchip_conf.o
 .bss._DHCP_    0x00000000200001b0        0x1 ./Core/Src/wizchip_conf.o
 *fill*         0x00000000200001b1        0x3 
 .bss.uwTick    0x00000000200001b4        0x4 ./Drivers/STM32F4xx_HAL_Driver/Src/stm32f4xx_hal.o
                0x00000000200001b4                uwTick
 .bss.KernelState
                0x00000000200001b8        0x4 ./Middlewares/Third_Party/FreeRTOS/Source/CMSIS_RTOS_V2/cmsis_os2.o
 .bss.Idle_TCB.3
                0x00000000200001bc       0xa8 ./Middlewares/Third_Party/FreeRTOS/Source/CMSIS_RTOS_V2/cmsis_os2.o
 .bss.Idle_Stack.2
                0x0000000020000264      0x200 ./Middlewares/Third_Party/FreeRTOS/Source/CMSIS_RTOS_V2/cmsis_os2.o
 .bss.Timer_TCB.1
                0x0000000020000464       0xa8 ./Middlewares/Third_Party/FreeRTOS/Source/CMSIS_RTOS_V2/cmsis_os2.o
 .bss.Timer_Stack.0
                0x000000002000050c      0x400 ./Middlewares/Third_Party/FreeRTOS/Source/CMSIS_RTOS_V2/cmsis_os2.o
 .bss.xQueueRegistry
                0x000000002000090c       0x40 ./Middlewares/Third_Party/FreeRTOS/Source/queue.o
                0x000000002000090c                xQueueRegistry
 .bss.pxCurrentTCB
                0x000000002000094c        0x4 ./Middlewares/Third_Party/FreeRTOS/Source/tasks.o
                0x000000002000094c                pxCurrentTCB
 .bss.pxReadyTasksLists
                0x0000000020000950      0x460 ./Middlewares/Third_Party/FreeRTOS/Source/tasks.o
 .bss.xDelayedTaskList1
                0x0000000020000db0       0x14 ./Middlewares/Third_Party/FreeRTOS/Source/tasks.o
 .bss.xDelayedTaskList2
                0x0000000020000dc4       0x14 ./Middlewares/Third_Party/FreeRTOS/Source/tasks.o
 .bss.pxDelayedTaskList
                0x0000000020000dd8        0x4 ./Middlewares/Third_Party/FreeRTOS/Source/tasks.o
 .bss.pxOverflowDelayedTaskList
                0x0000000020000ddc        0x4 ./Middlewares/Third_Party/FreeRTOS/Source/tasks.o
 .bss.xPendingReadyList
                0x0000000020000de0       0x14 ./Middlewares/Third_Party/FreeRTOS/Source/tasks.o
 .bss.xTasksWaitingTermination
                0x0000000020000df4       0x14 ./Middlewares/Third_Party/FreeRTOS/Source/tasks.o
 .bss.uxDeletedTasksWaitingCleanUp
                0x0000000020000e08        0x4 ./Middlewares/Third_Party/FreeRTOS/Source/tasks.o
 .bss.xSuspendedTaskList
                0x0000000020000e0c       0x14 ./Middlewares/Third_Party/FreeRTOS/Source/tasks.o
 .bss.uxCurrentNumberOfTasks
                0x0000000020000e20        0x4 ./Middlewares/Third_Party/FreeRTOS/Source/tasks.o
 .bss.xTickCount
                0x0000000020000e24        0x4 ./Middlewares/Third_Party/FreeRTOS/Source/tasks.o
 .bss.uxTopReadyPriority
                0x0000000020000e28        0x4 ./Middlewares/Third_Party/FreeRTOS/Source/tasks.o
 .bss.xSchedulerRunning
                0x0000000020000e2c        0x4 ./Middlewares/Third_Party/FreeRTOS/Source/tasks.o
 .bss.xPendedTicks
                0x0000000020000e30        0x4 ./Middlewares/Third_Party/FreeRTOS/Source/tasks.o
 .bss.xYieldPending
                0x0000000020000e34        0x4 ./Middlewares/Third_Party/FreeRTOS/Source/tasks.o
 .bss.xNumOfOverflows
                0x0000000020000e38        0x4 ./Middlewares/Third_Party/FreeRTOS/Source/tasks.o
 .bss.uxTaskNumber
                0x0000000020000e3c        0x4 ./Middlewares/Third_Party/FreeRTOS/Source/tasks.o
 .bss.xNextTaskUnblockTime
                0x0000000020000e40        0x4 ./Middlewares/Third_Party/FreeRTOS/Source/tasks.o
 .bss.xIdleTaskHandle
                0x0000000020000e44        0x4 ./Middlewares/Third_Party/FreeRTOS/Source/tasks.o
 .bss.uxSchedulerSuspended
                0x0000000020000e48        0x4 ./Middlewares/Third_Party/FreeRTOS/Source/tasks.o
 .bss.xActiveTimerList1
                0x0000000020000e4c       0x14 ./Middlewares/Third_Party/FreeRTOS/Source/timers.o
 .bss.xActiveTimerList2
                0x0000000020000e60       0x14 ./Middlewares/Third_Party/FreeRTOS/Source/timers.o
 .bss.pxCurrentTimerList
                0x0000000020000e74        0x4 ./Middlewares/Third_Party/FreeRTOS/Source/timers.o
 .bss.pxOverflowTimerList
                0x0000000020000e78        0x4 ./Middlewares/Third_Party/FreeRTOS/Source/timers.o
 .bss.xTimerQueue
                0x0000000020000e7c        0x4 ./Middlewares/Third_Party/FreeRTOS/Source/timers.o
 .bss.xTimerTaskHandle
                0x0000000020000e80        0x4 ./Middlewares/Third_Party/FreeRTOS/Source/timers.o
 .bss.xLastTime.2
                0x0000000020000e84        0x4 ./Middlewares/Third_Party/FreeRTOS/Source/timers.o
 .bss.ucStaticTimerQueueStorage.1
                0x0000000020000e88       0xa0 ./Middlewares/Third_Party/FreeRTOS/Source/timers.o
 .bss.xStaticTimerQueue.0
                0x0000000020000f28       0x50 ./Middlewares/Third_Party/FreeRTOS/Source/timers.o
 .bss.ucMaxSysCallPriority
                0x0000000020000f78        0x1 ./Middlewares/Third_Party/FreeRTOS/Source/portable/GCC/ARM_CM4F/port.o
 *fill*         0x0000000020000f79        0x3 
 .bss.ulMaxPRIGROUPValue
                0x0000000020000f7c        0x4 ./Middlewares/Third_Party/FreeRTOS/Source/portable/GCC/ARM_CM4F/port.o
 .bss.ucHeap    0x0000000020000f80     0x3c00 ./Middlewares/Third_Party/FreeRTOS/Source/portable/MemMang/heap_4.o
 .bss.xStart    0x0000000020004b80        0x8 ./Middlewares/Third_Party/FreeRTOS/Source/portable/MemMang/heap_4.o
 .bss.pxEnd     0x0000000020004b88        0x4 ./Middlewares/Third_Party/FreeRTOS/Source/portable/MemMang/heap_4.o
 .bss.xFreeBytesRemaining
                0x0000000020004b8c        0x4 ./Middlewares/Third_Party/FreeRTOS/Source/portable/MemMang/heap_4.o
 .bss.xMinimumEverFreeBytesRemaining
                0x0000000020004b90        0x4 ./Middlewares/Third_Party/FreeRTOS/Source/portable/MemMang/heap_4.o
 .bss.xNumberOfSuccessfulAllocations
                0x0000000020004b94        0x4 ./Middlewares/Third_Party/FreeRTOS/Source/portable/MemMang/heap_4.o
 .bss.xNumberOfSuccessfulFrees
                0x0000000020004b98        0x4 ./Middlewares/Third_Party/FreeRTOS/Source/portable/MemMang/heap_4.o
 .bss.xBlockAllocatedBit
                0x0000000020004b9c        0x4 ./Middlewares/Third_Party/FreeRTOS/Source/portable/MemMang/heap_4.o
 .bss.__sf      0x0000000020004ba0      0x138 C:/Any Programs/STM32CubeIDE/STM32CubeIDE/plugins/com.st.stm32cube.ide.mcu.externaltools.gnu-tools-for-stm32.11.3.rel1.win32_1.1.1.202309131626/tools/bin/../lib/gcc/arm-none-eabi/11.3.1/../../../../arm-none-eabi/lib/thumb/v7e-m+fp/hard\libc_nano.a(libc_a-findfp.o)
                0x0000000020004ba0                __sf
 .bss.__lock___malloc_recursive_mutex
                0x0000000020004cd8        0x1 C:/Any Programs/STM32CubeIDE/STM32CubeIDE/plugins/com.st.stm32cube.ide.mcu.externaltools.gnu-tools-for-stm32.11.3.rel1.win32_1.1.1.202309131626/tools/bin/../lib/gcc/arm-none-eabi/11.3.1/../../../../arm-none-eabi/lib/thumb/v7e-m+fp/hard\libc_nano.a(libc_a-lock.o)
                0x0000000020004cd8                __lock___malloc_recursive_mutex
 *fill*         0x0000000020004cd9        0x3 
 .bss.__malloc_free_list
                0x0000000020004cdc        0x4 C:/Any Programs/STM32CubeIDE/STM32CubeIDE/plugins/com.st.stm32cube.ide.mcu.externaltools.gnu-tools-for-stm32.11.3.rel1.win32_1.1.1.202309131626/tools/bin/../lib/gcc/arm-none-eabi/11.3.1/../../../../arm-none-eabi/lib/thumb/v7e-m+fp/hard\libc_nano.a(libc_a-mallocr.o)
                0x0000000020004cdc                __malloc_free_list
 *(COMMON)
                0x0000000020004ce0                . = ALIGN (0x4)
                0x0000000020004ce0                _ebss = .
                0x0000000020004ce0                __bss_end__ = _ebss

._user_heap_stack
                0x0000000020004ce0      0x600
                0x0000000020004ce0                . = ALIGN (0x8)
                [!provide]                        PROVIDE (end = .)
                0x0000000020004ce0                PROVIDE (_end = .)
                0x0000000020004ee0                . = (. + _Min_Heap_Size)
 *fill*         0x0000000020004ce0      0x200 
                0x00000000200052e0                . = (. + _Min_Stack_Size)
 *fill*         0x0000000020004ee0      0x400 
                0x00000000200052e0                . = ALIGN (0x8)

/DISCARD/
 libc.a(*)
 libm.a(*)
 libgcc.a(*)

.ARM.attributes
                0x0000000000000000       0x30
 *(.ARM.attributes)
 .ARM.attributes
                0x0000000000000000       0x1e C:/Any Programs/STM32CubeIDE/STM32CubeIDE/plugins/com.st.stm32cube.ide.mcu.externaltools.gnu-tools-for-stm32.11.3.rel1.win32_1.1.1.202309131626/tools/bin/../lib/gcc/arm-none-eabi/11.3.1/thumb/v7e-m+fp/hard/crti.o
 .ARM.attributes
                0x000000000000001e       0x34 C:/Any Programs/STM32CubeIDE/STM32CubeIDE/plugins/com.st.stm32cube.ide.mcu.externaltools.gnu-tools-for-stm32.11.3.rel1.win32_1.1.1.202309131626/tools/bin/../lib/gcc/arm-none-eabi/11.3.1/thumb/v7e-m+fp/hard/crtbegin.o
 .ARM.attributes
                0x0000000000000052       0x34 ./Core/Src/freertos.o
 .ARM.attributes
                0x0000000000000086       0x34 ./Core/Src/gpio.o
 .ARM.attributes
                0x00000000000000ba       0x34 ./Core/Src/init_Eth.o
 .ARM.attributes
                0x00000000000000ee       0x34 ./Core/Src/main.o
 .ARM.attributes
                0x0000000000000122       0x34 ./Core/Src/socket.o
 .ARM.attributes
                0x0000000000000156       0x34 ./Core/Src/spi.o
 .ARM.attributes
                0x000000000000018a       0x34 ./Core/Src/stm32f4xx_hal_msp.o
 .ARM.attributes
                0x00000000000001be       0x34 ./Core/Src/stm32f4xx_it.o
 .ARM.attributes
                0x00000000000001f2       0x34 ./Core/Src/system_stm32f4xx.o
 .ARM.attributes
                0x0000000000000226       0x34 ./Core/Src/w5500.o
 .ARM.attributes
                0x000000000000025a       0x34 ./Core/Src/wizchip_conf.o
 .ARM.attributes
                0x000000000000028e       0x21 ./Core/Startup/startup_stm32f429zitx.o
 .ARM.attributes
                0x00000000000002af       0x34 ./Drivers/STM32F4xx_HAL_Driver/Src/stm32f4xx_hal.o
 .ARM.attributes
                0x00000000000002e3       0x34 ./Drivers/STM32F4xx_HAL_Driver/Src/stm32f4xx_hal_cortex.o
 .ARM.attributes
                0x0000000000000317       0x34 ./Drivers/STM32F4xx_HAL_Driver/Src/stm32f4xx_hal_dma.o
 .ARM.attributes
                0x000000000000034b       0x34 ./Drivers/STM32F4xx_HAL_Driver/Src/stm32f4xx_hal_gpio.o
 .ARM.attributes
                0x000000000000037f       0x34 ./Drivers/STM32F4xx_HAL_Driver/Src/stm32f4xx_hal_rcc.o
 .ARM.attributes
                0x00000000000003b3       0x34 ./Drivers/STM32F4xx_HAL_Driver/Src/stm32f4xx_hal_spi.o
 .ARM.attributes
                0x00000000000003e7       0x34 ./Middlewares/Third_Party/FreeRTOS/Source/CMSIS_RTOS_V2/cmsis_os2.o
 .ARM.attributes
                0x000000000000041b       0x34 ./Middlewares/Third_Party/FreeRTOS/Source/list.o
 .ARM.attributes
                0x000000000000044f       0x34 ./Middlewares/Third_Party/FreeRTOS/Source/queue.o
 .ARM.attributes
                0x0000000000000483       0x34 ./Middlewares/Third_Party/FreeRTOS/Source/tasks.o
 .ARM.attributes
                0x00000000000004b7       0x34 ./Middlewares/Third_Party/FreeRTOS/Source/timers.o
 .ARM.attributes
                0x00000000000004eb       0x34 ./Middlewares/Third_Party/FreeRTOS/Source/portable/GCC/ARM_CM4F/port.o
 .ARM.attributes
                0x000000000000051f       0x34 ./Middlewares/Third_Party/FreeRTOS/Source/portable/MemMang/heap_4.o
 .ARM.attributes
                0x0000000000000553       0x34 C:/Any Programs/STM32CubeIDE/STM32CubeIDE/plugins/com.st.stm32cube.ide.mcu.externaltools.gnu-tools-for-stm32.11.3.rel1.win32_1.1.1.202309131626/tools/bin/../lib/gcc/arm-none-eabi/11.3.1/../../../../arm-none-eabi/lib/thumb/v7e-m+fp/hard\libc_nano.a(libc_a-findfp.o)
 .ARM.attributes
                0x0000000000000587       0x34 C:/Any Programs/STM32CubeIDE/STM32CubeIDE/plugins/com.st.stm32cube.ide.mcu.externaltools.gnu-tools-for-stm32.11.3.rel1.win32_1.1.1.202309131626/tools/bin/../lib/gcc/arm-none-eabi/11.3.1/../../../../arm-none-eabi/lib/thumb/v7e-m+fp/hard\libc_nano.a(libc_a-memset.o)
 .ARM.attributes
                0x00000000000005bb       0x34 C:/Any Programs/STM32CubeIDE/STM32CubeIDE/plugins/com.st.stm32cube.ide.mcu.externaltools.gnu-tools-for-stm32.11.3.rel1.win32_1.1.1.202309131626/tools/bin/../lib/gcc/arm-none-eabi/11.3.1/../../../../arm-none-eabi/lib/thumb/v7e-m+fp/hard\libc_nano.a(libc_a-reent.o)
 .ARM.attributes
                0x00000000000005ef       0x34 C:/Any Programs/STM32CubeIDE/STM32CubeIDE/plugins/com.st.stm32cube.ide.mcu.externaltools.gnu-tools-for-stm32.11.3.rel1.win32_1.1.1.202309131626/tools/bin/../lib/gcc/arm-none-eabi/11.3.1/../../../../arm-none-eabi/lib/thumb/v7e-m+fp/hard\libc_nano.a(libc_a-impure.o)
 .ARM.attributes
                0x0000000000000623       0x34 C:/Any Programs/STM32CubeIDE/STM32CubeIDE/plugins/com.st.stm32cube.ide.mcu.externaltools.gnu-tools-for-stm32.11.3.rel1.win32_1.1.1.202309131626/tools/bin/../lib/gcc/arm-none-eabi/11.3.1/../../../../arm-none-eabi/lib/thumb/v7e-m+fp/hard\libc_nano.a(libc_a-init.o)
 .ARM.attributes
                0x0000000000000657       0x34 C:/Any Programs/STM32CubeIDE/STM32CubeIDE/plugins/com.st.stm32cube.ide.mcu.externaltools.gnu-tools-for-stm32.11.3.rel1.win32_1.1.1.202309131626/tools/bin/../lib/gcc/arm-none-eabi/11.3.1/../../../../arm-none-eabi/lib/thumb/v7e-m+fp/hard\libc_nano.a(libc_a-lock.o)
 .ARM.attributes
                0x000000000000068b       0x1c C:/Any Programs/STM32CubeIDE/STM32CubeIDE/plugins/com.st.stm32cube.ide.mcu.externaltools.gnu-tools-for-stm32.11.3.rel1.win32_1.1.1.202309131626/tools/bin/../lib/gcc/arm-none-eabi/11.3.1/../../../../arm-none-eabi/lib/thumb/v7e-m+fp/hard\libc_nano.a(libc_a-strcmp.o)
 .ARM.attributes
                0x00000000000006a7       0x34 C:/Any Programs/STM32CubeIDE/STM32CubeIDE/plugins/com.st.stm32cube.ide.mcu.externaltools.gnu-tools-for-stm32.11.3.rel1.win32_1.1.1.202309131626/tools/bin/../lib/gcc/arm-none-eabi/11.3.1/../../../../arm-none-eabi/lib/thumb/v7e-m+fp/hard\libc_nano.a(libc_a-memcpy-stub.o)
 .ARM.attributes
                0x00000000000006db       0x34 C:/Any Programs/STM32CubeIDE/STM32CubeIDE/plugins/com.st.stm32cube.ide.mcu.externaltools.gnu-tools-for-stm32.11.3.rel1.win32_1.1.1.202309131626/tools/bin/../lib/gcc/arm-none-eabi/11.3.1/../../../../arm-none-eabi/lib/thumb/v7e-m+fp/hard\libc_nano.a(libc_a-freer.o)
 .ARM.attributes
                0x000000000000070f       0x34 C:/Any Programs/STM32CubeIDE/STM32CubeIDE/plugins/com.st.stm32cube.ide.mcu.externaltools.gnu-tools-for-stm32.11.3.rel1.win32_1.1.1.202309131626/tools/bin/../lib/gcc/arm-none-eabi/11.3.1/../../../../arm-none-eabi/lib/thumb/v7e-m+fp/hard\libc_nano.a(libc_a-mallocr.o)
 .ARM.attributes
                0x0000000000000743       0x34 C:/Any Programs/STM32CubeIDE/STM32CubeIDE/plugins/com.st.stm32cube.ide.mcu.externaltools.gnu-tools-for-stm32.11.3.rel1.win32_1.1.1.202309131626/tools/bin/../lib/gcc/arm-none-eabi/11.3.1/../../../../arm-none-eabi/lib/thumb/v7e-m+fp/hard\libc_nano.a(libc_a-mlock.o)
 .ARM.attributes
                0x0000000000000777       0x1e C:/Any Programs/STM32CubeIDE/STM32CubeIDE/plugins/com.st.stm32cube.ide.mcu.externaltools.gnu-tools-for-stm32.11.3.rel1.win32_1.1.1.202309131626/tools/bin/../lib/gcc/arm-none-eabi/11.3.1/thumb/v7e-m+fp/hard\libgcc.a(_aeabi_uldivmod.o)
 .ARM.attributes
                0x0000000000000795       0x34 C:/Any Programs/STM32CubeIDE/STM32CubeIDE/plugins/com.st.stm32cube.ide.mcu.externaltools.gnu-tools-for-stm32.11.3.rel1.win32_1.1.1.202309131626/tools/bin/../lib/gcc/arm-none-eabi/11.3.1/thumb/v7e-m+fp/hard\libgcc.a(_udivmoddi4.o)
 .ARM.attributes
                0x00000000000007c9       0x1e C:/Any Programs/STM32CubeIDE/STM32CubeIDE/plugins/com.st.stm32cube.ide.mcu.externaltools.gnu-tools-for-stm32.11.3.rel1.win32_1.1.1.202309131626/tools/bin/../lib/gcc/arm-none-eabi/11.3.1/thumb/v7e-m+fp/hard\libgcc.a(_dvmd_tls.o)
 .ARM.attributes
                0x00000000000007e7       0x1e C:/Any Programs/STM32CubeIDE/STM32CubeIDE/plugins/com.st.stm32cube.ide.mcu.externaltools.gnu-tools-for-stm32.11.3.rel1.win32_1.1.1.202309131626/tools/bin/../lib/gcc/arm-none-eabi/11.3.1/thumb/v7e-m+fp/hard/crtn.o
OUTPUT(STM32_Eth.elf elf32-littlearm)
LOAD linker stubs
LOAD C:/Any Programs/STM32CubeIDE/STM32CubeIDE/plugins/com.st.stm32cube.ide.mcu.externaltools.gnu-tools-for-stm32.11.3.rel1.win32_1.1.1.202309131626/tools/bin/../lib/gcc/arm-none-eabi/11.3.1/../../../../arm-none-eabi/lib/thumb/v7e-m+fp/hard\libc.a
LOAD C:/Any Programs/STM32CubeIDE/STM32CubeIDE/plugins/com.st.stm32cube.ide.mcu.externaltools.gnu-tools-for-stm32.11.3.rel1.win32_1.1.1.202309131626/tools/bin/../lib/gcc/arm-none-eabi/11.3.1/../../../../arm-none-eabi/lib/thumb/v7e-m+fp/hard\libm.a
LOAD C:/Any Programs/STM32CubeIDE/STM32CubeIDE/plugins/com.st.stm32cube.ide.mcu.externaltools.gnu-tools-for-stm32.11.3.rel1.win32_1.1.1.202309131626/tools/bin/../lib/gcc/arm-none-eabi/11.3.1/thumb/v7e-m+fp/hard\libgcc.a

.comment        0x0000000000000000       0x43
 .comment       0x0000000000000000       0x43 C:/Any Programs/STM32CubeIDE/STM32CubeIDE/plugins/com.st.stm32cube.ide.mcu.externaltools.gnu-tools-for-stm32.11.3.rel1.win32_1.1.1.202309131626/tools/bin/../lib/gcc/arm-none-eabi/11.3.1/thumb/v7e-m+fp/hard/crtbegin.o
                                         0x44 (size before relaxing)
 .comment       0x0000000000000043       0x44 ./Core/Src/freertos.o
 .comment       0x0000000000000043       0x44 ./Core/Src/gpio.o
 .comment       0x0000000000000043       0x44 ./Core/Src/init_Eth.o
 .comment       0x0000000000000043       0x44 ./Core/Src/main.o
 .comment       0x0000000000000043       0x44 ./Core/Src/socket.o
 .comment       0x0000000000000043       0x44 ./Core/Src/spi.o
 .comment       0x0000000000000043       0x44 ./Core/Src/stm32f4xx_hal_msp.o
 .comment       0x0000000000000043       0x44 ./Core/Src/stm32f4xx_it.o
 .comment       0x0000000000000043       0x44 ./Core/Src/system_stm32f4xx.o
 .comment       0x0000000000000043       0x44 ./Core/Src/w5500.o
 .comment       0x0000000000000043       0x44 ./Core/Src/wizchip_conf.o
 .comment       0x0000000000000043       0x44 ./Drivers/STM32F4xx_HAL_Driver/Src/stm32f4xx_hal.o
 .comment       0x0000000000000043       0x44 ./Drivers/STM32F4xx_HAL_Driver/Src/stm32f4xx_hal_cortex.o
 .comment       0x0000000000000043       0x44 ./Drivers/STM32F4xx_HAL_Driver/Src/stm32f4xx_hal_dma.o
 .comment       0x0000000000000043       0x44 ./Drivers/STM32F4xx_HAL_Driver/Src/stm32f4xx_hal_gpio.o
 .comment       0x0000000000000043       0x44 ./Drivers/STM32F4xx_HAL_Driver/Src/stm32f4xx_hal_rcc.o
 .comment       0x0000000000000043       0x44 ./Drivers/STM32F4xx_HAL_Driver/Src/stm32f4xx_hal_spi.o
 .comment       0x0000000000000043       0x44 ./Middlewares/Third_Party/FreeRTOS/Source/CMSIS_RTOS_V2/cmsis_os2.o
 .comment       0x0000000000000043       0x44 ./Middlewares/Third_Party/FreeRTOS/Source/list.o
 .comment       0x0000000000000043       0x44 ./Middlewares/Third_Party/FreeRTOS/Source/queue.o
 .comment       0x0000000000000043       0x44 ./Middlewares/Third_Party/FreeRTOS/Source/tasks.o
 .comment       0x0000000000000043       0x44 ./Middlewares/Third_Party/FreeRTOS/Source/timers.o
 .comment       0x0000000000000043       0x44 ./Middlewares/Third_Party/FreeRTOS/Source/portable/GCC/ARM_CM4F/port.o
 .comment       0x0000000000000043       0x44 ./Middlewares/Third_Party/FreeRTOS/Source/portable/MemMang/heap_4.o

.debug_info     0x0000000000000000    0x1414e
 .debug_info    0x0000000000000000      0x364 ./Core/Src/freertos.o
 .debug_info    0x0000000000000364      0x3e9 ./Core/Src/gpio.o
 .debug_info    0x000000000000074d      0xc62 ./Core/Src/init_Eth.o
 .debug_info    0x00000000000013af      0x53b ./Core/Src/main.o
 .debug_info    0x00000000000018ea      0x727 ./Core/Src/socket.o
 .debug_info    0x0000000000002011      0xc01 ./Core/Src/spi.o
 .debug_info    0x0000000000002c12      0x505 ./Core/Src/stm32f4xx_hal_msp.o
 .debug_info    0x0000000000003117      0x669 ./Core/Src/stm32f4xx_it.o
 .debug_info    0x0000000000003780      0x52e ./Core/Src/system_stm32f4xx.o
 .debug_info    0x0000000000003cae      0x539 ./Core/Src/w5500.o
 .debug_info    0x00000000000041e7      0xc76 ./Core/Src/wizchip_conf.o
 .debug_info    0x0000000000004e5d       0x23 ./Core/Startup/startup_stm32f429zitx.o
 .debug_info    0x0000000000004e80      0x9be ./Drivers/STM32F4xx_HAL_Driver/Src/stm32f4xx_hal.o
 .debug_info    0x000000000000583e      0xd7c ./Drivers/STM32F4xx_HAL_Driver/Src/stm32f4xx_hal_cortex.o
 .debug_info    0x00000000000065ba      0x8e7 ./Drivers/STM32F4xx_HAL_Driver/Src/stm32f4xx_hal_dma.o
 .debug_info    0x0000000000006ea1      0x6db ./Drivers/STM32F4xx_HAL_Driver/Src/stm32f4xx_hal_gpio.o
 .debug_info    0x000000000000757c      0x8c9 ./Drivers/STM32F4xx_HAL_Driver/Src/stm32f4xx_hal_rcc.o
 .debug_info    0x0000000000007e45     0x15fb ./Drivers/STM32F4xx_HAL_Driver/Src/stm32f4xx_hal_spi.o
 .debug_info    0x0000000000009440     0x4124 ./Middlewares/Third_Party/FreeRTOS/Source/CMSIS_RTOS_V2/cmsis_os2.o
 .debug_info    0x000000000000d564      0x2af ./Middlewares/Third_Party/FreeRTOS/Source/list.o
 .debug_info    0x000000000000d813     0x1b79 ./Middlewares/Third_Party/FreeRTOS/Source/queue.o
 .debug_info    0x000000000000f38c     0x28c0 ./Middlewares/Third_Party/FreeRTOS/Source/tasks.o
 .debug_info    0x0000000000011c4c     0x1b4f ./Middlewares/Third_Party/FreeRTOS/Source/timers.o
 .debug_info    0x000000000001379b      0x4de ./Middlewares/Third_Party/FreeRTOS/Source/portable/GCC/ARM_CM4F/port.o
 .debug_info    0x0000000000013c79      0x4d5 ./Middlewares/Third_Party/FreeRTOS/Source/portable/MemMang/heap_4.o

.debug_abbrev   0x0000000000000000     0x38cc
 .debug_abbrev  0x0000000000000000      0x151 ./Core/Src/freertos.o
 .debug_abbrev  0x0000000000000151      0x152 ./Core/Src/gpio.o
 .debug_abbrev  0x00000000000002a3      0x2d7 ./Core/Src/init_Eth.o
 .debug_abbrev  0x000000000000057a      0x200 ./Core/Src/main.o
 .debug_abbrev  0x000000000000077a      0x1c1 ./Core/Src/socket.o
 .debug_abbrev  0x000000000000093b      0x212 ./Core/Src/spi.o
 .debug_abbrev  0x0000000000000b4d      0x119 ./Core/Src/stm32f4xx_hal_msp.o
 .debug_abbrev  0x0000000000000c66      0x194 ./Core/Src/stm32f4xx_it.o
 .debug_abbrev  0x0000000000000dfa      0x11a ./Core/Src/system_stm32f4xx.o
 .debug_abbrev  0x0000000000000f14      0x21f ./Core/Src/w5500.o
 .debug_abbrev  0x0000000000001133      0x321 ./Core/Src/wizchip_conf.o
 .debug_abbrev  0x0000000000001454       0x12 ./Core/Startup/startup_stm32f429zitx.o
 .debug_abbrev  0x0000000000001466      0x213 ./Drivers/STM32F4xx_HAL_Driver/Src/stm32f4xx_hal.o
 .debug_abbrev  0x0000000000001679      0x327 ./Drivers/STM32F4xx_HAL_Driver/Src/stm32f4xx_hal_cortex.o
 .debug_abbrev  0x00000000000019a0      0x264 ./Drivers/STM32F4xx_HAL_Driver/Src/stm32f4xx_hal_dma.o
 .debug_abbrev  0x0000000000001c04      0x1d4 ./Drivers/STM32F4xx_HAL_Driver/Src/stm32f4xx_hal_gpio.o
 .debug_abbrev  0x0000000000001dd8      0x2b6 ./Drivers/STM32F4xx_HAL_Driver/Src/stm32f4xx_hal_rcc.o
 .debug_abbrev  0x000000000000208e      0x284 ./Drivers/STM32F4xx_HAL_Driver/Src/stm32f4xx_hal_spi.o
 .debug_abbrev  0x0000000000002312      0x530 ./Middlewares/Third_Party/FreeRTOS/Source/CMSIS_RTOS_V2/cmsis_os2.o
 .debug_abbrev  0x0000000000002842       0xf5 ./Middlewares/Third_Party/FreeRTOS/Source/list.o
 .debug_abbrev  0x0000000000002937      0x3b6 ./Middlewares/Third_Party/FreeRTOS/Source/queue.o
 .debug_abbrev  0x0000000000002ced      0x3fe ./Middlewares/Third_Party/FreeRTOS/Source/tasks.o
 .debug_abbrev  0x00000000000030eb      0x368 ./Middlewares/Third_Party/FreeRTOS/Source/timers.o
 .debug_abbrev  0x0000000000003453      0x25c ./Middlewares/Third_Party/FreeRTOS/Source/portable/GCC/ARM_CM4F/port.o
 .debug_abbrev  0x00000000000036af      0x21d ./Middlewares/Third_Party/FreeRTOS/Source/portable/MemMang/heap_4.o

.debug_aranges  0x0000000000000000     0x1150
 .debug_aranges
                0x0000000000000000       0x28 ./Core/Src/freertos.o
 .debug_aranges
                0x0000000000000028       0x20 ./Core/Src/gpio.o
 .debug_aranges
                0x0000000000000048       0x68 ./Core/Src/init_Eth.o
 .debug_aranges
                0x00000000000000b0       0x30 ./Core/Src/main.o
 .debug_aranges
                0x00000000000000e0       0x78 ./Core/Src/socket.o
 .debug_aranges
                0x0000000000000158       0x30 ./Core/Src/spi.o
 .debug_aranges
                0x0000000000000188       0x20 ./Core/Src/stm32f4xx_hal_msp.o
 .debug_aranges
                0x00000000000001a8       0x58 ./Core/Src/stm32f4xx_it.o
 .debug_aranges
                0x0000000000000200       0x28 ./Core/Src/system_stm32f4xx.o
 .debug_aranges
                0x0000000000000228       0x60 ./Core/Src/w5500.o
 .debug_aranges
                0x0000000000000288      0x138 ./Core/Src/wizchip_conf.o
 .debug_aranges
                0x00000000000003c0       0x28 ./Core/Startup/startup_stm32f429zitx.o
 .debug_aranges
                0x00000000000003e8      0x100 ./Drivers/STM32F4xx_HAL_Driver/Src/stm32f4xx_hal.o
 .debug_aranges
                0x00000000000004e8      0x118 ./Drivers/STM32F4xx_HAL_Driver/Src/stm32f4xx_hal_cortex.o
 .debug_aranges
                0x0000000000000600       0x90 ./Drivers/STM32F4xx_HAL_Driver/Src/stm32f4xx_hal_dma.o
 .debug_aranges
                0x0000000000000690       0x58 ./Drivers/STM32F4xx_HAL_Driver/Src/stm32f4xx_hal_gpio.o
 .debug_aranges
                0x00000000000006e8       0x88 ./Drivers/STM32F4xx_HAL_Driver/Src/stm32f4xx_hal_rcc.o
 .debug_aranges
                0x0000000000000770      0x1d0 ./Drivers/STM32F4xx_HAL_Driver/Src/stm32f4xx_hal_spi.o
 .debug_aranges
                0x0000000000000940      0x2a8 ./Middlewares/Third_Party/FreeRTOS/Source/CMSIS_RTOS_V2/cmsis_os2.o
 .debug_aranges
                0x0000000000000be8       0x40 ./Middlewares/Third_Party/FreeRTOS/Source/list.o
 .debug_aranges
                0x0000000000000c28      0x158 ./Middlewares/Third_Party/FreeRTOS/Source/queue.o
 .debug_aranges
                0x0000000000000d80      0x208 ./Middlewares/Third_Party/FreeRTOS/Source/tasks.o
 .debug_aranges
                0x0000000000000f88       0xf0 ./Middlewares/Third_Party/FreeRTOS/Source/timers.o
 .debug_aranges
                0x0000000000001078       0x80 ./Middlewares/Third_Party/FreeRTOS/Source/portable/GCC/ARM_CM4F/port.o
 .debug_aranges
                0x00000000000010f8       0x58 ./Middlewares/Third_Party/FreeRTOS/Source/portable/MemMang/heap_4.o

.debug_rnglists
                0x0000000000000000      0xd2f
 .debug_rnglists
                0x0000000000000000       0x19 ./Core/Src/freertos.o
 .debug_rnglists
                0x0000000000000019       0x14 ./Core/Src/gpio.o
 .debug_rnglists
                0x000000000000002d       0x56 ./Core/Src/init_Eth.o
 .debug_rnglists
                0x0000000000000083       0x20 ./Core/Src/main.o
 .debug_rnglists
                0x00000000000000a3       0x6d ./Core/Src/socket.o
 .debug_rnglists
                0x0000000000000110       0x20 ./Core/Src/spi.o
 .debug_rnglists
                0x0000000000000130       0x13 ./Core/Src/stm32f4xx_hal_msp.o
 .debug_rnglists
                0x0000000000000143       0x3d ./Core/Src/stm32f4xx_it.o
 .debug_rnglists
                0x0000000000000180       0x1a ./Core/Src/system_stm32f4xx.o
 .debug_rnglists
                0x000000000000019a       0x4c ./Core/Src/w5500.o
 .debug_rnglists
                0x00000000000001e6       0xed ./Core/Src/wizchip_conf.o
 .debug_rnglists
                0x00000000000002d3       0x19 ./Core/Startup/startup_stm32f429zitx.o
 .debug_rnglists
                0x00000000000002ec       0xbb ./Drivers/STM32F4xx_HAL_Driver/Src/stm32f4xx_hal.o
 .debug_rnglists
                0x00000000000003a7       0xce ./Drivers/STM32F4xx_HAL_Driver/Src/stm32f4xx_hal_cortex.o
 .debug_rnglists
                0x0000000000000475       0x70 ./Drivers/STM32F4xx_HAL_Driver/Src/stm32f4xx_hal_dma.o
 .debug_rnglists
                0x00000000000004e5       0x3f ./Drivers/STM32F4xx_HAL_Driver/Src/stm32f4xx_hal_gpio.o
 .debug_rnglists
                0x0000000000000524       0x66 ./Drivers/STM32F4xx_HAL_Driver/Src/stm32f4xx_hal_rcc.o
 .debug_rnglists
                0x000000000000058a      0x16f ./Drivers/STM32F4xx_HAL_Driver/Src/stm32f4xx_hal_spi.o
 .debug_rnglists
                0x00000000000006f9      0x20c ./Middlewares/Third_Party/FreeRTOS/Source/CMSIS_RTOS_V2/cmsis_os2.o
 .debug_rnglists
                0x0000000000000905       0x2b ./Middlewares/Third_Party/FreeRTOS/Source/list.o
 .debug_rnglists
                0x0000000000000930      0x109 ./Middlewares/Third_Party/FreeRTOS/Source/queue.o
 .debug_rnglists
                0x0000000000000a39      0x1a0 ./Middlewares/Third_Party/FreeRTOS/Source/tasks.o
 .debug_rnglists
                0x0000000000000bd9       0xb7 ./Middlewares/Third_Party/FreeRTOS/Source/timers.o
 .debug_rnglists
                0x0000000000000c90       0x5d ./Middlewares/Third_Party/FreeRTOS/Source/portable/GCC/ARM_CM4F/port.o
 .debug_rnglists
                0x0000000000000ced       0x42 ./Middlewares/Third_Party/FreeRTOS/Source/portable/MemMang/heap_4.o

.debug_macro    0x0000000000000000    0x23f54
 .debug_macro   0x0000000000000000      0x3b4 ./Core/Src/freertos.o
 .debug_macro   0x00000000000003b4      0x170 ./Core/Src/freertos.o
 .debug_macro   0x0000000000000524      0x15a ./Core/Src/freertos.o
 .debug_macro   0x000000000000067e       0xc9 ./Core/Src/freertos.o
 .debug_macro   0x0000000000000747       0x1c ./Core/Src/freertos.o
 .debug_macro   0x0000000000000763       0x26 ./Core/Src/freertos.o
 .debug_macro   0x0000000000000789       0x61 ./Core/Src/freertos.o
 .debug_macro   0x00000000000007ea       0x10 ./Core/Src/freertos.o
 .debug_macro   0x00000000000007fa      0x4bf ./Core/Src/freertos.o
 .debug_macro   0x0000000000000cb9       0xb5 ./Core/Src/freertos.o
 .debug_macro   0x0000000000000d6e       0xaa ./Core/Src/freertos.o
 .debug_macro   0x0000000000000e18      0x295 ./Core/Src/freertos.o
 .debug_macro   0x00000000000010ad       0x2e ./Core/Src/freertos.o
 .debug_macro   0x00000000000010db       0x28 ./Core/Src/freertos.o
 .debug_macro   0x0000000000001103       0x1c ./Core/Src/freertos.o
 .debug_macro   0x000000000000111f       0x22 ./Core/Src/freertos.o
 .debug_macro   0x0000000000001141       0xd9 ./Core/Src/freertos.o
 .debug_macro   0x000000000000121a     0x102d ./Core/Src/freertos.o
 .debug_macro   0x0000000000002247      0x11f ./Core/Src/freertos.o
 .debug_macro   0x0000000000002366    0x17fc0 ./Core/Src/freertos.o
 .debug_macro   0x000000000001a326       0x6d ./Core/Src/freertos.o
 .debug_macro   0x000000000001a393     0x36f5 ./Core/Src/freertos.o
 .debug_macro   0x000000000001da88       0x5c ./Core/Src/freertos.o
 .debug_macro   0x000000000001dae4      0xca5 ./Core/Src/freertos.o
 .debug_macro   0x000000000001e789      0x9fe ./Core/Src/freertos.o
 .debug_macro   0x000000000001f187      0x115 ./Core/Src/freertos.o
 .debug_macro   0x000000000001f29c      0x156 ./Core/Src/freertos.o
 .debug_macro   0x000000000001f3f2       0xa5 ./Core/Src/freertos.o
 .debug_macro   0x000000000001f497      0x182 ./Core/Src/freertos.o
 .debug_macro   0x000000000001f619      0x287 ./Core/Src/freertos.o
 .debug_macro   0x000000000001f8a0       0x5f ./Core/Src/freertos.o
 .debug_macro   0x000000000001f8ff      0x236 ./Core/Src/freertos.o
 .debug_macro   0x000000000001fb35      0x132 ./Core/Src/freertos.o
 .debug_macro   0x000000000001fc67      0x41d ./Core/Src/freertos.o
 .debug_macro   0x0000000000020084       0x2e ./Core/Src/freertos.o
 .debug_macro   0x00000000000200b2      0x11a ./Core/Src/freertos.o
 .debug_macro   0x00000000000201cc       0xe2 ./Core/Src/freertos.o
 .debug_macro   0x00000000000202ae       0x89 ./Core/Src/freertos.o
 .debug_macro   0x0000000000020337      0x225 ./Core/Src/freertos.o
 .debug_macro   0x000000000002055c      0x134 ./Core/Src/freertos.o
 .debug_macro   0x0000000000020690       0x40 ./Core/Src/freertos.o
 .debug_macro   0x00000000000206d0       0x6c ./Core/Src/freertos.o
 .debug_macro   0x000000000002073c       0x74 ./Core/Src/freertos.o
 .debug_macro   0x00000000000207b0       0xdd ./Core/Src/freertos.o
 .debug_macro   0x000000000002088d       0x6c ./Core/Src/freertos.o
 .debug_macro   0x00000000000208f9       0x1c ./Core/Src/freertos.o
 .debug_macro   0x0000000000020915       0x10 ./Core/Src/freertos.o
 .debug_macro   0x0000000000020925       0x1c ./Core/Src/freertos.o
 .debug_macro   0x0000000000020941       0x16 ./Core/Src/freertos.o
 .debug_macro   0x0000000000020957      0x147 ./Core/Src/freertos.o
 .debug_macro   0x0000000000020a9e       0x16 ./Core/Src/freertos.o
 .debug_macro   0x0000000000020ab4      0x1d3 ./Core/Src/gpio.o
 .debug_macro   0x0000000000020c87      0x2f1 ./Core/Src/init_Eth.o
 .debug_macro   0x0000000000020f78       0x58 ./Core/Src/init_Eth.o
 .debug_macro   0x0000000000020fd0       0x22 ./Core/Src/init_Eth.o
 .debug_macro   0x0000000000020ff2      0x11f ./Core/Src/init_Eth.o
 .debug_macro   0x0000000000021111      0x30e ./Core/Src/main.o
 .debug_macro   0x000000000002141f      0x170 ./Core/Src/main.o
 .debug_macro   0x000000000002158f       0x66 ./Core/Src/main.o
 .debug_macro   0x00000000000215f5       0xb8 ./Core/Src/socket.o
 .debug_macro   0x00000000000216ad      0x1d3 ./Core/Src/spi.o
 .debug_macro   0x0000000000021880      0x1c9 ./Core/Src/stm32f4xx_hal_msp.o
 .debug_macro   0x0000000000021a49      0x2d8 ./Core/Src/stm32f4xx_it.o
 .debug_macro   0x0000000000021d21      0x1ba ./Core/Src/system_stm32f4xx.o
 .debug_macro   0x0000000000021edb       0x9d ./Core/Src/w5500.o
 .debug_macro   0x0000000000021f78       0x94 ./Core/Src/wizchip_conf.o
 .debug_macro   0x000000000002200c      0x21a ./Drivers/STM32F4xx_HAL_Driver/Src/stm32f4xx_hal.o
 .debug_macro   0x0000000000022226      0x1ba ./Drivers/STM32F4xx_HAL_Driver/Src/stm32f4xx_hal_cortex.o
 .debug_macro   0x00000000000223e0      0x1c0 ./Drivers/STM32F4xx_HAL_Driver/Src/stm32f4xx_hal_dma.o
 .debug_macro   0x00000000000225a0      0x1c0 ./Drivers/STM32F4xx_HAL_Driver/Src/stm32f4xx_hal_gpio.o
 .debug_macro   0x0000000000022760      0x1de ./Drivers/STM32F4xx_HAL_Driver/Src/stm32f4xx_hal_rcc.o
 .debug_macro   0x000000000002293e      0x1c9 ./Drivers/STM32F4xx_HAL_Driver/Src/stm32f4xx_hal_spi.o
 .debug_macro   0x0000000000022b07      0x3c3 ./Middlewares/Third_Party/FreeRTOS/Source/CMSIS_RTOS_V2/cmsis_os2.o
 .debug_macro   0x0000000000022eca       0x10 ./Middlewares/Third_Party/FreeRTOS/Source/CMSIS_RTOS_V2/cmsis_os2.o
 .debug_macro   0x0000000000022eda       0xd3 ./Middlewares/Third_Party/FreeRTOS/Source/CMSIS_RTOS_V2/cmsis_os2.o
 .debug_macro   0x0000000000022fad       0x16 ./Middlewares/Third_Party/FreeRTOS/Source/CMSIS_RTOS_V2/cmsis_os2.o
 .debug_macro   0x0000000000022fc3       0x91 ./Middlewares/Third_Party/FreeRTOS/Source/CMSIS_RTOS_V2/cmsis_os2.o
 .debug_macro   0x0000000000023054       0x8d ./Middlewares/Third_Party/FreeRTOS/Source/CMSIS_RTOS_V2/cmsis_os2.o
 .debug_macro   0x00000000000230e1       0x9a ./Middlewares/Third_Party/FreeRTOS/Source/CMSIS_RTOS_V2/cmsis_os2.o
 .debug_macro   0x000000000002317b       0x22 ./Middlewares/Third_Party/FreeRTOS/Source/CMSIS_RTOS_V2/cmsis_os2.o
 .debug_macro   0x000000000002319d       0x56 ./Middlewares/Third_Party/FreeRTOS/Source/CMSIS_RTOS_V2/cmsis_os2.o
 .debug_macro   0x00000000000231f3      0x199 ./Middlewares/Third_Party/FreeRTOS/Source/list.o
 .debug_macro   0x000000000002338c      0x228 ./Middlewares/Third_Party/FreeRTOS/Source/queue.o
 .debug_macro   0x00000000000235b4       0x87 ./Middlewares/Third_Party/FreeRTOS/Source/queue.o
 .debug_macro   0x000000000002363b      0x291 ./Middlewares/Third_Party/FreeRTOS/Source/tasks.o
 .debug_macro   0x00000000000238cc       0x10 ./Middlewares/Third_Party/FreeRTOS/Source/tasks.o
 .debug_macro   0x00000000000238dc      0x1ee ./Middlewares/Third_Party/FreeRTOS/Source/timers.o
 .debug_macro   0x0000000000023aca       0x97 ./Middlewares/Third_Party/FreeRTOS/Source/timers.o