../Core/Src/init_Eth.c:26:6:W5500_Select	8	static
../Core/Src/init_Eth.c:30:6:W5500_Unselect	8	static
../Core/Src/init_Eth.c:34:6:W5500_ReadBuff	16	static
../Core/Src/init_Eth.c:38:6:W5500_WriteBuff	16	static
../Core/Src/init_Eth.c:42:9:W5500_ReadByte	16	static
../Core/Src/init_Eth.c:48:6:W5500_WriteByte	16	static
../Core/Src/init_Eth.c:54:6:Callback_IPAssigned	4	static
../Core/Src/init_Eth.c:58:6:Callback_IPConflict	4	static
../Core/Src/init_Eth.c:66:6:initEth	128	static
../Core/Src/init_Eth.c:168:6:loop	8	static
