../Core/Src/init_Eth.c:22:6:W5500_Select	8	static
../Core/Src/init_Eth.c:26:6:W5500_Unselect	8	static
../Core/Src/init_Eth.c:30:6:W5500_ReadBuff	16	static
../Core/Src/init_Eth.c:34:6:W5500_WriteBuff	16	static
../Core/Src/init_Eth.c:38:9:W5500_ReadByte	16	static
../Core/Src/init_Eth.c:44:6:W5500_WriteByte	16	static
../Core/Src/init_Eth.c:65:6:IP_set	16	static
../Core/Src/init_Eth.c:83:6:socket_init	8	static
../Core/Src/init_Eth.c:92:6:echo_server	24	static
../Core/Src/init_Eth.c:134:1:recive_from_mysocket	64	static
